Link map of __start
  1] __start (notype,global) found in crt0_s.obj 
   2] _@DummyFn1 (func,local) found in crt0_s.obj 
    3] __SP_INIT found as linker generated symbol
    3] _SDA_BASE_ found as linker generated symbol
    3] _SDA2_BASE_ found as linker generated symbol
    3] romcopy (func,global) found in romcopy_c.obj 
     4] __DATA_RAM found as linker generated symbol
     4] __DATA_ROM found as linker generated symbol
     4] __DATA_END found as linker generated symbol
     4] __BSS_START found as linker generated symbol
     4] __BSS_END found as linker generated symbol
     4] main (func,global) found in main_c.obj 
      5] init_peripherals (func,global) found in main_c.obj 
       6] sys_init_fnc (func,global) found in sys_init_c.obj 
        7] intc_init_fnc (func,global) found in intc_init_c.obj 
         8] IntcIsrVectorTable (object,global) found in intc_sw_vecttable_c.obj 
          9] interrupt_handler (func,global) found in intc_sw_vecttable_c.obj 
          9] ENC2_EIRQ0_7_ISR (func,global) found in encoder_c.obj 
           10] enc_val2 (object,global) found in encoder_c.obj 
           10] GPIO_Get (func,global) found in gpio_c.obj 
          9] EIRQ8_15_ISR (func,global) found in isr_init_c.obj 
          9] ENC1_EIRQ16_23_ISR (func,global) found in encoder_c.obj 
           10] enc_val1 (object,global) found in encoder_c.obj 
          9] TIMER_PIT0_ISR (func,global) found in timer_c.obj 
           10] timer_msec (object,global) found in timer_c.obj 
          9] LCD_PIT1_ISR (func,global) found in lcd_c.obj 
           10] LCD_timer_ms (object,global) found in lcd_c.obj 
          9] PIT2_ISR (func,global) found in isr_init_c.obj 
          9] ADC0_EOC_ISR (func,global) found in isr_init_c.obj 
          9] SDBG_RX0_ISR (func,global) found in isr_init_c.obj 
          9] SDBG_TX0_ISR (func,global) found in isr_init_c.obj 
          9] MUART_RX1_ISR (func,global) found in isr_init_c.obj 
          9] MUART_TX1_ISR (func,global) found in isr_init_c.obj 
          9] US_PIT3_ISR (func,global) found in ultra_sonic_c.obj 
           10] GPIO_Set (func,global) found in gpio_c.obj 
          9] CAM_PIT4_ISR (func,global) found in camera_c.obj 
           10] CAM_MICRO_SEC (object,global) found in camera_c.obj 
           10] CAM_RUN_MODE (object,global) found in camera_c.obj 
           10] CAM_RUN (func,global) found in camera_c.obj 
            11] CAM_SI_FLAG (object,global) found in camera_c.obj 
            11] t0_CAM_SI (object,global) found in camera_c.obj 
            11] DELAY_SI (object,global) found in camera_c.obj 
            11] CAM_Clock (func,global) found in camera_c.obj 
             12] CAM_CLK_COUNTER (object,global) found in camera_c.obj 
             12] CAM_CLK_FLAG (object,global) found in camera_c.obj 
             12] CAM_RAN_FLAG (object,global) found in camera_c.obj 
             12] t0_CAM_CLK (object,global) found in camera_c.obj 
             12] DELAY_CLK (object,global) found in camera_c.obj 
             12] ADC_Get (func,global) found in adc_drv_c.obj 
              13] A2D_GetSingleCh_10bit (func,global) found in adc_drv_c.obj 
             12] CAM_TEMP1 (object,global) found in camera_c.obj 
             12] CAM_TEMP2 (object,global) found in camera_c.obj 
             12] t0_CAM_CLK_DOWN (object,global) found in camera_c.obj 
             12] t0_CAM_WAIT (object,global) found in camera_c.obj 
             12] CAM_UPDATE_DATA (func,global) found in camera_c.obj 
              13] CAM_READ1 (object,global) found in camera_c.obj 
              13] CAM_READ2 (object,global) found in camera_c.obj 
            11] DELAY_WAIT (object,global) found in camera_c.obj 
            11] CAM_RESET_TIMER (func,global) found in camera_c.obj 
          9] ENC_SPEED_PIT5_ISR (func,global) found in encoder_c.obj 
           10] enc_rate1 (object,global) found in encoder_c.obj 
           10] enc_rate2 (object,global) found in encoder_c.obj 
          9] US_EMIOS1_F10_11_ISR (func,global) found in ultra_sonic_c.obj 
           10] us_t1 (object,global) found in ultra_sonic_c.obj 
           10] us_t2 (object,global) found in ultra_sonic_c.obj 
           10] us_tmeans (object,global) found in ultra_sonic_c.obj 
         8] en_int_fnc (func,global) found in intc_init_c.obj 
        7] IVPRInitialize (notype,global) found in rappid_func_s.obj 
         8] _@DummyFn1 (func,local) found in rappid_func_s.obj 
          9] IVORxHandlers (notype,global) found in excep_handler_s.obj 
           10] _@DummyFn1 (func,local) found in excep_handler_s.obj 
            11] .text_vle (section,local) found in excep_handler_s.obj 
             12] IVOR0Handler (notype,global) found in excep_handler_s.obj 
             12] IVOR1Handler (notype,global) found in excep_handler_s.obj 
             12] IVOR2Handler (notype,global) found in excep_handler_s.obj 
             12] IVOR3Handler (notype,global) found in excep_handler_s.obj 
             12] IVOR5Handler (notype,global) found in excep_handler_s.obj 
             12] IVOR6Handler (notype,global) found in excep_handler_s.obj 
             12] IVOR8Handler (notype,global) found in excep_handler_s.obj 
             12] IVOR15Handler (notype,global) found in excep_handler_s.obj 
             12] default_except_handler (notype,global) found in excep_handler_s.obj 
             12] .text_vle (section,local) found in excep_handler_s.obj 
            11] IVOR4Handler (notype,global) found in sw_handlers_s.obj 
             12] _@DummyFn1 (func,local) found in sw_handlers_s.obj 
             12] .text_vle (section,local) found in sw_handlers_s.obj 
           10] .exec_vect_Vle (section,local) found in excep_handler_s.obj 
         8] .text_vle (section,local) found in rappid_func_s.obj 
        7] rgm_init_fnc (func,global) found in rgm_init_c.obj 
        7] swt_init_fnc (func,global) found in swt_init_c.obj 
        7] msr_init_fnc (func,global) found in msr_init_c.obj 
        7] sysclk_module_init_fnc (func,global) found in sysclk_init_c.obj 
         8] mode_entry_init_fnc (func,global) found in sysclk_init_c.obj 
         8] sysclk_init_fnc (func,global) found in sysclk_init_c.obj 
         8] cmu_init_fnc (func,global) found in sysclk_init_c.obj 
        7] rtc_init_fnc (func,global) found in rtc_init_c.obj 
        7] stm_init_fnc (func,global) found in stm_init_c.obj 
        7] pit_init_fnc (func,global) found in pit_init_c.obj 
        7] flash_init_fnc (func,global) found in flash_init_c.obj 
        7] mpu_init_fnc (func,global) found in mpu_init_c.obj 
        7] edma_init_fnc (func,global) found in edma_init_c.obj 
        7] flexcan_init_fnc (func,global) found in flexcan_init_c.obj 
         8] flexcan_0_init_fnc (func,global) found in flexcan_init_c.obj 
         8] flexcan_1_init_fnc (func,global) found in flexcan_init_c.obj 
         8] flexcan_2_init_fnc (func,global) found in flexcan_init_c.obj 
         8] flexcan_3_init_fnc (func,global) found in flexcan_init_c.obj 
         8] flexcan_4_init_fnc (func,global) found in flexcan_init_c.obj 
         8] flexcan_5_init_fnc (func,global) found in flexcan_init_c.obj 
        7] cansp_init_fnc (func,global) found in cansp_init_c.obj 
        7] adc_init_fnc (func,global) found in adc_init_c.obj 
         8] adc_0_init_fnc (func,global) found in adc_init_c.obj 
          9] adc_0_channel_setup_fnc (func,global) found in adc_init_c.obj 
          9] adc_0_trigger_setup_fnc (func,global) found in adc_init_c.obj 
         8] adc_1_init_fnc (func,global) found in adc_init_c.obj 
          9] adc_1_channel_setup_fnc (func,global) found in adc_init_c.obj 
          9] adc_1_trigger_setup_fnc (func,global) found in adc_init_c.obj 
         8] adc_ctuevent_init_fnc (func,global) found in adc_init_c.obj 
        7] emios_init_fnc (func,global) found in emios_init_c.obj 
         8] emios_0_init_fnc (func,global) found in emios_init_c.obj 
         8] emios_1_init_fnc (func,global) found in emios_init_c.obj 
        7] dspi_init_fnc (func,global) found in dspi_init_c.obj 
         8] dspi0_init_fnc (func,global) found in dspi_init_c.obj 
         8] dspi1_init_fnc (func,global) found in dspi_init_c.obj 
         8] dspi2_init_fnc (func,global) found in dspi_init_c.obj 
         8] dspi3_init_fnc (func,global) found in dspi_init_c.obj 
         8] dspi4_init_fnc (func,global) found in dspi_init_c.obj 
        7] i2c_0_init_fnc (func,global) found in i2c_init_c.obj 
        7] linflex_init_fnc (func,global) found in linflex_init_c.obj 
         8] linflex0_init_fnc (func,global) found in linflex_init_c.obj 
         8] linflex1_init_fnc (func,global) found in linflex_init_c.obj 
         8] linflex2_init_fnc (func,global) found in linflex_init_c.obj 
         8] linflex3_init_fnc (func,global) found in linflex_init_c.obj 
         8] linflex4_init_fnc (func,global) found in linflex_init_c.obj 
         8] linflex5_init_fnc (func,global) found in linflex_init_c.obj 
        7] mode_entry_post_config_fnc (func,global) found in sysclk_init_c.obj 
        7] siu_init_fnc (func,global) found in siu_init_c.obj 
         8] siu_portA_init_fnc (func,global) found in siu_init_c.obj 
         8] siu_portB_init_fnc (func,global) found in siu_init_c.obj 
         8] siu_portC_init_fnc (func,global) found in siu_init_c.obj 
         8] siu_portD_init_fnc (func,global) found in siu_init_c.obj 
         8] siu_portE_init_fnc (func,global) found in siu_init_c.obj 
         8] siu_portF_init_fnc (func,global) found in siu_init_c.obj 
         8] siu_portG_init_fnc (func,global) found in siu_init_c.obj 
         8] siu_portH_init_fnc (func,global) found in siu_init_c.obj 
         8] siu_general_init_fnc (func,global) found in siu_init_c.obj 
         8] siu_parallel_port_init_fnc (func,global) found in siu_init_c.obj 
         8] siu_unused_pins_init_fnc (func,global) found in siu_init_c.obj 
         8] siu_psmi_init_fnc (func,global) found in siu_init_c.obj 
       6] Led_Set_All (func,global) found in onBoardLedSwitch_c.obj 
       6] TIMER_Init (func,global) found in timer_c.obj 
       6] UartBufInit (func,global) found in UART_drv_c.obj 
        7] UARTBuf (object,global) found in UART_drv_c.obj 
       6] LCD_initialize (func,global) found in lcd_c.obj 
        7] LCD_PtS (func,global) found in lcd_c.obj 
         8] delay_t (object,global) found in lcd_c.obj 
         8] LCD_delay_us (func,global) found in lcd_c.obj 
        7] LCD_com (func,global) found in lcd_c.obj 
         8] LCD_ENA_HL (func,global) found in lcd_c.obj 
        7] LCD_OFF (func,global) found in lcd_c.obj 
        7] LCD_Clear (func,global) found in lcd_c.obj 
        7] LCD_ON (func,global) found in lcd_c.obj 
       6] US_Init (func,global) found in ultra_sonic_c.obj 
        7] us_val (object,global) found in ultra_sonic_c.obj 
       6] CAM_Init (func,global) found in camera_c.obj 
        7] TIME_CONST (object,global) found in camera_c.obj 
        7] CAM_TIME_TOT (object,global) found in camera_c.obj 
       6] MOTOR_Init (func,global) found in motor_c.obj 
      5] EnableExternalInterrupts (func,global) found in rappid_utils_c.obj 
      5] @106 (object,local) found in main_c.obj 
      5] UART_println (func,global) found in UART_drv_c.obj 
       6] UartTxMsg (func,global) found in UART_drv_c.obj 
       6] @150 (object,local) found in UART_drv_c.obj 
      5] DoMainLoop (func,global) found in main_c.obj 
       6] run_mode (object,global) found in main_c.obj 
       6] flag (object,global) found in main_c.obj 
       6] USval (object,global) found in main_c.obj 
       6] Button_Select_RunMode (func,global) found in main_c.obj 
        7] BUTTON_Read (func,global) found in onBoardLedSwitch_c.obj 
       6] time_gap (object,global) found in main_c.obj 
       6] TIMER_GetRuntime (func,global) found in timer_c.obj 
       6] t_current (object,global) found in main_c.obj 
       6] t_old (object,global) found in main_c.obj 
       6] cnt (object,global) found in main_c.obj 
       6] @73 (object,local) found in main_c.obj 
       6] UART_print (func,global) found in UART_drv_c.obj 
       6] string_temp (object,global) found in main_c.obj 
       6] itoa (func,global) found in UART_drv_c.obj 
        7] @110 (object,local) found in UART_drv_c.obj 
       6] @74 (object,local) found in main_c.obj 
       6] Led_Set (func,global) found in onBoardLedSwitch_c.obj 
       6] strA (object,global) found in main_c.obj 
       6] LCD_string (func,global) found in lcd_c.obj 
        7] LCD_XY (func,global) found in lcd_c.obj 
        7] LCD_data (func,global) found in lcd_c.obj 
       6] LCD_BUFF1 (object,global) found in main_c.obj 
       6] @75 (object,local) found in main_c.obj 
       6] @76 (object,local) found in main_c.obj 
       6] LCD_BUFF2 (object,global) found in main_c.obj 
       6] @77 (object,local) found in main_c.obj 
       6] laneProcess (func,global) found in camera_c.obj 
        7] cam1LaneNum (object,global) found in camera_c.obj 
        7] cam2LaneNum (object,global) found in camera_c.obj 
        7] crossSectionFlag (object,global) found in camera_c.obj 
        7] schoolZoneFlag (object,global) found in camera_c.obj 
        7] minPhoto (object,global) found in camera_c.obj 
        7] maxPhoto (object,global) found in camera_c.obj 
        7] CAM_DATA1 (func,global) found in camera_c.obj 
        7] @249 (object,local) found in camera_c.obj 
        7] string_temp2 (object,global) found in camera_c.obj 
        7] @250 (object,local) found in camera_c.obj 
        7] cam1LanePosition (object,global) found in camera_c.obj 
        7] CAM_DATA2 (func,global) found in camera_c.obj 
        7] @251 (object,local) found in camera_c.obj 
        7] @252 (object,local) found in camera_c.obj 
        7] cam2LanePosition (object,global) found in camera_c.obj 
        7] laneStatusUpdate (func,global) found in camera_c.obj 
       6] @78 (object,local) found in main_c.obj 
       6] cam1LanePositionReturn (func,global) found in camera_c.obj 
       6] @79 (object,local) found in main_c.obj 
       6] cam2LanePositionReturn (func,global) found in camera_c.obj 
       6] @80 (object,local) found in main_c.obj 
       6] @81 (object,local) found in main_c.obj 
       6] @82 (object,local) found in main_c.obj 
       6] LCD_BUFF3 (object,global) found in main_c.obj 
       6] US_Get (func,global) found in ultra_sonic_c.obj 
        7] us_val_old (object,global) found in ultra_sonic_c.obj 
       6] Speed_Proposal (object,global) found in main_c.obj 
       6] flag_US (object,global) found in main_c.obj 
       6] AEB (func,global) found in main_c.obj 
        7] @127 (object,local) found in main_c.obj 
        7] flag_IR (object,global) found in main_c.obj 
        7] IRval (object,global) found in main_c.obj 
        7] MOTOR_DC_R (func,global) found in motor_c.obj 
        7] MOTOR_DC_L (func,global) found in motor_c.obj 
        7] TIMER_DelayMs (func,global) found in timer_c.obj 
        7] MOTOR_BrakeEngine (func,global) found in motor_c.obj 
        7] flag_Wall (object,global) found in main_c.obj 
        7] flag_Slope (object,global) found in main_c.obj 
       6] @83 (object,local) found in main_c.obj 
       6] @84 (object,local) found in main_c.obj 
       6] @85 (object,local) found in main_c.obj 
       6] @86 (object,local) found in main_c.obj 
       6] @87 (object,local) found in main_c.obj 
       6] @88 (object,local) found in main_c.obj 
       6] @89 (object,local) found in main_c.obj 
       6] ENC_Rate1_Return (func,global) found in encoder_c.obj 
       6] @90 (object,local) found in main_c.obj 
       6] ENC_Rate2_Return (func,global) found in encoder_c.obj 
       6] @91 (object,local) found in main_c.obj 
       6] MOTOR_Current_Speed_R (func,global) found in motor_c.obj 
        7] current_speed_r (object,global) found in motor_c.obj 
       6] @92 (object,local) found in main_c.obj 
       6] MOTOR_Current_Speed_L (func,global) found in motor_c.obj 
        7] current_speed_l (object,global) found in motor_c.obj 
       6] @93 (object,local) found in main_c.obj 
       6] @94 (object,local) found in main_c.obj 
       6] @95 (object,local) found in main_c.obj 
       6] @96 (object,local) found in main_c.obj 
   2] .text_vle (section,local) found in crt0_s.obj 
  1] bam_rchw (object,global) found in rchw_init_c.obj 
  1] bam_resetvector (object,global) found in rchw_init_c.obj 
    3] .text (section,local) found in ultra_sonic_c.obj 
    3] .text.35 (notype,local) found in ultra_sonic_c.obj 
    3] .text (section,local) found in timer_c.obj 
    3] .text.32 (notype,local) found in timer_c.obj 
    3] .text (section,local) found in sysclk_init_c.obj 
    3] .text.65 (notype,local) found in sysclk_init_c.obj 
    3] .text (section,local) found in sys_init_c.obj 
    3] .text.51 (notype,local) found in sys_init_c.obj 
    3] .text (section,local) found in swt_init_c.obj 
    3] .text.29 (notype,local) found in swt_init_c.obj 
    3] .text (section,local) found in stm_init_c.obj 
    3] .text.9 (notype,local) found in stm_init_c.obj 
    3] .text (section,local) found in siu_init_c.obj 
    3] .text.57 (notype,local) found in siu_init_c.obj 
    3] .text (section,local) found in rtc_init_c.obj 
    3] .text.9 (notype,local) found in rtc_init_c.obj 
    3] .text (section,local) found in romcopy_c.obj 
    3] .text.34 (notype,local) found in romcopy_c.obj 
    3] .text (section,local) found in rgm_init_c.obj 
    3] .text.9 (notype,local) found in rgm_init_c.obj 
    3] .text (section,local) found in rappid_utils_c.obj 
    3] .text.29 (notype,local) found in rappid_utils_c.obj 
    3] .text (section,local) found in pit_init_c.obj 
    3] .text.9 (notype,local) found in pit_init_c.obj 
    3] .text (section,local) found in onBoardLedSwitch_c.obj 
    3] .text.30 (notype,local) found in onBoardLedSwitch_c.obj 
    3] .text (section,local) found in msr_init_c.obj 
    3] .text.8 (notype,local) found in msr_init_c.obj 
    3] .text (section,local) found in mpu_init_c.obj 
    3] .text.9 (notype,local) found in mpu_init_c.obj 
    3] .text (section,local) found in motor_c.obj 
    3] .text.57 (notype,local) found in motor_c.obj 
    3] .text (section,local) found in main_c.obj 
    3] .text.162 (notype,local) found in main_c.obj 
    3] .text (section,local) found in linflex_init_c.obj 
    3] .text.33 (notype,local) found in linflex_init_c.obj 
    3] .text (section,local) found in lcd_c.obj 
    3] .text.96 (notype,local) found in lcd_c.obj 
    3] .text (section,local) found in isr_init_c.obj 
    3] .text.50 (notype,local) found in isr_init_c.obj 
    3] .text (section,local) found in intc_sw_vecttable_c.obj 
    3] .text.51 (notype,local) found in intc_sw_vecttable_c.obj 
    3] .text (section,local) found in intc_init_c.obj 
    3] .text.19 (notype,local) found in intc_init_c.obj 
    3] .text (section,local) found in i2c_init_c.obj 
    3] .text.9 (notype,local) found in i2c_init_c.obj 
    3] .text (section,local) found in gpio_c.obj 
    3] .text.17 (notype,local) found in gpio_c.obj 
    3] .text (section,local) found in flexcan_init_c.obj 
    3] .text.196 (notype,local) found in flexcan_init_c.obj 
    3] .text (section,local) found in flash_init_c.obj 
    3] .text.14 (notype,local) found in flash_init_c.obj 
    3] .text (section,local) found in encoder_c.obj 
    3] .text.57 (notype,local) found in encoder_c.obj 
    3] .text (section,local) found in emios_init_c.obj 
    3] .text.17 (notype,local) found in emios_init_c.obj 
    3] .text (section,local) found in edma_init_c.obj 
    3] .text.9 (notype,local) found in edma_init_c.obj 
    3] .text (section,local) found in dspi_init_c.obj 
    3] .text.29 (notype,local) found in dspi_init_c.obj 
    3] .text (section,local) found in cansp_init_c.obj 
    3] .text.19 (notype,local) found in cansp_init_c.obj 
    3] .text (section,local) found in camera_c.obj 
    3] .text.311 (notype,local) found in camera_c.obj 
    3] .text (section,local) found in adc_init_c.obj 
    3] .text.37 (notype,local) found in adc_init_c.obj 
    3] .text (section,local) found in adc_drv_c.obj 
    3] .text.79 (notype,local) found in adc_drv_c.obj 
    3] .text (section,local) found in UART_drv_c.obj 
    3] .text.162 (notype,local) found in UART_drv_c.obj 


.__bam_bootarea section layout
  Starting        Virtual  File
  address  Size   address  offset
  ---------------------------------
  00000000 000008 00000000 00000240  1 .__bam_bootarea 	rchw_init_c.obj 
  00000000 000004 00000000 00000240  4 bam_rchw 	rchw_init_c.obj 
  00000004 000004 00000004 00000244  4 bam_resetvector 	rchw_init_c.obj 


.init section layout
  Starting        Virtual  File
  address  Size   address  offset
  ---------------------------------


.init_vle section layout
  Starting        Virtual  File
  address  Size   address  offset
  ---------------------------------


.exec_vect section layout
  Starting        Virtual  File
  address  Size   address  offset
  ---------------------------------


.exec_vect_Vle section layout
  Starting        Virtual  File
  address  Size   address  offset
  ---------------------------------
  00000000 0000f4 00001000 00000250  1 .exec_vect_Vle 	excep_handler_s.obj 
  00000000 0000f4 00001000 00000250  4 _@DummyFn1 	excep_handler_s.obj 
  00000000 000000 00001000 00000250    IVORxHandlers (entry of .exec_vect_Vle) 	excep_handler_s.obj 


.vects section layout
  Starting        Virtual  File
  address  Size   address  offset
  ---------------------------------
  00000000 0003a8 00002000 00000348  1 .vects 	intc_sw_vecttable_c.obj 
  00000000 0003a8 00002000 00000348  8 IntcIsrVectorTable 	intc_sw_vecttable_c.obj 


.text section layout
  Starting        Virtual  File
  address  Size   address  offset
  ---------------------------------


.text_vle section layout
  Starting        Virtual  File
  address  Size   address  offset
  ---------------------------------
  00000000 0000c0 00003000 000006f0  1 .text_vle 	sw_handlers_s.obj 
  00000000 0000c0 00003000 000006f0  4 _@DummyFn1 	sw_handlers_s.obj 
  00000000 000000 00003000 000006f0    IVOR4Handler (entry of .text_vle) 	sw_handlers_s.obj 
  000000c0 00000e 000030c0 000007b0  1 .text_vle 	rappid_func_s.obj 
  000000c0 00000e 000030c0 000007b0  4 _@DummyFn1 	rappid_func_s.obj 
  000000c0 000000 000030c0 000007b0    IVPRInitialize (entry of .text_vle) 	rappid_func_s.obj 
  000000ce 000002 000030d0 000007c0  4 *fill*
  000000d0 000050 000030d0 000007c0  1 .text_vle 	excep_handler_s.obj 
  000000d0 000000 000030d0 000007c0    IVOR0Handler (entry of .text_vle) 	excep_handler_s.obj 
  000000da 000000 000030da 000007ca    IVOR1Handler (entry of .text_vle) 	excep_handler_s.obj 
  000000e4 000000 000030e4 000007d4    IVOR2Handler (entry of .text_vle) 	excep_handler_s.obj 
  000000ee 000000 000030ee 000007de    IVOR3Handler (entry of .text_vle) 	excep_handler_s.obj 
  000000f8 000000 000030f8 000007e8    IVOR5Handler (entry of .text_vle) 	excep_handler_s.obj 
  00000102 000000 00003102 000007f2    IVOR6Handler (entry of .text_vle) 	excep_handler_s.obj 
  0000010c 000000 0000310c 000007fc    IVOR8Handler (entry of .text_vle) 	excep_handler_s.obj 
  00000116 000000 00003116 00000806    IVOR15Handler (entry of .text_vle) 	excep_handler_s.obj 
  00000120 000000 00003120 00000810    default_except_handler (entry of .text_vle) 	excep_handler_s.obj 
  00000120 000054 00003120 00000810  1 .text_vle 	crt0_s.obj 
  00000120 000054 00003120 00000810  4 _@DummyFn1 	crt0_s.obj 
  00000120 000000 00003120 00000810    __start (entry of .text_vle) 	crt0_s.obj 
  00000174 000108 00003174 00000864  1 .text 	ultra_sonic_c.obj 
  00000174 00004a 00003174 00000864  2 US_PIT3_ISR 	ultra_sonic_c.obj 
  000001be 00005c 000031be 000008ae  2 US_EMIOS1_F10_11_ISR 	ultra_sonic_c.obj 
  0000021a 00000a 0000321a 0000090a  2 US_Init 	ultra_sonic_c.obj 
  00000224 000058 00003224 00000914  2 US_Get 	ultra_sonic_c.obj 
  0000027c 000000 0000327c 0000096c  1 .text.35 	ultra_sonic_c.obj 
  0000027c 000050 0000327c 0000096c  1 .text 	timer_c.obj 
  0000027c 000018 0000327c 0000096c  2 TIMER_PIT0_ISR 	timer_c.obj 
  00000294 000008 00003294 00000984  2 TIMER_Init 	timer_c.obj 
  0000029c 00001e 0000329c 0000098c  2 TIMER_DelayMs 	timer_c.obj 
  000002ba 000012 000032ba 000009aa  2 TIMER_GetRuntime 	timer_c.obj 
  000002cc 000000 000032cc 000009bc  1 .text.32 	timer_c.obj 
  000002cc 0004e2 000032cc 000009bc  1 .text 	sysclk_init_c.obj 
  000002cc 00001c 000032cc 000009bc  2 sysclk_module_init_fnc 	sysclk_init_c.obj 
  000002e8 00025a 000032e8 000009d8  2 mode_entry_init_fnc 	sysclk_init_c.obj 
  00000542 00017c 00003542 00000c32  2 sysclk_init_fnc 	sysclk_init_c.obj 
  000006be 00002a 000036be 00000dae  2 cmu_init_fnc 	sysclk_init_c.obj 
  000006e8 0000c6 000036e8 00000dd8  2 mode_entry_post_config_fnc 	sysclk_init_c.obj 
  000007ae 000000 000037ae 00000e9e  1 .text.65 	sysclk_init_c.obj 
  000007ae 00006a 000037ae 00000e9e  1 .text 	sys_init_c.obj 
  000007ae 00006a 000037ae 00000e9e  2 sys_init_fnc 	sys_init_c.obj 
  00000818 000000 00003818 00000f08  1 .text.51 	sys_init_c.obj 
  00000818 0000c8 00003818 00000f08  1 .text 	swt_init_c.obj 
  00000818 0000c8 00003818 00000f08  2 swt_init_fnc 	swt_init_c.obj 
  UNUSED   000032 ........ ........    swt_srvc_seq_fnc swt_init_c.obj 
  000008e0 000000 000038e0 00000fd0  1 .text.29 	swt_init_c.obj 
  000008e0 0000a8 000038e0 00000fd0  1 .text 	stm_init_c.obj 
  000008e0 0000a8 000038e0 00000fd0  2 stm_init_fnc 	stm_init_c.obj 
  00000988 000000 00003988 00001078  1 .text.9 	stm_init_c.obj 
  00000988 0009dc 00003988 00001078  1 .text 	siu_init_c.obj 
  00000988 000040 00003988 00001078  2 siu_init_fnc 	siu_init_c.obj 
  000009c8 0000c0 000039c8 000010b8  2 siu_portA_init_fnc 	siu_init_c.obj 
  00000a88 00009c 00003a88 00001178  2 siu_portB_init_fnc 	siu_init_c.obj 
  00000b24 0000c0 00003b24 00001214  2 siu_portC_init_fnc 	siu_init_c.obj 
  00000be4 00009e 00003be4 000012d4  2 siu_portD_init_fnc 	siu_init_c.obj 
  00000c82 0000b2 00003c82 00001372  2 siu_portE_init_fnc 	siu_init_c.obj 
  00000d34 0000c2 00003d34 00001424  2 siu_portF_init_fnc 	siu_init_c.obj 
  00000df6 0000ba 00003df6 000014e6  2 siu_portG_init_fnc 	siu_init_c.obj 
  00000eb0 00007c 00003eb0 000015a0  2 siu_portH_init_fnc 	siu_init_c.obj 
  00000f2c 000180 00003f2c 0000161c  2 siu_general_init_fnc 	siu_init_c.obj 
  000010ac 000052 000040ac 0000179c  2 siu_parallel_port_init_fnc 	siu_init_c.obj 
  000010fe 000002 000040fe 000017ee  2 siu_unused_pins_init_fnc 	siu_init_c.obj 
  00001100 000264 00004100 000017f0  2 siu_psmi_init_fnc 	siu_init_c.obj 
  00001364 000000 00004364 00001a54  1 .text.57 	siu_init_c.obj 
  00001364 000030 00004364 00001a54  1 .text 	rtc_init_c.obj 
  00001364 000030 00004364 00001a54  2 rtc_init_fnc 	rtc_init_c.obj 
  00001394 000000 00004394 00001a84  1 .text.9 	rtc_init_c.obj 
  00001394 0000ae 00004394 00001a84  1 .text 	romcopy_c.obj 
  00001394 0000ae 00004394 00001a84  2 romcopy 	romcopy_c.obj 
  00001442 000000 00004442 00001b32  1 .text.34 	romcopy_c.obj 
  00001442 000044 00004442 00001b32  1 .text 	rgm_init_c.obj 
  00001442 000044 00004442 00001b32  2 rgm_init_fnc 	rgm_init_c.obj 
  00001486 000000 00004486 00001b76  1 .text.9 	rgm_init_c.obj 
  00001486 000006 00004486 00001b76  1 .text 	rappid_utils_c.obj 
  00001486 000006 00004486 00001b76  2 EnableExternalInterrupts 	rappid_utils_c.obj 
  UNUSED   000006 ........ ........    DisableExternalInterrupts rappid_utils_c.obj 
  UNUSED   000016 ........ ........    fs_clearmem rappid_utils_c.obj 
  0000148c 000000 0000448c 00001b7c  1 .text.29 	rappid_utils_c.obj 
  0000148c 0001ae 0000448c 00001b7c  1 .text 	pit_init_c.obj 
  0000148c 0001ae 0000448c 00001b7c  2 pit_init_fnc 	pit_init_c.obj 
  0000163a 000000 0000463a 00001d2a  1 .text.9 	pit_init_c.obj 
  0000163a 0000fa 0000463a 00001d2a  1 .text 	onBoardLedSwitch_c.obj 
  0000163a 00003a 0000463a 00001d2a  2 Led_Set 	onBoardLedSwitch_c.obj 
  00001674 000066 00004674 00001d64  2 Led_Set_All 	onBoardLedSwitch_c.obj 
  000016da 00005a 000046da 00001dca  2 BUTTON_Read 	onBoardLedSwitch_c.obj 
  UNUSED   00005a ........ ........    DIP_Read onBoardLedSwitch_c.obj 
  00001734 000000 00004734 00001e24  1 .text.30 	onBoardLedSwitch_c.obj 
  00001734 00001a 00004734 00001e24  1 .text 	msr_init_c.obj 
  00001734 00001a 00004734 00001e24  2 msr_init_fnc 	msr_init_c.obj 
  0000174e 000000 0000474e 00001e3e  1 .text.8 	msr_init_c.obj 
  0000174e 000010 0000474e 00001e3e  1 .text 	mpu_init_c.obj 
  0000174e 000010 0000474e 00001e3e  2 mpu_init_fnc 	mpu_init_c.obj 
  0000175e 000000 0000475e 00001e4e  1 .text.9 	mpu_init_c.obj 
  0000175e 0001be 0000475e 00001e4e  1 .text 	motor_c.obj 
  0000175e 00001a 0000475e 00001e4e  2 MOTOR_Init 	motor_c.obj 
  UNUSED   000032 ........ ........    MOTOR_Servo motor_c.obj 
  00001778 00006a 00004778 00001e68  2 MOTOR_DC_R 	motor_c.obj 
  000017e2 00006a 000047e2 00001ed2  2 MOTOR_DC_L 	motor_c.obj 
  0000184c 000038 0000484c 00001f3c  2 MOTOR_BrakeEngine 	motor_c.obj 
  00001884 00004c 00004884 00001f74  2 MOTOR_Current_Speed_R 	motor_c.obj 
  000018d0 00004c 000048d0 00001fc0  2 MOTOR_Current_Speed_L 	motor_c.obj 
  0000191c 000000 0000491c 0000200c  1 .text.57 	motor_c.obj 
  0000191c 000756 0000491c 0000200c  1 .text 	main_c.obj 
  0000191c 000034 0000491c 0000200c  2 init_peripherals 	main_c.obj 
  00001950 0005f2 00004950 00002040  2 DoMainLoop 	main_c.obj 
  00001f42 00002a 00004f42 00002632  2 main 	main_c.obj 
  UNUSED   000072 ........ ........    Speed_Control main_c.obj 
  00001f6c 0000a4 00004f6c 0000265c  2 AEB 	main_c.obj 
  00002010 000062 00005010 00002700  2 Button_Select_RunMode 	main_c.obj 
  00002072 000000 00005072 00002762  1 .text.162 	main_c.obj 
  00002072 000514 00005072 00002762  1 .text 	linflex_init_c.obj 
  00002072 000028 00005072 00002762  2 linflex_init_fnc 	linflex_init_c.obj 
  0000209a 000164 0000509a 0000278a  2 linflex0_init_fnc 	linflex_init_c.obj 
  000021fe 0000ca 000051fe 000028ee  2 linflex1_init_fnc 	linflex_init_c.obj 
  000022c8 0000b6 000052c8 000029b8  2 linflex2_init_fnc 	linflex_init_c.obj 
  0000237e 0000b6 0000537e 00002a6e  2 linflex3_init_fnc 	linflex_init_c.obj 
  00002434 00009c 00005434 00002b24  2 linflex4_init_fnc 	linflex_init_c.obj 
  000024d0 0000b6 000054d0 00002bc0  2 linflex5_init_fnc 	linflex_init_c.obj 
  00002586 000000 00005586 00002c76  1 .text.33 	linflex_init_c.obj 
  00002586 000210 00005586 00002c76  1 .text 	lcd_c.obj 
  00002586 000018 00005586 00002c76  2 LCD_PIT1_ISR 	lcd_c.obj 
  0000259e 000034 0000559e 00002c8e  2 LCD_initialize 	lcd_c.obj 
  000025d2 000078 000055d2 00002cc2  2 LCD_PtS 	lcd_c.obj 
  0000264a 000024 0000564a 00002d3a  2 LCD_ENA_HL 	lcd_c.obj 
  0000266e 00001c 0000566e 00002d5e  2 LCD_com 	lcd_c.obj 
  0000268a 00002a 0000568a 00002d7a  2 LCD_data 	lcd_c.obj 
  000026b4 000030 000056b4 00002da4  2 LCD_XY 	lcd_c.obj 
  000026e4 00003c 000056e4 00002dd4  2 LCD_string 	lcd_c.obj 
  00002720 000026 00005720 00002e10  2 LCD_Clear 	lcd_c.obj 
  00002746 00001a 00005746 00002e36  2 LCD_ON 	lcd_c.obj 
  00002760 00001c 00005760 00002e50  2 LCD_OFF 	lcd_c.obj 
  0000277c 00001a 0000577c 00002e6c  2 LCD_delay_us 	lcd_c.obj 
  00002796 000000 00005796 00002e86  1 .text.96 	lcd_c.obj 
  00002796 0000a4 00005796 00002e86  1 .text 	isr_init_c.obj 
  00002796 00000a 00005796 00002e86  2 ADC0_EOC_ISR 	isr_init_c.obj 
  000027a0 00000c 000057a0 00002e90  2 PIT2_ISR 	isr_init_c.obj 
  000027ac 00000e 000057ac 00002e9c  2 EIRQ8_15_ISR 	isr_init_c.obj 
  000027ba 00001c 000057ba 00002eaa  2 SDBG_RX0_ISR 	isr_init_c.obj 
  000027d6 00001c 000057d6 00002ec6  2 SDBG_TX0_ISR 	isr_init_c.obj 
  000027f2 000024 000057f2 00002ee2  2 MUART_RX1_ISR 	isr_init_c.obj 
  00002816 000024 00005816 00002f06  2 MUART_TX1_ISR 	isr_init_c.obj 
  0000283a 000000 0000583a 00002f2a  1 .text.50 	isr_init_c.obj 
  0000283a 000002 0000583a 00002f2a  1 .text 	intc_sw_vecttable_c.obj 
  0000283a 000002 0000583a 00002f2a  2 interrupt_handler 	intc_sw_vecttable_c.obj 
  0000283c 000000 0000583c 00002f2c  1 .text.51 	intc_sw_vecttable_c.obj 
  0000283c 000760 0000583c 00002f2c  1 .text 	intc_init_c.obj 
  0000283c 000756 0000583c 00002f2c  2 intc_init_fnc 	intc_init_c.obj 
  00002f92 00000a 00005f92 00003682  2 en_int_fnc 	intc_init_c.obj 
  00002f9c 000000 00005f9c 0000368c  1 .text.19 	intc_init_c.obj 
  00002f9c 000030 00005f9c 0000368c  1 .text 	i2c_init_c.obj 
  00002f9c 000030 00005f9c 0000368c  2 i2c_0_init_fnc 	i2c_init_c.obj 
  00002fcc 000000 00005fcc 000036bc  1 .text.9 	i2c_init_c.obj 
  00002fcc 000044 00005fcc 000036bc  1 .text 	gpio_c.obj 
  00002fcc 000026 00005fcc 000036bc  2 GPIO_Get 	gpio_c.obj 
  00002ff2 00001e 00005ff2 000036e2  2 GPIO_Set 	gpio_c.obj 
  00003010 000000 00006010 00003700  1 .text.17 	gpio_c.obj 
  00003010 000a38 00006010 00003700  1 .text 	flexcan_init_c.obj 
  00003010 00005a 00006010 00003700  2 flexcan_init_fnc 	flexcan_init_c.obj 
  0000306a 00017e 0000606a 0000375a  2 flexcan_0_init_fnc 	flexcan_init_c.obj 
  000031e8 0001ba 000061e8 000038d8  2 flexcan_1_init_fnc 	flexcan_init_c.obj 
  000033a2 0001b8 000063a2 00003a92  2 flexcan_2_init_fnc 	flexcan_init_c.obj 
  0000355a 0001b8 0000655a 00003c4a  2 flexcan_3_init_fnc 	flexcan_init_c.obj 
  00003712 00017e 00006712 00003e02  2 flexcan_4_init_fnc 	flexcan_init_c.obj 
  00003890 0001b8 00006890 00003f80  2 flexcan_5_init_fnc 	flexcan_init_c.obj 
  00003a48 000000 00006a48 00004138  1 .text.196 	flexcan_init_c.obj 
  00003a48 00003c 00006a48 00004138  1 .text 	flash_init_c.obj 
  00003a48 00003c 00006a48 00004138  2 flash_init_fnc 	flash_init_c.obj 
  00003a84 000000 00006a84 00004174  1 .text.14 	flash_init_c.obj 
  00003a84 000140 00006a84 00004174  1 .text 	encoder_c.obj 
  00003a84 000086 00006a84 00004174  2 ENC1_EIRQ16_23_ISR 	encoder_c.obj 
  00003b0a 000086 00006b0a 000041fa  2 ENC2_EIRQ0_7_ISR 	encoder_c.obj 
  UNUSED   00000e ........ ........    ENC_Init encoder_c.obj 
  UNUSED   000006 ........ ........    ENC_Get1 encoder_c.obj 
  UNUSED   000006 ........ ........    ENC_Get2 encoder_c.obj 
  00003b90 000028 00006b90 00004280  2 ENC_SPEED_PIT5_ISR 	encoder_c.obj 
  00003bb8 000006 00006bb8 000042a8  2 ENC_Rate1_Return 	encoder_c.obj 
  00003bbe 000006 00006bbe 000042ae  2 ENC_Rate2_Return 	encoder_c.obj 
  00003bc4 000000 00006bc4 000042b4  1 .text.57 	encoder_c.obj 
  00003bc4 000820 00006bc4 000042b4  1 .text 	emios_init_c.obj 
  00003bc4 000018 00006bc4 000042b4  2 emios_init_fnc 	emios_init_c.obj 
  00003bdc 0003f8 00006bdc 000042cc  2 emios_0_init_fnc 	emios_init_c.obj 
  00003fd4 000410 00006fd4 000046c4  2 emios_1_init_fnc 	emios_init_c.obj 
  000043e4 000000 000073e4 00004ad4  1 .text.17 	emios_init_c.obj 
  000043e4 000160 000073e4 00004ad4  1 .text 	edma_init_c.obj 
  000043e4 000160 000073e4 00004ad4  2 edma_init_fnc 	edma_init_c.obj 
  00004544 000000 00007544 00004c34  1 .text.9 	edma_init_c.obj 
  00004544 000324 00007544 00004c34  1 .text 	dspi_init_c.obj 
  00004544 000024 00007544 00004c34  2 dspi_init_fnc 	dspi_init_c.obj 
  00004568 000086 00007568 00004c58  2 dspi0_init_fnc 	dspi_init_c.obj 
  000045ee 0000a8 000075ee 00004cde  2 dspi1_init_fnc 	dspi_init_c.obj 
  00004696 0000a6 00007696 00004d86  2 dspi2_init_fnc 	dspi_init_c.obj 
  0000473c 0000a6 0000773c 00004e2c  2 dspi3_init_fnc 	dspi_init_c.obj 
  000047e2 000086 000077e2 00004ed2  2 dspi4_init_fnc 	dspi_init_c.obj 
  00004868 000000 00007868 00004f58  1 .text.29 	dspi_init_c.obj 
  00004868 000054 00007868 00004f58  1 .text 	cansp_init_c.obj 
  00004868 000054 00007868 00004f58  2 cansp_init_fnc 	cansp_init_c.obj 
  UNUSED   000010 ........ ........    cansp_trigger_fnc cansp_init_c.obj 
  000048bc 000000 000078bc 00004fac  1 .text.19 	cansp_init_c.obj 
  000048bc 00081c 000078bc 00004fac  1 .text 	camera_c.obj 
  000048bc 000032 000078bc 00004fac  2 CAM_PIT4_ISR 	camera_c.obj 
  000048ee 00006c 000078ee 00004fde  2 CAM_Init 	camera_c.obj 
  UNUSED   000006 ........ ........    CAM_MICRO_SEC_RETURN camera_c.obj 
  0000495a 000008 0000795a 0000504a  2 CAM_RESET_TIMER 	camera_c.obj 
  UNUSED   000012 ........ ........    CAM_SI_ON camera_c.obj 
  00004962 000090 00007962 00005052  2 CAM_RUN 	camera_c.obj 
  000049f2 0000f0 000079f2 000050e2  2 CAM_Clock 	camera_c.obj 
  UNUSED   0000f4 ........ ........    CAM_RUN2 camera_c.obj 
  00004ae2 000018 00007ae2 000051d2  2 CAM_DATA1 	camera_c.obj 
  00004afa 000018 00007afa 000051ea  2 CAM_DATA2 	camera_c.obj 
  UNUSED   000030 ........ ........    CAM_DELAY camera_c.obj 
  UNUSED   000016 ........ ........    CAM_PulseWidth camera_c.obj 
  00004b12 00006e 00007b12 00005202  2 CAM_UPDATE_DATA 	camera_c.obj 
  UNUSED   000006 ........ ........    CAM_RUN_MODE_SETUP camera_c.obj 
  UNUSED   000012 ........ ........    CAM_MAX camera_c.obj 
  UNUSED   000012 ........ ........    CAM_MIN camera_c.obj 
  00004b80 000486 00007b80 00005270  2 laneProcess 	camera_c.obj 
  00005006 000092 00008006 000056f6  2 laneStatusUpdate 	camera_c.obj 
  00005098 000020 00008098 00005788  2 cam1LanePositionReturn 	camera_c.obj 
  000050b8 000020 000080b8 000057a8  2 cam2LanePositionReturn 	camera_c.obj 
  UNUSED   000006 ........ ........    ifLaneProcessEnd camera_c.obj 
  UNUSED   000006 ........ ........    ifSchoolZone camera_c.obj 
  UNUSED   000006 ........ ........    ifCrossSection camera_c.obj 
  000050d8 000000 000080d8 000057c8  1 .text.311 	camera_c.obj 
  000050d8 00068a 000080d8 000057c8  1 .text 	adc_init_c.obj 
  000050d8 00001c 000080d8 000057c8  2 adc_init_fnc 	adc_init_c.obj 
  000050f4 0000c0 000080f4 000057e4  2 adc_0_init_fnc 	adc_init_c.obj 
  000051b4 0000be 000081b4 000058a4  2 adc_1_init_fnc 	adc_init_c.obj 
  00005272 0002a2 00008272 00005962  2 adc_ctuevent_init_fnc 	adc_init_c.obj 
  00005514 000144 00008514 00005c04  2 adc_0_channel_setup_fnc 	adc_init_c.obj 
  00005658 0000c6 00008658 00005d48  2 adc_1_channel_setup_fnc 	adc_init_c.obj 
  0000571e 00001e 0000871e 00005e0e  2 adc_0_trigger_setup_fnc 	adc_init_c.obj 
  0000573c 000026 0000873c 00005e2c  2 adc_1_trigger_setup_fnc 	adc_init_c.obj 
  00005762 000000 00008762 00005e52  1 .text.37 	adc_init_c.obj 
  00005762 0000c6 00008762 00005e52  1 .text 	adc_drv_c.obj 
  00005762 00002e 00008762 00005e52  2 ADC_Get 	adc_drv_c.obj 
  UNUSED   00005c ........ ........    A2D_GetSingleCh_12bit adc_drv_c.obj 
  00005790 000098 00008790 00005e80  2 A2D_GetSingleCh_10bit 	adc_drv_c.obj 
  UNUSED   00002a ........ ........    A2D_GetChResult_12bit adc_drv_c.obj 
  UNUSED   000030 ........ ........    A2D_GetChResult_10bit adc_drv_c.obj 
  UNUSED   00001c ........ ........    A2D_SetupCh_12bit adc_drv_c.obj 
  UNUSED   00005e ........ ........    A2D_SetupCh_10bit adc_drv_c.obj 
  00005828 000000 00008828 00005f18  1 .text.79 	adc_drv_c.obj 
  00005828 0001ea 00008828 00005f18  1 .text 	UART_drv_c.obj 
  00005828 0000b0 00008828 00005f18  2 UartTxMsg 	UART_drv_c.obj 
  UNUSED   000070 ........ ........    UartRxDataByte UART_drv_c.obj 
  UNUSED   000044 ........ ........    UartRxNewDataSize UART_drv_c.obj 
  UNUSED   00002e ........ ........    UartRxBufEmpty UART_drv_c.obj 
  000058d8 000018 000088d8 00005fc8  2 UartBufInit 	UART_drv_c.obj 
  UNUSED   0000a2 ........ ........    UartRxFillBuf UART_drv_c.obj 
  000058f0 000074 000088f0 00005fe0  2 itoa 	UART_drv_c.obj 
  00005964 000052 00008964 00006054  2 UART_print 	UART_drv_c.obj 
  000059b6 00005c 000089b6 000060a6  2 UART_println 	UART_drv_c.obj 
  00005a12 000000 00008a12 00006102  1 .text.162 	UART_drv_c.obj 


.rodata section layout
  Starting        Virtual  File
  address  Size   address  offset
  ---------------------------------
  00000000 00000e 00008a18 00006108  1 .rodata 	main_c.obj 
  00000000 00000e 00008a18 00006108  4 @127 	main_c.obj 


.ctors section layout
  Starting        Virtual  File
  address  Size   address  offset
  ---------------------------------


.dtors section layout
  Starting        Virtual  File
  address  Size   address  offset
  ---------------------------------


.sdata2 section layout
  Starting        Virtual  File
  address  Size   address  offset
  ---------------------------------


.sbss2 section layout
  Starting        Virtual  File
  address  Size   address  offset
  ---------------------------------


.data section layout
  Starting        Virtual  File
  address  Size   address  offset
  ---------------------------------
  00000000 00027a 40000000 00006118  1 .data 	main_c.obj 
  00000000 000100 40000000 00006118  8 string_temp 	main_c.obj 
  00000100 000012 40000100 00006218  4 strA 	main_c.obj 
  UNUSED   000011 ........ ........    strB main_c.obj 
  00000114 00000c 40000114 0000622c  4 @73 	main_c.obj 
  00000120 000011 40000120 00006238  4 @75 	main_c.obj 
  00000134 000011 40000134 0000624c  4 @76 	main_c.obj 
  00000148 00000a 40000148 00006260  4 @77 	main_c.obj 
  00000154 00000b 40000154 0000626c  4 @78 	main_c.obj 
  00000160 00000c 40000160 00006278  4 @79 	main_c.obj 
  0000016c 000011 4000016c 00006284  4 @80 	main_c.obj 
  00000180 000011 40000180 00006298  4 @81 	main_c.obj 
  00000194 000011 40000194 000062ac  4 @82 	main_c.obj 
  000001a8 000011 400001a8 000062c0  4 @83 	main_c.obj 
  000001bc 000011 400001bc 000062d4  4 @84 	main_c.obj 
  000001d0 000011 400001d0 000062e8  4 @85 	main_c.obj 
  000001e4 000009 400001e4 000062fc  4 @87 	main_c.obj 
  000001f0 00000e 400001f0 00006308  4 @88 	main_c.obj 
  00000200 00000a 40000200 00006318  4 @89 	main_c.obj 
  0000020c 00000a 4000020c 00006324  4 @90 	main_c.obj 
  00000218 00000a 40000218 00006330  4 @91 	main_c.obj 
  00000224 00000a 40000224 0000633c  4 @92 	main_c.obj 
  00000230 000012 40000230 00006348  4 @93 	main_c.obj 
  00000244 000012 40000244 0000635c  4 @94 	main_c.obj 
  00000258 000012 40000258 00006370  4 @95 	main_c.obj 
  0000026c 00000e 4000026c 00006384  4 @106 	main_c.obj 
  0000027a 000006 40000280 00006398  8 *fill*
  00000280 00012d 40000280 00006398  1 .data 	camera_c.obj 
  00000280 000100 40000280 00006398  8 string_temp2 	camera_c.obj 
  00000380 000009 40000380 00006498  4 @249 	camera_c.obj 
  0000038c 000009 4000038c 000064a4  4 @250 	camera_c.obj 
  00000398 000009 40000398 000064b0  4 @251 	camera_c.obj 
  000003a4 000009 400003a4 000064bc  4 @252 	camera_c.obj 


.j_pdata section layout
  Starting        Virtual  File
  address  Size   address  offset
  ---------------------------------


.sdata section layout
  Starting        Virtual  File
  address  Size   address  offset
  ---------------------------------
  00000000 000014 400003b0 000064c8  1 .sdata 	ultra_sonic_c.obj 
  UNUSED   000004 ........ ........    us_echo ultra_sonic_c.obj 
  00000000 000004 400003b0 000064c8  4 us_tmeans 	ultra_sonic_c.obj 
  00000004 000004 400003b4 000064cc  4 us_t1 	ultra_sonic_c.obj 
  00000008 000004 400003b8 000064d0  4 us_t2 	ultra_sonic_c.obj 
  0000000c 000004 400003bc 000064d4  4 us_val 	ultra_sonic_c.obj 
  00000010 000004 400003c0 000064d8  4 us_val_old 	ultra_sonic_c.obj 
  00000014 000004 400003c8 000064e0  8 *fill*
  00000018 000008 400003c8 000064e0  1 .sdata 	motor_c.obj 
  00000018 000004 400003c8 000064e0  4 current_speed_r 	motor_c.obj 
  0000001c 000004 400003cc 000064e4  4 current_speed_l 	motor_c.obj 
  00000020 00001e 400003d0 000064e8  1 .sdata 	main_c.obj 
  00000020 000004 400003d0 000064e8  4 time_gap 	main_c.obj 
  00000024 000004 400003d4 000064ec  4 USval 	main_c.obj 
  00000028 000004 400003d8 000064f0  4 IRval 	main_c.obj 
  UNUSED   000002 ........ ........    DC_Power_R main_c.obj 
  UNUSED   000002 ........ ........    DC_Power_L main_c.obj 
  0000002c 000002 400003dc 000064f4  2 Speed_Proposal 	main_c.obj 
  0000002e 000001 400003de 000064f6  1 flag 	main_c.obj 
  00000030 000004 400003e0 000064f8  4 @74 	main_c.obj 
  00000034 000007 400003e4 000064fc  4 @86 	main_c.obj 
  0000003c 000002 400003ec 00006504  4 @96 	main_c.obj 
  0000003e 000002 400003f0 00006508  8 *fill*
  00000040 000004 400003f0 00006508  1 .sdata 	lcd_c.obj 
  00000040 000004 400003f0 00006508  4 delay_t 	lcd_c.obj 
  00000044 000004 400003f8 00006510  8 *fill*
  00000048 000010 400003f8 00006510  1 .sdata 	encoder_c.obj 
  00000048 000004 400003f8 00006510  4 enc_val1 	encoder_c.obj 
  0000004c 000004 400003fc 00006514  4 enc_val2 	encoder_c.obj 
  00000050 000004 40000400 00006518  4 enc_rate1 	encoder_c.obj 
  00000054 000004 40000404 0000651c  4 enc_rate2 	encoder_c.obj 
  00000058 00000e 40000408 00006520  1 .sdata 	camera_c.obj 
  00000058 000002 40000408 00006520  2 TIME_CONST 	camera_c.obj 
  0000005a 000002 4000040a 00006522  2 DELAY_SI 	camera_c.obj 
  0000005c 000002 4000040c 00006524  2 DELAY_CLK 	camera_c.obj 
  0000005e 000002 4000040e 00006526  2 DELAY_WAIT 	camera_c.obj 
  UNUSED   000001 ........ ........    CAM_TIMER_CH camera_c.obj 
  00000060 000001 40000410 00006528  1 CAM_SI_FLAG 	camera_c.obj 
  00000061 000001 40000411 00006529  1 CAM_CLK_FLAG 	camera_c.obj 
  00000062 000002 40000412 0000652a  2 CAM_RUN_MODE 	camera_c.obj 
  00000064 000002 40000414 0000652c  2 minPhoto 	camera_c.obj 
  00000066 000002 40000418 00006530  8 *fill*
  00000068 000007 40000418 00006530  1 .sdata 	UART_drv_c.obj 
  00000068 000002 40000418 00006530  4 @110 	UART_drv_c.obj 
  0000006c 000003 4000041c 00006534  4 @150 	UART_drv_c.obj 


.sbss section layout
  Starting        Virtual  File
  address  Size   address  offset
  ---------------------------------
  00000000 000004 40000420 00006538  1 .sbss 	timer_c.obj 
  00000000 000004 40000420 00006538  4 timer_msec 	timer_c.obj 
  00000004 000004 40000428 00006540  8 *fill*
  00000008 000030 40000428 00006540  1 .sbss 	main_c.obj 
  UNUSED   000004 ........ ........    i main_c.obj 
  00000008 000004 40000428 00006540  4 t_current 	main_c.obj 
  0000000c 000004 4000042c 00006544  4 t_old 	main_c.obj 
  00000010 000004 40000430 00006548  4 cnt 	main_c.obj 
  00000014 000001 40000434 0000654c  1 flag_US 	main_c.obj 
  00000015 000001 40000435 0000654d  1 flag_IR 	main_c.obj 
  00000016 000001 40000436 0000654e  1 flag_Slope 	main_c.obj 
  00000017 000001 40000437 0000654f  1 flag_Wall 	main_c.obj 
  00000018 000001 40000438 00006550  1 run_mode 	main_c.obj 
  UNUSED   000008 ........ ........    LCD_BUFF4 main_c.obj 
  00000020 000008 40000440 00006558  8 LCD_BUFF3 	main_c.obj 
  00000028 000008 40000448 00006560  8 LCD_BUFF2 	main_c.obj 
  00000030 000008 40000450 00006568  8 LCD_BUFF1 	main_c.obj 
  00000038 000004 40000458 00006570  1 .sbss 	lcd_c.obj 
  00000038 000004 40000458 00006570  4 LCD_timer_ms 	lcd_c.obj 
  0000003c 000004 40000460 00006578  8 *fill*
  00000040 000034 40000460 00006578  1 .sbss 	camera_c.obj 
  00000040 000002 40000460 00006578  2 CAM_TIME_TOT 	camera_c.obj 
  00000044 000004 40000464 0000657c  4 CAM_MICRO_SEC 	camera_c.obj 
  UNUSED   000004 ........ ........    CAM_MICRO_SEC_OLD camera_c.obj 
  00000048 000002 40000468 00006580  2 CAM_CLK_COUNTER 	camera_c.obj 
  0000004a 000001 4000046a 00006582  1 CAM_RAN_FLAG 	camera_c.obj 
  0000004c 000002 4000046c 00006584  2 maxPhoto 	camera_c.obj 
  UNUSED   000002 ........ ........    i_cam camera_c.obj 
  00000050 000006 40000470 00006588  4 cam1LanePosition 	camera_c.obj 
  00000058 000006 40000478 00006590  4 cam2LanePosition 	camera_c.obj 
  0000005e 000001 4000047e 00006596  1 cam1LaneNum 	camera_c.obj 
  0000005f 000001 4000047f 00006597  1 cam2LaneNum 	camera_c.obj 
  00000060 000001 40000480 00006598  1 crossSectionFlag 	camera_c.obj 
  00000061 000001 40000481 00006599  1 schoolZoneFlag 	camera_c.obj 
  UNUSED   000001 ........ ........    laneProccessEndFlag camera_c.obj 
  00000064 000004 40000484 0000659c  4 t0_CAM_WAIT 	camera_c.obj 
  00000068 000004 40000488 000065a0  4 t0_CAM_CLK_DOWN 	camera_c.obj 
  0000006c 000004 4000048c 000065a4  4 t0_CAM_CLK 	camera_c.obj 
  00000070 000004 40000490 000065a8  4 t0_CAM_SI 	camera_c.obj 


.bss section layout
  Starting        Virtual  File
  address  Size   address  offset
  ---------------------------------
  00000000 000408 40000498 00006538  1 .bss 	camera_c.obj 
  00000000 000102 40000498 00006538  4 CAM_TEMP1 	camera_c.obj 
  00000104 000102 4000059c 0000663c  4 CAM_TEMP2 	camera_c.obj 
  00000208 000100 400006a0 00006740  8 CAM_READ1 	camera_c.obj 
  00000308 000100 400007a0 00006840  8 CAM_READ2 	camera_c.obj 
  00000408 000104 400008a0 00006940  1 .bss 	UART_drv_c.obj 
  00000408 000104 400008a0 00006940  4 UARTBuf 	UART_drv_c.obj 


.tibss section layout
  Starting        Virtual  File
  address  Size   address  offset
  ---------------------------------


.tidata section layout
  Starting        Virtual  File
  address  Size   address  offset
  ---------------------------------


Memory map:
                       Starting Size     File     ROM      RAM Buffer  S-Record
                       address           Offset   Address  Address     Line
       .__bam_bootarea 00000000 00000008 00000240 00000000 00000000          2
                 .init 00000020 00000000 00000248 00003000 00003000          0
             .init_vle 00000020 00000000 00000248 00000020 00000020          0
        .exec_vect_Vle 00001000 000000f4 00000250 00001000 00001000          3
                .vects 00002000 000003a8 00000348 00002000 00002000         16
             .text_vle 00003000 00005a14 000006f0 00003000 00003000         63
               .rodata 00008a18 00000010 00006108 00008a18 00008a18       1216
                .ctors 00008a28 00000000 00006118 00008a28 00008a28          0
                .dtors 00008a28 00000000 00006118 00008a28 00008a28          0
               .sdata2 00008a28 00000000 00006118 00008a28 00008a28          0
                .sbss2 00008a28 00000000 00006118 00008a28 00008a28          0
                 .data 40000000 000003b0 00006118 00008a28 00008a28       1217
                .sdata 400003b0 00000070 000064c8 00008dd8 00008dd8       1265
                 .sbss 40000420 00000074 00006538 00008e48 00008e48          0
                  .bss 40000498 0000050c 00006538 00008e48 00008e48          0
      .PPC.EMB.apuinfo 00010c54 00000000 00017190 00019a9c 00019a9c          0
         .debug_abbrev          00000149 00006538
           .debug_info          00004426 00006681
        .debug_aranges          00000080 0000aaa7
           .debug_line          000083e9 0000ab27
            .debug_loc          00000ba8 00012f10
       .debug_pubnames          00001025 00013ab8


Linker generated symbols:
                   __argv 00003000
                    __env 00003000
               __DATA_ROM 00008a28
               __DATA_RAM 40000000
               __DATA_END 40000420
              __BSS_START 40000420
                __BSS_END 400009a4
                __SP_INIT 40014000
                 __SP_END 40013000
               __HEAP_END 40013000
            ___HEAP_START 003cfff0
              ___HEAP_END 40013000
               ___SP_INIT 40014000
                ___SP_END 40013000
              ___DATA_ROM 00008a28
              ___DATA_RAM 40000000
              ___DATA_END 40000420
             ___BSS_START 40000420
               ___BSS_END 400009a4
        _f___bam_bootarea 00000000
    _f___bam_bootarea_rom 00000000
        _e___bam_bootarea 00000008
                  _f_init 00000020
              _f_init_rom 00003000
                  _e_init 00000020
              _f_init_vle 00000020
          _f_init_vle_rom 00000020
              _e_init_vle 00000020
             _f_exec_vect 00001000
         _f_exec_vect_rom 00001000
             _e_exec_vect 00001000
         _f_exec_vect_Vle 00001000
     _f_exec_vect_Vle_rom 00001000
         _e_exec_vect_Vle 000010f4
                 _f_vects 00002000
             _f_vects_rom 00002000
                 _e_vects 000023a8
                  _f_text 00003000
              _f_text_rom 00003000
                  _e_text 00003000
              _f_text_vle 00003000
          _f_text_vle_rom 00003000
              _e_text_vle 00008a14
                _f_rodata 00008a18
            _f_rodata_rom 00008a18
                _e_rodata 00008a28
                 _f_ctors 00008a28
             _f_ctors_rom 00008a28
                 _e_ctors 00008a28
                 _f_dtors 00008a28
             _f_dtors_rom 00008a28
                 _e_dtors 00008a28
                _f_sdata2 00008a28
            _f_sdata2_rom 00008a28
                _e_sdata2 00008a28
                 _f_sbss2 00008a28
                 _e_sbss2 00008a28
                  _f_data 40000000
              _f_data_rom 00008a28
                  _e_data 400003b0
               _f_j_pdata 400003b0
           _f_j_pdata_rom 00008dd8
               _e_j_pdata 400003b0
                 _f_sdata 400003b0
             _f_sdata_rom 00008dd8
                 _e_sdata 40000420
                  _f_sbss 40000420
                  _e_sbss 40000494
                   _f_bss 40000498
                   _e_bss 400009a4
                 _f_tibss 400009a4
             _f_tibss_rom 00008e48
                 _e_tibss 400009a4
                _f_tidata 400009a4
            _f_tidata_rom 00008e48
                _e_tidata 400009a4
              _stack_addr 003dfff0
               _stack_end 003d7ff0
               _heap_addr 003cfff0
                _heap_end 003d7ff0
             _nbfunctions 00000089
           SIZEOF_HEADERS 00000240
               _SDA_BASE_ 400083b0
              _SDA2_BASE_ 00010a28
           _ABS_SDA_BASE_ 400083b0
          _ABS_SDA2_BASE_ 00010a28
                 _SP_INIT 003dfff0
             __HEAP_START 003cfff0
              __mem_limit 003d7ff0
           __stack_safety 00000010
