Link map of __start
  1] __start (notype,global) found in crt0_s.obj 
   2] _@DummyFn1 (func,local) found in crt0_s.obj 
    3] __SP_INIT found as linker generated symbol
    3] _SDA_BASE_ found as linker generated symbol
    3] _SDA2_BASE_ found as linker generated symbol
    3] romcopy (func,global) found in romcopy_c.obj 
     4] __DATA_RAM found as linker generated symbol
     4] __DATA_ROM found as linker generated symbol
     4] __DATA_END found as linker generated symbol
     4] __BSS_START found as linker generated symbol
     4] __BSS_END found as linker generated symbol
     4] main (func,global) found in main_c.obj 
      5] init_peripherals (func,global) found in main_c.obj 
       6] sys_init_fnc (func,global) found in sys_init_c.obj 
        7] intc_init_fnc (func,global) found in intc_init_c.obj 
         8] IntcIsrVectorTable (object,global) found in intc_sw_vecttable_c.obj 
          9] interrupt_handler (func,global) found in intc_sw_vecttable_c.obj 
          9] ENC2_EIRQ0_7_ISR (func,global) found in encoder_c.obj 
           10] enc_val2 (object,global) found in encoder_c.obj 
           10] GPIO_Get (func,global) found in gpio_c.obj 
          9] EIRQ8_15_ISR (func,global) found in isr_init_c.obj 
          9] ENC1_EIRQ16_23_ISR (func,global) found in encoder_c.obj 
           10] enc_val1 (object,global) found in encoder_c.obj 
          9] TIMER_PIT0_ISR (func,global) found in timer_c.obj 
           10] timer_msec (object,global) found in timer_c.obj 
          9] LCD_PIT1_ISR (func,global) found in lcd_c.obj 
           10] LCD_timer_ms (object,global) found in lcd_c.obj 
          9] PIT2_ISR (func,global) found in isr_init_c.obj 
          9] ADC0_EOC_ISR (func,global) found in isr_init_c.obj 
          9] SDBG_RX0_ISR (func,global) found in isr_init_c.obj 
          9] SDBG_TX0_ISR (func,global) found in isr_init_c.obj 
          9] MUART_RX1_ISR (func,global) found in isr_init_c.obj 
          9] MUART_TX1_ISR (func,global) found in isr_init_c.obj 
          9] US_PIT3_ISR (func,global) found in ultra_sonic_c.obj 
           10] GPIO_Set (func,global) found in gpio_c.obj 
          9] CAM_PIT4_ISR (func,global) found in camera_c.obj 
           10] CAM_MICRO_SEC (object,global) found in camera_c.obj 
           10] CAM_RUN_MODE (object,global) found in camera_c.obj 
          9] ENC_SPEED_PIT5_ISR (func,global) found in encoder_c.obj 
           10] enc_rate1 (object,global) found in encoder_c.obj 
           10] enc_rate2 (object,global) found in encoder_c.obj 
           10] Speed_Proposal (object,global) found in encoder_c.obj 
           10] Speed_Control (func,global) found in encoder_c.obj 
            11] MOTOR_Current_Speed_R (func,global) found in motor_c.obj 
             12] ENC_Rate1_Return (func,global) found in encoder_c.obj 
             12] current_speed_r (object,global) found in motor_c.obj 
            11] MOTOR_Current_Speed_L (func,global) found in motor_c.obj 
             12] ENC_Rate2_Return (func,global) found in encoder_c.obj 
             12] current_speed_l (object,global) found in motor_c.obj 
            11] kpR (object,global) found in encoder_c.obj 
            11] kpL (object,global) found in encoder_c.obj 
            11] ki (object,global) found in encoder_c.obj 
            11] cont_val_P_R (object,global) found in encoder_c.obj 
            11] cont_val_P_L (object,global) found in encoder_c.obj 
            11] cont_val_I_R (object,global) found in encoder_c.obj 
            11] cont_val_I_L (object,global) found in encoder_c.obj 
            11] DC_Power_R (object,global) found in encoder_c.obj 
            11] DC_Power_L (object,global) found in encoder_c.obj 
           10] MOTOR_DC_R (func,global) found in motor_c.obj 
           10] MOTOR_DC_L (func,global) found in motor_c.obj 
          9] US_EMIOS1_F10_11_ISR (func,global) found in ultra_sonic_c.obj 
           10] us_t1 (object,global) found in ultra_sonic_c.obj 
           10] us_t2 (object,global) found in ultra_sonic_c.obj 
           10] us_tmeans (object,global) found in ultra_sonic_c.obj 
         8] en_int_fnc (func,global) found in intc_init_c.obj 
        7] IVPRInitialize (notype,global) found in rappid_func_s.obj 
         8] _@DummyFn1 (func,local) found in rappid_func_s.obj 
          9] IVORxHandlers (notype,global) found in excep_handler_s.obj 
           10] _@DummyFn1 (func,local) found in excep_handler_s.obj 
            11] .text_vle (section,local) found in excep_handler_s.obj 
             12] IVOR0Handler (notype,global) found in excep_handler_s.obj 
             12] IVOR1Handler (notype,global) found in excep_handler_s.obj 
             12] IVOR2Handler (notype,global) found in excep_handler_s.obj 
             12] IVOR3Handler (notype,global) found in excep_handler_s.obj 
             12] IVOR5Handler (notype,global) found in excep_handler_s.obj 
             12] IVOR6Handler (notype,global) found in excep_handler_s.obj 
             12] IVOR8Handler (notype,global) found in excep_handler_s.obj 
             12] IVOR15Handler (notype,global) found in excep_handler_s.obj 
             12] default_except_handler (notype,global) found in excep_handler_s.obj 
             12] .text_vle (section,local) found in excep_handler_s.obj 
            11] IVOR4Handler (notype,global) found in sw_handlers_s.obj 
             12] _@DummyFn1 (func,local) found in sw_handlers_s.obj 
             12] .text_vle (section,local) found in sw_handlers_s.obj 
           10] .exec_vect_Vle (section,local) found in excep_handler_s.obj 
         8] .text_vle (section,local) found in rappid_func_s.obj 
        7] rgm_init_fnc (func,global) found in rgm_init_c.obj 
        7] swt_init_fnc (func,global) found in swt_init_c.obj 
        7] msr_init_fnc (func,global) found in msr_init_c.obj 
        7] sysclk_module_init_fnc (func,global) found in sysclk_init_c.obj 
         8] mode_entry_init_fnc (func,global) found in sysclk_init_c.obj 
         8] sysclk_init_fnc (func,global) found in sysclk_init_c.obj 
         8] cmu_init_fnc (func,global) found in sysclk_init_c.obj 
        7] rtc_init_fnc (func,global) found in rtc_init_c.obj 
        7] stm_init_fnc (func,global) found in stm_init_c.obj 
        7] pit_init_fnc (func,global) found in pit_init_c.obj 
        7] flash_init_fnc (func,global) found in flash_init_c.obj 
        7] mpu_init_fnc (func,global) found in mpu_init_c.obj 
        7] edma_init_fnc (func,global) found in edma_init_c.obj 
        7] flexcan_init_fnc (func,global) found in flexcan_init_c.obj 
         8] flexcan_0_init_fnc (func,global) found in flexcan_init_c.obj 
         8] flexcan_1_init_fnc (func,global) found in flexcan_init_c.obj 
         8] flexcan_2_init_fnc (func,global) found in flexcan_init_c.obj 
         8] flexcan_3_init_fnc (func,global) found in flexcan_init_c.obj 
         8] flexcan_4_init_fnc (func,global) found in flexcan_init_c.obj 
         8] flexcan_5_init_fnc (func,global) found in flexcan_init_c.obj 
        7] cansp_init_fnc (func,global) found in cansp_init_c.obj 
        7] adc_init_fnc (func,global) found in adc_init_c.obj 
         8] adc_0_init_fnc (func,global) found in adc_init_c.obj 
          9] adc_0_channel_setup_fnc (func,global) found in adc_init_c.obj 
          9] adc_0_trigger_setup_fnc (func,global) found in adc_init_c.obj 
         8] adc_1_init_fnc (func,global) found in adc_init_c.obj 
          9] adc_1_channel_setup_fnc (func,global) found in adc_init_c.obj 
          9] adc_1_trigger_setup_fnc (func,global) found in adc_init_c.obj 
         8] adc_ctuevent_init_fnc (func,global) found in adc_init_c.obj 
        7] emios_init_fnc (func,global) found in emios_init_c.obj 
         8] emios_0_init_fnc (func,global) found in emios_init_c.obj 
         8] emios_1_init_fnc (func,global) found in emios_init_c.obj 
        7] dspi_init_fnc (func,global) found in dspi_init_c.obj 
         8] dspi0_init_fnc (func,global) found in dspi_init_c.obj 
         8] dspi1_init_fnc (func,global) found in dspi_init_c.obj 
         8] dspi2_init_fnc (func,global) found in dspi_init_c.obj 
         8] dspi3_init_fnc (func,global) found in dspi_init_c.obj 
         8] dspi4_init_fnc (func,global) found in dspi_init_c.obj 
        7] i2c_0_init_fnc (func,global) found in i2c_init_c.obj 
        7] linflex_init_fnc (func,global) found in linflex_init_c.obj 
         8] linflex0_init_fnc (func,global) found in linflex_init_c.obj 
         8] linflex1_init_fnc (func,global) found in linflex_init_c.obj 
         8] linflex2_init_fnc (func,global) found in linflex_init_c.obj 
         8] linflex3_init_fnc (func,global) found in linflex_init_c.obj 
         8] linflex4_init_fnc (func,global) found in linflex_init_c.obj 
         8] linflex5_init_fnc (func,global) found in linflex_init_c.obj 
        7] mode_entry_post_config_fnc (func,global) found in sysclk_init_c.obj 
        7] siu_init_fnc (func,global) found in siu_init_c.obj 
         8] siu_portA_init_fnc (func,global) found in siu_init_c.obj 
         8] siu_portB_init_fnc (func,global) found in siu_init_c.obj 
         8] siu_portC_init_fnc (func,global) found in siu_init_c.obj 
         8] siu_portD_init_fnc (func,global) found in siu_init_c.obj 
         8] siu_portE_init_fnc (func,global) found in siu_init_c.obj 
         8] siu_portF_init_fnc (func,global) found in siu_init_c.obj 
         8] siu_portG_init_fnc (func,global) found in siu_init_c.obj 
         8] siu_portH_init_fnc (func,global) found in siu_init_c.obj 
         8] siu_general_init_fnc (func,global) found in siu_init_c.obj 
         8] siu_parallel_port_init_fnc (func,global) found in siu_init_c.obj 
         8] siu_unused_pins_init_fnc (func,global) found in siu_init_c.obj 
         8] siu_psmi_init_fnc (func,global) found in siu_init_c.obj 
       6] Led_Set_All (func,global) found in onBoardLedSwitch_c.obj 
       6] TIMER_Init (func,global) found in timer_c.obj 
       6] UartBufInit (func,global) found in UART_drv_c.obj 
        7] UARTBuf (object,global) found in UART_drv_c.obj 
       6] LCD_initialize (func,global) found in lcd_c.obj 
        7] LCD_PtS (func,global) found in lcd_c.obj 
         8] delay_t (object,global) found in lcd_c.obj 
         8] LCD_delay_us (func,global) found in lcd_c.obj 
        7] LCD_com (func,global) found in lcd_c.obj 
         8] LCD_ENA_HL (func,global) found in lcd_c.obj 
        7] LCD_OFF (func,global) found in lcd_c.obj 
        7] LCD_Clear (func,global) found in lcd_c.obj 
        7] LCD_ON (func,global) found in lcd_c.obj 
       6] US_Init (func,global) found in ultra_sonic_c.obj 
        7] us_val (object,global) found in ultra_sonic_c.obj 
       6] CAM_Init (func,global) found in camera_c.obj 
        7] TIME_CONST (object,global) found in camera_c.obj 
        7] DELAY_SI (object,global) found in camera_c.obj 
        7] DELAY_CLK (object,global) found in camera_c.obj 
        7] DELAY_WAIT (object,global) found in camera_c.obj 
        7] CAM_TIME_TOT (object,global) found in camera_c.obj 
        7] CAM_RESET_TIMER (func,global) found in camera_c.obj 
       6] MOTOR_Init (func,global) found in motor_c.obj 
      5] EnableExternalInterrupts (func,global) found in rappid_utils_c.obj 
      5] @106 (object,local) found in main_c.obj 
      5] UART_println (func,global) found in UART_drv_c.obj 
       6] UartTxMsg (func,global) found in UART_drv_c.obj 
       6] @150 (object,local) found in UART_drv_c.obj 
      5] DoMainLoop (func,global) found in main_c.obj 
       6] run_mode (object,global) found in main_c.obj 
       6] flag (object,global) found in main_c.obj 
       6] k_test (object,global) found in main_c.obj 
       6] Button_Select_RunMode (func,global) found in main_c.obj 
        7] BUTTON_Read (func,global) found in onBoardLedSwitch_c.obj 
       6] time_gap (object,global) found in main_c.obj 
       6] TIMER_GetRuntime (func,global) found in timer_c.obj 
       6] t_current (object,global) found in main_c.obj 
       6] t_old (object,global) found in main_c.obj 
       6] cnt (object,global) found in main_c.obj 
       6] @75 (object,local) found in main_c.obj 
       6] UART_print (func,global) found in UART_drv_c.obj 
       6] string_temp (object,global) found in main_c.obj 
       6] itoa (func,global) found in UART_drv_c.obj 
        7] @110 (object,local) found in UART_drv_c.obj 
       6] @76 (object,local) found in main_c.obj 
       6] Led_Set (func,global) found in onBoardLedSwitch_c.obj 
       6] Speed_Proposal_inMain (object,global) found in main_c.obj 
       6] Speed_Propsal_Update (func,global) found in encoder_c.obj 
       6] strA (object,global) found in main_c.obj 
       6] LCD_string (func,global) found in lcd_c.obj 
        7] LCD_XY (func,global) found in lcd_c.obj 
        7] LCD_data (func,global) found in lcd_c.obj 
       6] LCD_BUFF1 (object,global) found in main_c.obj 
       6] @77 (object,local) found in main_c.obj 
       6] @78 (object,local) found in main_c.obj 
       6] LCD_BUFF2 (object,global) found in main_c.obj 
       6] laneProcess (func,global) found in camera_c.obj 
        7] @169 (object,local) found in camera_c.obj 
        7] @171 (object,local) found in camera_c.obj 
        7] cam1LaneNum (object,global) found in camera_c.obj 
        7] cam2LaneNum (object,global) found in camera_c.obj 
        7] crossSectionFlag (object,global) found in camera_c.obj 
        7] schoolZoneFlag (object,global) found in camera_c.obj 
        7] laneProccessEndFlag (object,global) found in camera_c.obj 
        7] cam1LanePosition (object,global) found in camera_c.obj 
        7] cam2LanePosition (object,global) found in camera_c.obj 
        7] CAM_RAN_FLAG (object,global) found in camera_c.obj 
        7] @270 (object,local) found in camera_c.obj 
        7] @271 (object,local) found in camera_c.obj 
        7] @272 (object,local) found in camera_c.obj 
        7] @273 (object,local) found in camera_c.obj 
        7] CAM_READ1 (object,global) found in camera_c.obj 
        7] CAM_READ1_STORE (object,global) found in camera_c.obj 
        7] @274 (object,local) found in camera_c.obj 
        7] @275 (object,local) found in camera_c.obj 
        7] @276 (object,local) found in camera_c.obj 
        7] @277 (object,local) found in camera_c.obj 
        7] @278 (object,local) found in camera_c.obj 
        7] @279 (object,local) found in camera_c.obj 
        7] string_temp2 (object,global) found in camera_c.obj 
        7] @280 (object,local) found in camera_c.obj 
        7] @281 (object,local) found in camera_c.obj 
        7] @282 (object,local) found in camera_c.obj 
        7] @283 (object,local) found in camera_c.obj 
        7] @284 (object,local) found in camera_c.obj 
        7] @285 (object,local) found in camera_c.obj 
        7] @286 (object,local) found in camera_c.obj 
        7] @287 (object,local) found in camera_c.obj 
        7] @288 (object,local) found in camera_c.obj 
        7] @289 (object,local) found in camera_c.obj 
        7] @290 (object,local) found in camera_c.obj 
        7] @291 (object,local) found in camera_c.obj 
        7] @292 (object,local) found in camera_c.obj 
        7] @293 (object,local) found in camera_c.obj 
        7] @294 (object,local) found in camera_c.obj 
        7] @295 (object,local) found in camera_c.obj 
        7] @296 (object,local) found in camera_c.obj 
        7] @297 (object,local) found in camera_c.obj 
        7] @298 (object,local) found in camera_c.obj 
        7] @299 (object,local) found in camera_c.obj 
        7] CAM_READ2 (object,global) found in camera_c.obj 
        7] CAM_READ2_STORE (object,global) found in camera_c.obj 
        7] laneStatusUpdate (func,global) found in camera_c.obj 
       6] @79 (object,local) found in main_c.obj 
       6] @80 (object,local) found in main_c.obj 
       6] cam1LanePositionReturn (func,global) found in camera_c.obj 
       6] @81 (object,local) found in main_c.obj 
       6] @82 (object,local) found in main_c.obj 
       6] cam2LanePositionReturn (func,global) found in camera_c.obj 
       6] @83 (object,local) found in main_c.obj 
       6] @84 (object,local) found in main_c.obj 
       6] @85 (object,local) found in main_c.obj 
       6] LCD_BUFF3 (object,global) found in main_c.obj 
       6] LCD_BUFF4 (object,global) found in main_c.obj 
       6] Servo_Control (func,global) found in main_c.obj 
        7] @150 (object,local) found in main_c.obj 
        7] ifSchoolZone (func,global) found in camera_c.obj 
        7] ifCrossSection (func,global) found in camera_c.obj 
       6] MOTOR_Servo (func,global) found in motor_c.obj 
       6] ADC_Get (func,global) found in adc_drv_c.obj 
        7] A2D_GetSingleCh_10bit (func,global) found in adc_drv_c.obj 
       6] @86 (object,local) found in main_c.obj 
       6] @87 (object,local) found in main_c.obj 
       6] @88 (object,local) found in main_c.obj 
       6] @89 (object,local) found in main_c.obj 
       6] @90 (object,local) found in main_c.obj 
       6] @91 (object,local) found in main_c.obj 
       6] @92 (object,local) found in main_c.obj 
       6] @93 (object,local) found in main_c.obj 
       6] @94 (object,local) found in main_c.obj 
       6] @95 (object,local) found in main_c.obj 
       6] @96 (object,local) found in main_c.obj 
   2] .text_vle (section,local) found in crt0_s.obj 
  1] bam_rchw (object,global) found in rchw_init_c.obj 
  1] bam_resetvector (object,global) found in rchw_init_c.obj 
    3] .text (section,local) found in ultra_sonic_c.obj 
    3] .text.35 (notype,local) found in ultra_sonic_c.obj 
    3] .text (section,local) found in timer_c.obj 
    3] .text.32 (notype,local) found in timer_c.obj 
    3] .text (section,local) found in sysclk_init_c.obj 
    3] .text.65 (notype,local) found in sysclk_init_c.obj 
    3] .text (section,local) found in sys_init_c.obj 
    3] .text.56 (notype,local) found in sys_init_c.obj 
    3] .text (section,local) found in swt_init_c.obj 
    3] .text.29 (notype,local) found in swt_init_c.obj 
    3] .text (section,local) found in stm_init_c.obj 
    3] .text.9 (notype,local) found in stm_init_c.obj 
    3] .text (section,local) found in siu_init_c.obj 
    3] .text.57 (notype,local) found in siu_init_c.obj 
    3] .text (section,local) found in rtc_init_c.obj 
    3] .text.9 (notype,local) found in rtc_init_c.obj 
    3] .text (section,local) found in romcopy_c.obj 
    3] .text.34 (notype,local) found in romcopy_c.obj 
    3] .text (section,local) found in rgm_init_c.obj 
    3] .text.9 (notype,local) found in rgm_init_c.obj 
    3] .text (section,local) found in rappid_utils_c.obj 
    3] .text.29 (notype,local) found in rappid_utils_c.obj 
    3] .text (section,local) found in pit_init_c.obj 
    3] .text.9 (notype,local) found in pit_init_c.obj 
    3] .text (section,local) found in onBoardLedSwitch_c.obj 
    3] .text.30 (notype,local) found in onBoardLedSwitch_c.obj 
    3] .text (section,local) found in msr_init_c.obj 
    3] .text.8 (notype,local) found in msr_init_c.obj 
    3] .text (section,local) found in mpu_init_c.obj 
    3] .text.9 (notype,local) found in mpu_init_c.obj 
    3] .text (section,local) found in motor_c.obj 
    3] .text.60 (notype,local) found in motor_c.obj 
    3] .text (section,local) found in main_c.obj 
    3] .text.180 (notype,local) found in main_c.obj 
    3] .text (section,local) found in linflex_init_c.obj 
    3] .text.33 (notype,local) found in linflex_init_c.obj 
    3] .text (section,local) found in lcd_c.obj 
    3] .text.96 (notype,local) found in lcd_c.obj 
    3] .text (section,local) found in isr_init_c.obj 
    3] .text.55 (notype,local) found in isr_init_c.obj 
    3] .text (section,local) found in intc_sw_vecttable_c.obj 
    3] .text.56 (notype,local) found in intc_sw_vecttable_c.obj 
    3] .text (section,local) found in intc_init_c.obj 
    3] .text.19 (notype,local) found in intc_init_c.obj 
    3] .text (section,local) found in i2c_init_c.obj 
    3] .text.9 (notype,local) found in i2c_init_c.obj 
    3] .text (section,local) found in gpio_c.obj 
    3] .text.17 (notype,local) found in gpio_c.obj 
    3] .text (section,local) found in flexcan_init_c.obj 
    3] .text.196 (notype,local) found in flexcan_init_c.obj 
    3] .text (section,local) found in flash_init_c.obj 
    3] .text.14 (notype,local) found in flash_init_c.obj 
    3] .text (section,local) found in encoder_c.obj 
    3] .text.87 (notype,local) found in encoder_c.obj 
    3] .text (section,local) found in emios_init_c.obj 
    3] .text.17 (notype,local) found in emios_init_c.obj 
    3] .text (section,local) found in edma_init_c.obj 
    3] .text.9 (notype,local) found in edma_init_c.obj 
    3] .text (section,local) found in dspi_init_c.obj 
    3] .text.29 (notype,local) found in dspi_init_c.obj 
    3] .text (section,local) found in cansp_init_c.obj 
    3] .text.19 (notype,local) found in cansp_init_c.obj 
    3] .text (section,local) found in camera_c.obj 
    3] .text.360 (notype,local) found in camera_c.obj 
    3] .text (section,local) found in adc_init_c.obj 
    3] .text.37 (notype,local) found in adc_init_c.obj 
    3] .text (section,local) found in adc_drv_c.obj 
    3] .text.79 (notype,local) found in adc_drv_c.obj 
    3] .text (section,local) found in UART_drv_c.obj 
    3] .text.162 (notype,local) found in UART_drv_c.obj 


.__bam_bootarea section layout
  Starting        Virtual  File
  address  Size   address  offset
  ---------------------------------
  00000000 000008 00000000 00000280  1 .__bam_bootarea 	rchw_init_c.obj 
  00000000 000004 00000000 00000280  4 bam_rchw 	rchw_init_c.obj 
  00000004 000004 00000004 00000284  4 bam_resetvector 	rchw_init_c.obj 


.init section layout
  Starting        Virtual  File
  address  Size   address  offset
  ---------------------------------


.init_vle section layout
  Starting        Virtual  File
  address  Size   address  offset
  ---------------------------------


.exec_vect section layout
  Starting        Virtual  File
  address  Size   address  offset
  ---------------------------------


.exec_vect_Vle section layout
  Starting        Virtual  File
  address  Size   address  offset
  ---------------------------------
  00000000 0000f4 00001000 00000290  1 .exec_vect_Vle 	excep_handler_s.obj 
  00000000 0000f4 00001000 00000290  4 _@DummyFn1 	excep_handler_s.obj 
  00000000 000000 00001000 00000290    IVORxHandlers (entry of .exec_vect_Vle) 	excep_handler_s.obj 


.vects section layout
  Starting        Virtual  File
  address  Size   address  offset
  ---------------------------------
  00000000 0003a8 00002000 00000388  1 .vects 	intc_sw_vecttable_c.obj 
  00000000 0003a8 00002000 00000388  8 IntcIsrVectorTable 	intc_sw_vecttable_c.obj 


.text section layout
  Starting        Virtual  File
  address  Size   address  offset
  ---------------------------------


.text_vle section layout
  Starting        Virtual  File
  address  Size   address  offset
  ---------------------------------
  00000000 0000c0 00003000 00000730  1 .text_vle 	sw_handlers_s.obj 
  00000000 0000c0 00003000 00000730  4 _@DummyFn1 	sw_handlers_s.obj 
  00000000 000000 00003000 00000730    IVOR4Handler (entry of .text_vle) 	sw_handlers_s.obj 
  000000c0 00000e 000030c0 000007f0  1 .text_vle 	rappid_func_s.obj 
  000000c0 00000e 000030c0 000007f0  4 _@DummyFn1 	rappid_func_s.obj 
  000000c0 000000 000030c0 000007f0    IVPRInitialize (entry of .text_vle) 	rappid_func_s.obj 
  000000ce 000002 000030d0 00000800  4 *fill*
  000000d0 000050 000030d0 00000800  1 .text_vle 	excep_handler_s.obj 
  000000d0 000000 000030d0 00000800    IVOR0Handler (entry of .text_vle) 	excep_handler_s.obj 
  000000da 000000 000030da 0000080a    IVOR1Handler (entry of .text_vle) 	excep_handler_s.obj 
  000000e4 000000 000030e4 00000814    IVOR2Handler (entry of .text_vle) 	excep_handler_s.obj 
  000000ee 000000 000030ee 0000081e    IVOR3Handler (entry of .text_vle) 	excep_handler_s.obj 
  000000f8 000000 000030f8 00000828    IVOR5Handler (entry of .text_vle) 	excep_handler_s.obj 
  00000102 000000 00003102 00000832    IVOR6Handler (entry of .text_vle) 	excep_handler_s.obj 
  0000010c 000000 0000310c 0000083c    IVOR8Handler (entry of .text_vle) 	excep_handler_s.obj 
  00000116 000000 00003116 00000846    IVOR15Handler (entry of .text_vle) 	excep_handler_s.obj 
  00000120 000000 00003120 00000850    default_except_handler (entry of .text_vle) 	excep_handler_s.obj 
  00000120 000054 00003120 00000850  1 .text_vle 	crt0_s.obj 
  00000120 000054 00003120 00000850  4 _@DummyFn1 	crt0_s.obj 
  00000120 000000 00003120 00000850    __start (entry of .text_vle) 	crt0_s.obj 
  00000174 0000b0 00003174 000008a4  1 .text 	ultra_sonic_c.obj 
  00000174 00004a 00003174 000008a4  2 US_PIT3_ISR 	ultra_sonic_c.obj 
  000001be 00005c 000031be 000008ee  2 US_EMIOS1_F10_11_ISR 	ultra_sonic_c.obj 
  0000021a 00000a 0000321a 0000094a  2 US_Init 	ultra_sonic_c.obj 
  UNUSED   000058 ........ ........    US_Get ultra_sonic_c.obj 
  00000224 000000 00003224 00000954  1 .text.35 	ultra_sonic_c.obj 
  00000224 000032 00003224 00000954  1 .text 	timer_c.obj 
  00000224 000018 00003224 00000954  2 TIMER_PIT0_ISR 	timer_c.obj 
  0000023c 000008 0000323c 0000096c  2 TIMER_Init 	timer_c.obj 
  UNUSED   00001e ........ ........    TIMER_DelayMs timer_c.obj 
  00000244 000012 00003244 00000974  2 TIMER_GetRuntime 	timer_c.obj 
  00000256 000000 00003256 00000986  1 .text.32 	timer_c.obj 
  00000256 0004e2 00003256 00000986  1 .text 	sysclk_init_c.obj 
  00000256 00001c 00003256 00000986  2 sysclk_module_init_fnc 	sysclk_init_c.obj 
  00000272 00025a 00003272 000009a2  2 mode_entry_init_fnc 	sysclk_init_c.obj 
  000004cc 00017c 000034cc 00000bfc  2 sysclk_init_fnc 	sysclk_init_c.obj 
  00000648 00002a 00003648 00000d78  2 cmu_init_fnc 	sysclk_init_c.obj 
  00000672 0000c6 00003672 00000da2  2 mode_entry_post_config_fnc 	sysclk_init_c.obj 
  00000738 000000 00003738 00000e68  1 .text.65 	sysclk_init_c.obj 
  00000738 00006a 00003738 00000e68  1 .text 	sys_init_c.obj 
  00000738 00006a 00003738 00000e68  2 sys_init_fnc 	sys_init_c.obj 
  000007a2 000000 000037a2 00000ed2  1 .text.56 	sys_init_c.obj 
  000007a2 0000c8 000037a2 00000ed2  1 .text 	swt_init_c.obj 
  000007a2 0000c8 000037a2 00000ed2  2 swt_init_fnc 	swt_init_c.obj 
  UNUSED   000032 ........ ........    swt_srvc_seq_fnc swt_init_c.obj 
  0000086a 000000 0000386a 00000f9a  1 .text.29 	swt_init_c.obj 
  0000086a 0000a8 0000386a 00000f9a  1 .text 	stm_init_c.obj 
  0000086a 0000a8 0000386a 00000f9a  2 stm_init_fnc 	stm_init_c.obj 
  00000912 000000 00003912 00001042  1 .text.9 	stm_init_c.obj 
  00000912 0009dc 00003912 00001042  1 .text 	siu_init_c.obj 
  00000912 000040 00003912 00001042  2 siu_init_fnc 	siu_init_c.obj 
  00000952 0000c0 00003952 00001082  2 siu_portA_init_fnc 	siu_init_c.obj 
  00000a12 00009c 00003a12 00001142  2 siu_portB_init_fnc 	siu_init_c.obj 
  00000aae 0000c0 00003aae 000011de  2 siu_portC_init_fnc 	siu_init_c.obj 
  00000b6e 00009e 00003b6e 0000129e  2 siu_portD_init_fnc 	siu_init_c.obj 
  00000c0c 0000b2 00003c0c 0000133c  2 siu_portE_init_fnc 	siu_init_c.obj 
  00000cbe 0000c2 00003cbe 000013ee  2 siu_portF_init_fnc 	siu_init_c.obj 
  00000d80 0000ba 00003d80 000014b0  2 siu_portG_init_fnc 	siu_init_c.obj 
  00000e3a 00007c 00003e3a 0000156a  2 siu_portH_init_fnc 	siu_init_c.obj 
  00000eb6 000180 00003eb6 000015e6  2 siu_general_init_fnc 	siu_init_c.obj 
  00001036 000052 00004036 00001766  2 siu_parallel_port_init_fnc 	siu_init_c.obj 
  00001088 000002 00004088 000017b8  2 siu_unused_pins_init_fnc 	siu_init_c.obj 
  0000108a 000264 0000408a 000017ba  2 siu_psmi_init_fnc 	siu_init_c.obj 
  000012ee 000000 000042ee 00001a1e  1 .text.57 	siu_init_c.obj 
  000012ee 000030 000042ee 00001a1e  1 .text 	rtc_init_c.obj 
  000012ee 000030 000042ee 00001a1e  2 rtc_init_fnc 	rtc_init_c.obj 
  0000131e 000000 0000431e 00001a4e  1 .text.9 	rtc_init_c.obj 
  0000131e 0000ae 0000431e 00001a4e  1 .text 	romcopy_c.obj 
  0000131e 0000ae 0000431e 00001a4e  2 romcopy 	romcopy_c.obj 
  000013cc 000000 000043cc 00001afc  1 .text.34 	romcopy_c.obj 
  000013cc 000044 000043cc 00001afc  1 .text 	rgm_init_c.obj 
  000013cc 000044 000043cc 00001afc  2 rgm_init_fnc 	rgm_init_c.obj 
  00001410 000000 00004410 00001b40  1 .text.9 	rgm_init_c.obj 
  00001410 000006 00004410 00001b40  1 .text 	rappid_utils_c.obj 
  00001410 000006 00004410 00001b40  2 EnableExternalInterrupts 	rappid_utils_c.obj 
  UNUSED   000006 ........ ........    DisableExternalInterrupts rappid_utils_c.obj 
  UNUSED   000016 ........ ........    fs_clearmem rappid_utils_c.obj 
  00001416 000000 00004416 00001b46  1 .text.29 	rappid_utils_c.obj 
  00001416 0001ae 00004416 00001b46  1 .text 	pit_init_c.obj 
  00001416 0001ae 00004416 00001b46  2 pit_init_fnc 	pit_init_c.obj 
  000015c4 000000 000045c4 00001cf4  1 .text.9 	pit_init_c.obj 
  000015c4 0000fa 000045c4 00001cf4  1 .text 	onBoardLedSwitch_c.obj 
  000015c4 00003a 000045c4 00001cf4  2 Led_Set 	onBoardLedSwitch_c.obj 
  000015fe 000066 000045fe 00001d2e  2 Led_Set_All 	onBoardLedSwitch_c.obj 
  00001664 00005a 00004664 00001d94  2 BUTTON_Read 	onBoardLedSwitch_c.obj 
  UNUSED   00005a ........ ........    DIP_Read onBoardLedSwitch_c.obj 
  000016be 000000 000046be 00001dee  1 .text.30 	onBoardLedSwitch_c.obj 
  000016be 00001a 000046be 00001dee  1 .text 	msr_init_c.obj 
  000016be 00001a 000046be 00001dee  2 msr_init_fnc 	msr_init_c.obj 
  000016d8 000000 000046d8 00001e08  1 .text.8 	msr_init_c.obj 
  000016d8 000010 000046d8 00001e08  1 .text 	mpu_init_c.obj 
  000016d8 000010 000046d8 00001e08  2 mpu_init_fnc 	mpu_init_c.obj 
  000016e8 000000 000046e8 00001e18  1 .text.9 	mpu_init_c.obj 
  000016e8 0001b0 000046e8 00001e18  1 .text 	motor_c.obj 
  000016e8 00001a 000046e8 00001e18  2 MOTOR_Init 	motor_c.obj 
  00001702 000032 00004702 00001e32  2 MOTOR_Servo 	motor_c.obj 
  00001734 00006a 00004734 00001e64  2 MOTOR_DC_R 	motor_c.obj 
  0000179e 00006a 0000479e 00001ece  2 MOTOR_DC_L 	motor_c.obj 
  UNUSED   000038 ........ ........    MOTOR_BrakeEngine motor_c.obj 
  00001808 000048 00004808 00001f38  2 MOTOR_Current_Speed_R 	motor_c.obj 
  00001850 000048 00004850 00001f80  2 MOTOR_Current_Speed_L 	motor_c.obj 
  00001898 000000 00004898 00001fc8  1 .text.60 	motor_c.obj 
  00001898 0008c0 00004898 00001fc8  1 .text 	main_c.obj 
  00001898 000034 00004898 00001fc8  2 init_peripherals 	main_c.obj 
  000018cc 0006f2 000048cc 00001ffc  2 DoMainLoop 	main_c.obj 
  00001fbe 00002a 00004fbe 000026ee  2 main 	main_c.obj 
  UNUSED   00010e ........ ........    AEB main_c.obj 
  00001fe8 000062 00004fe8 00002718  2 Button_Select_RunMode 	main_c.obj 
  0000204a 00010e 0000504a 0000277a  2 Servo_Control 	main_c.obj 
  00002158 000000 00005158 00002888  1 .text.180 	main_c.obj 
  00002158 000514 00005158 00002888  1 .text 	linflex_init_c.obj 
  00002158 000028 00005158 00002888  2 linflex_init_fnc 	linflex_init_c.obj 
  00002180 000164 00005180 000028b0  2 linflex0_init_fnc 	linflex_init_c.obj 
  000022e4 0000ca 000052e4 00002a14  2 linflex1_init_fnc 	linflex_init_c.obj 
  000023ae 0000b6 000053ae 00002ade  2 linflex2_init_fnc 	linflex_init_c.obj 
  00002464 0000b6 00005464 00002b94  2 linflex3_init_fnc 	linflex_init_c.obj 
  0000251a 00009c 0000551a 00002c4a  2 linflex4_init_fnc 	linflex_init_c.obj 
  000025b6 0000b6 000055b6 00002ce6  2 linflex5_init_fnc 	linflex_init_c.obj 
  0000266c 000000 0000566c 00002d9c  1 .text.33 	linflex_init_c.obj 
  0000266c 000210 0000566c 00002d9c  1 .text 	lcd_c.obj 
  0000266c 000018 0000566c 00002d9c  2 LCD_PIT1_ISR 	lcd_c.obj 
  00002684 000034 00005684 00002db4  2 LCD_initialize 	lcd_c.obj 
  000026b8 000078 000056b8 00002de8  2 LCD_PtS 	lcd_c.obj 
  00002730 000024 00005730 00002e60  2 LCD_ENA_HL 	lcd_c.obj 
  00002754 00001c 00005754 00002e84  2 LCD_com 	lcd_c.obj 
  00002770 00002a 00005770 00002ea0  2 LCD_data 	lcd_c.obj 
  0000279a 000030 0000579a 00002eca  2 LCD_XY 	lcd_c.obj 
  000027ca 00003c 000057ca 00002efa  2 LCD_string 	lcd_c.obj 
  00002806 000026 00005806 00002f36  2 LCD_Clear 	lcd_c.obj 
  0000282c 00001a 0000582c 00002f5c  2 LCD_ON 	lcd_c.obj 
  00002846 00001c 00005846 00002f76  2 LCD_OFF 	lcd_c.obj 
  00002862 00001a 00005862 00002f92  2 LCD_delay_us 	lcd_c.obj 
  0000287c 000000 0000587c 00002fac  1 .text.96 	lcd_c.obj 
  0000287c 0000a4 0000587c 00002fac  1 .text 	isr_init_c.obj 
  0000287c 00000a 0000587c 00002fac  2 ADC0_EOC_ISR 	isr_init_c.obj 
  00002886 00000c 00005886 00002fb6  2 PIT2_ISR 	isr_init_c.obj 
  00002892 00000e 00005892 00002fc2  2 EIRQ8_15_ISR 	isr_init_c.obj 
  000028a0 00001c 000058a0 00002fd0  2 SDBG_RX0_ISR 	isr_init_c.obj 
  000028bc 00001c 000058bc 00002fec  2 SDBG_TX0_ISR 	isr_init_c.obj 
  000028d8 000024 000058d8 00003008  2 MUART_RX1_ISR 	isr_init_c.obj 
  000028fc 000024 000058fc 0000302c  2 MUART_TX1_ISR 	isr_init_c.obj 
  00002920 000000 00005920 00003050  1 .text.55 	isr_init_c.obj 
  00002920 000002 00005920 00003050  1 .text 	intc_sw_vecttable_c.obj 
  00002920 000002 00005920 00003050  2 interrupt_handler 	intc_sw_vecttable_c.obj 
  00002922 000000 00005922 00003052  1 .text.56 	intc_sw_vecttable_c.obj 
  00002922 000760 00005922 00003052  1 .text 	intc_init_c.obj 
  00002922 000756 00005922 00003052  2 intc_init_fnc 	intc_init_c.obj 
  00003078 00000a 00006078 000037a8  2 en_int_fnc 	intc_init_c.obj 
  00003082 000000 00006082 000037b2  1 .text.19 	intc_init_c.obj 
  00003082 000030 00006082 000037b2  1 .text 	i2c_init_c.obj 
  00003082 000030 00006082 000037b2  2 i2c_0_init_fnc 	i2c_init_c.obj 
  000030b2 000000 000060b2 000037e2  1 .text.9 	i2c_init_c.obj 
  000030b2 000044 000060b2 000037e2  1 .text 	gpio_c.obj 
  000030b2 000026 000060b2 000037e2  2 GPIO_Get 	gpio_c.obj 
  000030d8 00001e 000060d8 00003808  2 GPIO_Set 	gpio_c.obj 
  000030f6 000000 000060f6 00003826  1 .text.17 	gpio_c.obj 
  000030f6 000a38 000060f6 00003826  1 .text 	flexcan_init_c.obj 
  000030f6 00005a 000060f6 00003826  2 flexcan_init_fnc 	flexcan_init_c.obj 
  00003150 00017e 00006150 00003880  2 flexcan_0_init_fnc 	flexcan_init_c.obj 
  000032ce 0001ba 000062ce 000039fe  2 flexcan_1_init_fnc 	flexcan_init_c.obj 
  00003488 0001b8 00006488 00003bb8  2 flexcan_2_init_fnc 	flexcan_init_c.obj 
  00003640 0001b8 00006640 00003d70  2 flexcan_3_init_fnc 	flexcan_init_c.obj 
  000037f8 00017e 000067f8 00003f28  2 flexcan_4_init_fnc 	flexcan_init_c.obj 
  00003976 0001b8 00006976 000040a6  2 flexcan_5_init_fnc 	flexcan_init_c.obj 
  00003b2e 000000 00006b2e 0000425e  1 .text.196 	flexcan_init_c.obj 
  00003b2e 00003c 00006b2e 0000425e  1 .text 	flash_init_c.obj 
  00003b2e 00003c 00006b2e 0000425e  2 flash_init_fnc 	flash_init_c.obj 
  00003b6a 000000 00006b6a 0000429a  1 .text.14 	flash_init_c.obj 
  00003b6a 000238 00006b6a 0000429a  1 .text 	encoder_c.obj 
  00003b6a 000086 00006b6a 0000429a  2 ENC1_EIRQ16_23_ISR 	encoder_c.obj 
  00003bf0 000086 00006bf0 00004320  2 ENC2_EIRQ0_7_ISR 	encoder_c.obj 
  UNUSED   00000e ........ ........    ENC_Init encoder_c.obj 
  UNUSED   000006 ........ ........    ENC_Get1 encoder_c.obj 
  UNUSED   000006 ........ ........    ENC_Get2 encoder_c.obj 
  00003c76 000006 00006c76 000043a6  2 ENC_Rate1_Return 	encoder_c.obj 
  00003c7c 000006 00006c7c 000043ac  2 ENC_Rate2_Return 	encoder_c.obj 
  00003c82 000056 00006c82 000043b2  2 ENC_SPEED_PIT5_ISR 	encoder_c.obj 
  00003cd8 00002e 00006cd8 00004408  2 Speed_Propsal_Update 	encoder_c.obj 
  00003d06 00009c 00006d06 00004436  2 Speed_Control 	encoder_c.obj 
  00003da2 000000 00006da2 000044d2  1 .text.87 	encoder_c.obj 
  00003da2 000820 00006da2 000044d2  1 .text 	emios_init_c.obj 
  00003da2 000018 00006da2 000044d2  2 emios_init_fnc 	emios_init_c.obj 
  00003dba 0003f8 00006dba 000044ea  2 emios_0_init_fnc 	emios_init_c.obj 
  000041b2 000410 000071b2 000048e2  2 emios_1_init_fnc 	emios_init_c.obj 
  000045c2 000000 000075c2 00004cf2  1 .text.17 	emios_init_c.obj 
  000045c2 000160 000075c2 00004cf2  1 .text 	edma_init_c.obj 
  000045c2 000160 000075c2 00004cf2  2 edma_init_fnc 	edma_init_c.obj 
  00004722 000000 00007722 00004e52  1 .text.9 	edma_init_c.obj 
  00004722 000324 00007722 00004e52  1 .text 	dspi_init_c.obj 
  00004722 000024 00007722 00004e52  2 dspi_init_fnc 	dspi_init_c.obj 
  00004746 000086 00007746 00004e76  2 dspi0_init_fnc 	dspi_init_c.obj 
  000047cc 0000a8 000077cc 00004efc  2 dspi1_init_fnc 	dspi_init_c.obj 
  00004874 0000a6 00007874 00004fa4  2 dspi2_init_fnc 	dspi_init_c.obj 
  0000491a 0000a6 0000791a 0000504a  2 dspi3_init_fnc 	dspi_init_c.obj 
  000049c0 000086 000079c0 000050f0  2 dspi4_init_fnc 	dspi_init_c.obj 
  00004a46 000000 00007a46 00005176  1 .text.29 	dspi_init_c.obj 
  00004a46 000054 00007a46 00005176  1 .text 	cansp_init_c.obj 
  00004a46 000054 00007a46 00005176  2 cansp_init_fnc 	cansp_init_c.obj 
  UNUSED   000010 ........ ........    cansp_trigger_fnc cansp_init_c.obj 
  00004a9a 000000 00007a9a 000051ca  1 .text.19 	cansp_init_c.obj 
  00004a9a 000a7a 00007a9a 000051ca  1 .text 	camera_c.obj 
  00004a9a 00002c 00007a9a 000051ca  2 CAM_PIT4_ISR 	camera_c.obj 
  00004ac6 00006c 00007ac6 000051f6  2 CAM_Init 	camera_c.obj 
  UNUSED   000006 ........ ........    CAM_MICRO_SEC_RETURN camera_c.obj 
  00004b32 000008 00007b32 00005262  2 CAM_RESET_TIMER 	camera_c.obj 
  UNUSED   000012 ........ ........    CAM_SI_ON camera_c.obj 
  UNUSED   000090 ........ ........    CAM_RUN camera_c.obj 
  UNUSED   0000ea ........ ........    CAM_Clock camera_c.obj 
  UNUSED   0000f4 ........ ........    CAM_RUN2 camera_c.obj 
  UNUSED   000018 ........ ........    CAM_DATA1 camera_c.obj 
  UNUSED   000018 ........ ........    CAM_DATA2 camera_c.obj 
  UNUSED   000030 ........ ........    CAM_DELAY camera_c.obj 
  UNUSED   000016 ........ ........    CAM_PulseWidth camera_c.obj 
  UNUSED   00006e ........ ........    CAM_UPDATE_DATA camera_c.obj 
  UNUSED   000006 ........ ........    CAM_RUN_MODE_SETUP camera_c.obj 
  00004b3a 000900 00007b3a 0000526a  2 laneProcess 	camera_c.obj 
  0000543a 000092 0000843a 00005b6a  2 laneStatusUpdate 	camera_c.obj 
  000054cc 00001e 000084cc 00005bfc  2 cam1LanePositionReturn 	camera_c.obj 
  000054ea 00001e 000084ea 00005c1a  2 cam2LanePositionReturn 	camera_c.obj 
  UNUSED   000006 ........ ........    ifLaneProcessEnd camera_c.obj 
  00005508 000006 00008508 00005c38  2 ifSchoolZone 	camera_c.obj 
  0000550e 000006 0000850e 00005c3e  2 ifCrossSection 	camera_c.obj 
  00005514 000000 00008514 00005c44  1 .text.360 	camera_c.obj 
  00005514 00068a 00008514 00005c44  1 .text 	adc_init_c.obj 
  00005514 00001c 00008514 00005c44  2 adc_init_fnc 	adc_init_c.obj 
  00005530 0000c0 00008530 00005c60  2 adc_0_init_fnc 	adc_init_c.obj 
  000055f0 0000be 000085f0 00005d20  2 adc_1_init_fnc 	adc_init_c.obj 
  000056ae 0002a2 000086ae 00005dde  2 adc_ctuevent_init_fnc 	adc_init_c.obj 
  00005950 000144 00008950 00006080  2 adc_0_channel_setup_fnc 	adc_init_c.obj 
  00005a94 0000c6 00008a94 000061c4  2 adc_1_channel_setup_fnc 	adc_init_c.obj 
  00005b5a 00001e 00008b5a 0000628a  2 adc_0_trigger_setup_fnc 	adc_init_c.obj 
  00005b78 000026 00008b78 000062a8  2 adc_1_trigger_setup_fnc 	adc_init_c.obj 
  00005b9e 000000 00008b9e 000062ce  1 .text.37 	adc_init_c.obj 
  00005b9e 0000c6 00008b9e 000062ce  1 .text 	adc_drv_c.obj 
  00005b9e 00002e 00008b9e 000062ce  2 ADC_Get 	adc_drv_c.obj 
  UNUSED   00005c ........ ........    A2D_GetSingleCh_12bit adc_drv_c.obj 
  00005bcc 000098 00008bcc 000062fc  2 A2D_GetSingleCh_10bit 	adc_drv_c.obj 
  UNUSED   00002a ........ ........    A2D_GetChResult_12bit adc_drv_c.obj 
  UNUSED   000030 ........ ........    A2D_GetChResult_10bit adc_drv_c.obj 
  UNUSED   00001c ........ ........    A2D_SetupCh_12bit adc_drv_c.obj 
  UNUSED   00005e ........ ........    A2D_SetupCh_10bit adc_drv_c.obj 
  00005c64 000000 00008c64 00006394  1 .text.79 	adc_drv_c.obj 
  00005c64 0001ea 00008c64 00006394  1 .text 	UART_drv_c.obj 
  00005c64 0000b0 00008c64 00006394  2 UartTxMsg 	UART_drv_c.obj 
  UNUSED   000070 ........ ........    UartRxDataByte UART_drv_c.obj 
  UNUSED   000044 ........ ........    UartRxNewDataSize UART_drv_c.obj 
  UNUSED   00002e ........ ........    UartRxBufEmpty UART_drv_c.obj 
  00005d14 000018 00008d14 00006444  2 UartBufInit 	UART_drv_c.obj 
  UNUSED   0000a2 ........ ........    UartRxFillBuf UART_drv_c.obj 
  00005d2c 000074 00008d2c 0000645c  2 itoa 	UART_drv_c.obj 
  00005da0 000052 00008da0 000064d0  2 UART_print 	UART_drv_c.obj 
  00005df2 00005c 00008df2 00006522  2 UART_println 	UART_drv_c.obj 
  00005e4e 000000 00008e4e 0000657e  1 .text.162 	UART_drv_c.obj 


.rodata section layout
  Starting        Virtual  File
  address  Size   address  offset
  ---------------------------------
  00000000 000018 00008e50 00006580  1 .rodata 	camera_c.obj 
  00000000 00000c 00008e50 00006580  4 @169 	camera_c.obj 
  0000000c 00000c 00008e5c 0000658c  4 @171 	camera_c.obj 


.ctors section layout
  Starting        Virtual  File
  address  Size   address  offset
  ---------------------------------


.dtors section layout
  Starting        Virtual  File
  address  Size   address  offset
  ---------------------------------


.sdata2 section layout
  Starting        Virtual  File
  address  Size   address  offset
  ---------------------------------
  00000000 000008 00008e68 00006598  1 .sdata2 	main_c.obj 
  00000000 000008 00008e68 00006598  8 @150 	main_c.obj 


.sbss2 section layout
  Starting        Virtual  File
  address  Size   address  offset
  ---------------------------------


.data section layout
  Starting        Virtual  File
  address  Size   address  offset
  ---------------------------------
  00000000 000282 40000000 000065a0  1 .data 	main_c.obj 
  00000000 000100 40000000 000065a0  8 string_temp 	main_c.obj 
  00000100 000011 40000100 000066a0  4 strA 	main_c.obj 
  UNUSED   000011 ........ ........    strB main_c.obj 
  00000114 00000c 40000114 000066b4  4 @75 	main_c.obj 
  00000120 000011 40000120 000066c0  4 @77 	main_c.obj 
  00000134 000011 40000134 000066d4  4 @78 	main_c.obj 
  00000148 00000a 40000148 000066e8  4 @80 	main_c.obj 
  00000154 00000a 40000154 000066f4  4 @82 	main_c.obj 
  00000160 000037 40000160 00006700  4 @83 	main_c.obj 
  00000198 000011 40000198 00006738  4 @84 	main_c.obj 
  000001ac 000011 400001ac 0000674c  4 @85 	main_c.obj 
  000001c0 000010 400001c0 00006760  8 @86 	main_c.obj 
  000001d0 00000d 400001d0 00006770  4 @87 	main_c.obj 
  000001e0 000012 400001e0 00006780  4 @88 	main_c.obj 
  000001f4 000012 400001f4 00006794  4 @89 	main_c.obj 
  00000208 000019 40000208 000067a8  4 @90 	main_c.obj 
  00000224 000012 40000224 000067c4  4 @91 	main_c.obj 
  00000238 00000c 40000238 000067d8  4 @92 	main_c.obj 
  00000244 00000a 40000244 000067e4  4 @93 	main_c.obj 
  00000250 00000a 40000250 000067f0  4 @94 	main_c.obj 
  0000025c 00000a 4000025c 000067fc  4 @95 	main_c.obj 
  00000268 00000a 40000268 00006808  4 @96 	main_c.obj 
  00000274 00000e 40000274 00006814  4 @106 	main_c.obj 
  00000282 000006 40000288 00006828  8 *fill*
  00000288 0003fe 40000288 00006828  1 .data 	camera_c.obj 
  00000288 000100 40000288 00006828  8 CAM_READ1 	camera_c.obj 
  00000388 000100 40000388 00006928  8 string_temp2 	camera_c.obj 
  00000488 00000a 40000488 00006a28  4 @270 	camera_c.obj 
  00000494 000009 40000494 00006a34  4 @275 	camera_c.obj 
  000004a0 00000c 400004a0 00006a40  4 @277 	camera_c.obj 
  000004ac 00000c 400004ac 00006a4c  4 @278 	camera_c.obj 
  000004b8 00000b 400004b8 00006a58  4 @279 	camera_c.obj 
  000004c4 000013 400004c4 00006a64  4 @281 	camera_c.obj 
  000004d8 000012 400004d8 00006a78  4 @282 	camera_c.obj 
  000004ec 000012 400004ec 00006a8c  4 @283 	camera_c.obj 
  00000500 000016 40000500 00006aa0  4 @284 	camera_c.obj 
  00000518 000013 40000518 00006ab8  4 @285 	camera_c.obj 
  0000052c 000013 4000052c 00006acc  4 @286 	camera_c.obj 
  00000540 000023 40000540 00006ae0  4 @287 	camera_c.obj 
  00000564 00000b 40000564 00006b04  4 @288 	camera_c.obj 
  00000570 000009 40000570 00006b10  4 @289 	camera_c.obj 
  0000057c 000009 4000057c 00006b1c  4 @290 	camera_c.obj 
  00000588 000024 40000588 00006b28  4 @291 	camera_c.obj 
  000005ac 00001b 400005ac 00006b4c  4 @292 	camera_c.obj 
  000005c8 000016 400005c8 00006b68  4 @293 	camera_c.obj 
  000005e0 00002d 400005e0 00006b80  4 @294 	camera_c.obj 
  00000610 000017 40000610 00006bb0  4 @295 	camera_c.obj 
  00000628 000011 40000628 00006bc8  4 @296 	camera_c.obj 
  0000063c 00002d 4000063c 00006bdc  4 @297 	camera_c.obj 
  0000066c 00000f 4000066c 00006c0c  4 @298 	camera_c.obj 
  0000067c 00000a 4000067c 00006c1c  4 @299 	camera_c.obj 


.j_pdata section layout
  Starting        Virtual  File
  address  Size   address  offset
  ---------------------------------


.sdata section layout
  Starting        Virtual  File
  address  Size   address  offset
  ---------------------------------
  00000000 000010 40000688 00006c28  1 .sdata 	ultra_sonic_c.obj 
  UNUSED   000004 ........ ........    us_echo ultra_sonic_c.obj 
  00000000 000004 40000688 00006c28  4 us_tmeans 	ultra_sonic_c.obj 
  00000004 000004 4000068c 00006c2c  4 us_t1 	ultra_sonic_c.obj 
  00000008 000004 40000690 00006c30  4 us_t2 	ultra_sonic_c.obj 
  0000000c 000004 40000694 00006c34  4 us_val 	ultra_sonic_c.obj 
  UNUSED   000004 ........ ........    us_val_old ultra_sonic_c.obj 
  00000010 000008 40000698 00006c38  1 .sdata 	motor_c.obj 
  00000010 000004 40000698 00006c38  4 current_speed_r 	motor_c.obj 
  00000014 000004 4000069c 00006c3c  4 current_speed_l 	motor_c.obj 
  00000018 000012 400006a0 00006c40  1 .sdata 	main_c.obj 
  00000018 000004 400006a0 00006c40  4 time_gap 	main_c.obj 
  UNUSED   000004 ........ ........    USval main_c.obj 
  UNUSED   000004 ........ ........    IRval main_c.obj 
  0000001c 000001 400006a4 00006c44  1 flag 	main_c.obj 
  00000020 000004 400006a8 00006c48  4 @76 	main_c.obj 
  00000024 000001 400006ac 00006c4c  4 @79 	main_c.obj 
  00000028 000002 400006b0 00006c50  4 @81 	main_c.obj 
  0000002a 000006 400006b8 00006c58  8 *fill*
  00000030 000004 400006b8 00006c58  1 .sdata 	lcd_c.obj 
  00000030 000004 400006b8 00006c58  4 delay_t 	lcd_c.obj 
  00000034 000004 400006c0 00006c60  8 *fill*
  00000038 00001e 400006c0 00006c60  1 .sdata 	encoder_c.obj 
  00000038 000004 400006c0 00006c60  4 enc_val1 	encoder_c.obj 
  0000003c 000004 400006c4 00006c64  4 enc_val2 	encoder_c.obj 
  00000040 000004 400006c8 00006c68  4 enc_rate1 	encoder_c.obj 
  00000044 000004 400006cc 00006c6c  4 enc_rate2 	encoder_c.obj 
  00000048 000004 400006d0 00006c70  4 DC_Power_R 	encoder_c.obj 
  0000004c 000004 400006d4 00006c74  4 DC_Power_L 	encoder_c.obj 
  00000050 000002 400006d8 00006c78  2 kpR 	encoder_c.obj 
  00000052 000002 400006da 00006c7a  2 kpL 	encoder_c.obj 
  00000054 000002 400006dc 00006c7c  2 ki 	encoder_c.obj 
  00000056 000002 400006e0 00006c80  8 *fill*
  00000058 00002e 400006e0 00006c80  1 .sdata 	camera_c.obj 
  00000058 000002 400006e0 00006c80  2 TIME_CONST 	camera_c.obj 
  0000005a 000002 400006e2 00006c82  2 DELAY_SI 	camera_c.obj 
  0000005c 000002 400006e4 00006c84  2 DELAY_CLK 	camera_c.obj 
  0000005e 000002 400006e6 00006c86  2 DELAY_WAIT 	camera_c.obj 
  UNUSED   000001 ........ ........    CAM_TIMER_CH camera_c.obj 
  UNUSED   000001 ........ ........    CAM_SI_FLAG camera_c.obj 
  UNUSED   000001 ........ ........    CAM_CLK_FLAG camera_c.obj 
  00000060 000002 400006e8 00006c88  2 CAM_RUN_MODE 	camera_c.obj 
  00000064 000006 400006ec 00006c8c  4 @271 	camera_c.obj 
  0000006c 000002 400006f4 00006c94  4 @272 	camera_c.obj 
  00000070 000006 400006f8 00006c98  4 @273 	camera_c.obj 
  00000078 000003 40000700 00006ca0  4 @274 	camera_c.obj 
  0000007c 000001 40000704 00006ca4  4 @276 	camera_c.obj 
  00000080 000006 40000708 00006ca8  4 @280 	camera_c.obj 
  00000086 000002 40000710 00006cb0  8 *fill*
  00000088 000007 40000710 00006cb0  1 .sdata 	UART_drv_c.obj 
  00000088 000002 40000710 00006cb0  4 @110 	UART_drv_c.obj 
  0000008c 000003 40000714 00006cb4  4 @150 	UART_drv_c.obj 


.sbss section layout
  Starting        Virtual  File
  address  Size   address  offset
  ---------------------------------
  00000000 000004 40000718 00006cb8  1 .sbss 	timer_c.obj 
  00000000 000004 40000718 00006cb8  4 timer_msec 	timer_c.obj 
  00000004 000004 40000720 00006cc0  8 *fill*
  00000008 000031 40000720 00006cc0  1 .sbss 	main_c.obj 
  UNUSED   000004 ........ ........    i main_c.obj 
  00000008 000004 40000720 00006cc0  4 t_current 	main_c.obj 
  0000000c 000004 40000724 00006cc4  4 t_old 	main_c.obj 
  00000010 000004 40000728 00006cc8  4 cnt 	main_c.obj 
  00000014 000002 4000072c 00006ccc  2 Speed_Proposal_inMain 	main_c.obj 
  00000016 000002 4000072e 00006cce  2 k_test 	main_c.obj 
  00000018 000008 40000730 00006cd0  8 LCD_BUFF1 	main_c.obj 
  00000020 000008 40000738 00006cd8  8 LCD_BUFF2 	main_c.obj 
  00000028 000008 40000740 00006ce0  8 LCD_BUFF3 	main_c.obj 
  00000030 000008 40000748 00006ce8  8 LCD_BUFF4 	main_c.obj 
  UNUSED   000001 ........ ........    flag_US main_c.obj 
  UNUSED   000001 ........ ........    flag_IR main_c.obj 
  UNUSED   000001 ........ ........    flag_Slope main_c.obj 
  UNUSED   000001 ........ ........    flag_Wall main_c.obj 
  00000038 000001 40000750 00006cf0  1 run_mode 	main_c.obj 
  00000039 000007 40000758 00006cf8  8 *fill*
  00000040 000004 40000758 00006cf8  1 .sbss 	lcd_c.obj 
  00000040 000004 40000758 00006cf8  4 LCD_timer_ms 	lcd_c.obj 
  00000044 000004 40000760 00006d00  8 *fill*
  00000048 000014 40000760 00006d00  1 .sbss 	encoder_c.obj 
  00000048 000002 40000760 00006d00  2 Speed_Proposal 	encoder_c.obj 
  0000004c 000004 40000764 00006d04  4 cont_val_I_R 	encoder_c.obj 
  00000050 000004 40000768 00006d08  4 cont_val_I_L 	encoder_c.obj 
  00000054 000004 4000076c 00006d0c  4 cont_val_P_R 	encoder_c.obj 
  00000058 000004 40000770 00006d10  4 cont_val_P_L 	encoder_c.obj 
  0000005c 000004 40000778 00006d18  8 *fill*
  00000060 00001f 40000778 00006d18  1 .sbss 	camera_c.obj 
  00000060 000002 40000778 00006d18  2 CAM_TIME_TOT 	camera_c.obj 
  00000064 000004 4000077c 00006d1c  4 CAM_MICRO_SEC 	camera_c.obj 
  UNUSED   000004 ........ ........    CAM_MICRO_SEC_OLD camera_c.obj 
  UNUSED   000002 ........ ........    CAM_CLK_COUNTER camera_c.obj 
  00000068 000001 40000780 00006d20  1 CAM_RAN_FLAG 	camera_c.obj 
  UNUSED   000002 ........ ........    i_cam camera_c.obj 
  0000006c 000006 40000784 00006d24  4 cam1LanePosition 	camera_c.obj 
  00000074 000006 4000078c 00006d2c  4 cam2LanePosition 	camera_c.obj 
  0000007a 000001 40000792 00006d32  1 cam1LaneNum 	camera_c.obj 
  0000007b 000001 40000793 00006d33  1 cam2LaneNum 	camera_c.obj 
  0000007c 000001 40000794 00006d34  1 crossSectionFlag 	camera_c.obj 
  0000007d 000001 40000795 00006d35  1 schoolZoneFlag 	camera_c.obj 
  0000007e 000001 40000796 00006d36  1 laneProccessEndFlag 	camera_c.obj 
  UNUSED   000004 ........ ........    t0_CAM_WAIT camera_c.obj 
  UNUSED   000004 ........ ........    t0_CAM_CLK_DOWN camera_c.obj 
  UNUSED   000004 ........ ........    t0_CAM_CLK camera_c.obj 
  UNUSED   000004 ........ ........    t0_CAM_SI camera_c.obj 


.bss section layout
  Starting        Virtual  File
  address  Size   address  offset
  ---------------------------------
  00000000 000300 40000798 00006cb8  1 .bss 	camera_c.obj 
  UNUSED   000102 ........ ........    CAM_TEMP1 camera_c.obj 
  UNUSED   000102 ........ ........    CAM_TEMP2 camera_c.obj 
  00000000 000100 40000798 00006cb8  8 CAM_READ2 	camera_c.obj 
  00000100 000100 40000898 00006db8  8 CAM_READ1_STORE 	camera_c.obj 
  00000200 000100 40000998 00006eb8  8 CAM_READ2_STORE 	camera_c.obj 
  00000300 000104 40000a98 00006fb8  1 .bss 	UART_drv_c.obj 
  00000300 000104 40000a98 00006fb8  4 UARTBuf 	UART_drv_c.obj 


.tibss section layout
  Starting        Virtual  File
  address  Size   address  offset
  ---------------------------------


.tidata section layout
  Starting        Virtual  File
  address  Size   address  offset
  ---------------------------------


Memory map:
                       Starting Size     File     ROM      RAM Buffer  S-Record
                       address           Offset   Address  Address     Line
       .__bam_bootarea 00000000 00000008 00000280 00000000 00000000          2
                 .init 00000020 00000000 00000288 00003000 00003000          0
             .init_vle 00000020 00000000 00000288 00000020 00000020          0
        .exec_vect_Vle 00001000 000000f4 00000290 00001000 00001000          3
                .vects 00002000 000003a8 00000388 00002000 00002000         16
             .text_vle 00003000 00005e50 00000730 00003000 00003000         63
               .rodata 00008e50 00000018 00006580 00008e50 00008e50       1271
                .ctors 00008e68 00000000 00006598 00008e68 00008e68          0
                .dtors 00008e68 00000000 00006598 00008e68 00008e68          0
               .sdata2 00008e68 00000008 00006598 00008e68 00008e68       1273
                .sbss2 00008e70 00000000 000065a0 00008e70 00008e70          0
                 .data 40000000 00000688 000065a0 00008e70 00008e70       1274
                .sdata 40000688 00000090 00006c28 000094f8 000094f8       1358
                 .sbss 40000718 00000080 00006cb8 00009588 00009588          0
                  .bss 40000798 00000404 00006cb8 00009588 00009588          0
      .PPC.EMB.apuinfo 00011d2c 00000000 000189f0 0001b2b4 0001b2b4          0
         .debug_abbrev          00000153 00006cb8
           .debug_info          00004bb8 00006e0b
        .debug_aranges          00000080 0000b9c3
           .debug_line          00008b5f 0000ba43
            .debug_loc          00000b6f 000145a2
       .debug_pubnames          00000ff9 00015111


Linker generated symbols:
                   __argv 00003000
                    __env 00003000
               __DATA_ROM 00008e70
               __DATA_RAM 40000000
               __DATA_END 40000718
              __BSS_START 40000718
                __BSS_END 40000b9c
                __SP_INIT 40014000
                 __SP_END 40013000
               __HEAP_END 40013000
            ___HEAP_START 003cfff0
              ___HEAP_END 40013000
               ___SP_INIT 40014000
                ___SP_END 40013000
              ___DATA_ROM 00008e70
              ___DATA_RAM 40000000
              ___DATA_END 40000718
             ___BSS_START 40000718
               ___BSS_END 40000b9c
        _f___bam_bootarea 00000000
    _f___bam_bootarea_rom 00000000
        _e___bam_bootarea 00000008
                  _f_init 00000020
              _f_init_rom 00003000
                  _e_init 00000020
              _f_init_vle 00000020
          _f_init_vle_rom 00000020
              _e_init_vle 00000020
             _f_exec_vect 00001000
         _f_exec_vect_rom 00001000
             _e_exec_vect 00001000
         _f_exec_vect_Vle 00001000
     _f_exec_vect_Vle_rom 00001000
         _e_exec_vect_Vle 000010f4
                 _f_vects 00002000
             _f_vects_rom 00002000
                 _e_vects 000023a8
                  _f_text 00003000
              _f_text_rom 00003000
                  _e_text 00003000
              _f_text_vle 00003000
          _f_text_vle_rom 00003000
              _e_text_vle 00008e50
                _f_rodata 00008e50
            _f_rodata_rom 00008e50
                _e_rodata 00008e68
                 _f_ctors 00008e68
             _f_ctors_rom 00008e68
                 _e_ctors 00008e68
                 _f_dtors 00008e68
             _f_dtors_rom 00008e68
                 _e_dtors 00008e68
                _f_sdata2 00008e68
            _f_sdata2_rom 00008e68
                _e_sdata2 00008e70
                 _f_sbss2 00008e70
                 _e_sbss2 00008e70
                  _f_data 40000000
              _f_data_rom 00008e70
                  _e_data 40000688
               _f_j_pdata 40000688
           _f_j_pdata_rom 000094f8
               _e_j_pdata 40000688
                 _f_sdata 40000688
             _f_sdata_rom 000094f8
                 _e_sdata 40000718
                  _f_sbss 40000718
                  _e_sbss 40000798
                   _f_bss 40000798
                   _e_bss 40000b9c
                 _f_tibss 40000b9c
             _f_tibss_rom 00009588
                 _e_tibss 40000b9c
                _f_tidata 40000b9c
            _f_tidata_rom 00009588
                _e_tidata 40000b9c
              _stack_addr 003dfff0
               _stack_end 003d7ff0
               _heap_addr 003cfff0
                _heap_end 003d7ff0
             _nbfunctions 00000086
           SIZEOF_HEADERS 00000280
               _SDA_BASE_ 40008688
              _SDA2_BASE_ 00010e68
           _ABS_SDA_BASE_ 40008688
          _ABS_SDA2_BASE_ 00010e68
                 _SP_INIT 003dfff0
             __HEAP_START 003cfff0
              __mem_limit 003d7ff0
           __stack_safety 00000010
