Link map of __start
  1] __start (notype,global) found in crt0_s.obj 
   2] _@DummyFn1 (func,local) found in crt0_s.obj 
    3] __SP_INIT found as linker generated symbol
    3] _SDA_BASE_ found as linker generated symbol
    3] _SDA2_BASE_ found as linker generated symbol
    3] romcopy (func,global) found in romcopy_c.obj 
     4] __DATA_RAM found as linker generated symbol
     4] __DATA_ROM found as linker generated symbol
     4] __DATA_END found as linker generated symbol
     4] __BSS_START found as linker generated symbol
     4] __BSS_END found as linker generated symbol
     4] main (func,global) found in main_c.obj 
      5] init_peripherals (func,global) found in main_c.obj 
       6] sys_init_fnc (func,global) found in sys_init_c.obj 
        7] intc_init_fnc (func,global) found in intc_init_c.obj 
         8] IntcIsrVectorTable (object,global) found in intc_sw_vecttable_c.obj 
          9] interrupt_handler (func,global) found in intc_sw_vecttable_c.obj 
          9] ENC2_EIRQ0_7_ISR (func,global) found in encoder_c.obj 
           10] enc_val2 (object,global) found in encoder_c.obj 
           10] GPIO_Get (func,global) found in gpio_c.obj 
          9] EIRQ8_15_ISR (func,global) found in isr_init_c.obj 
          9] ENC1_EIRQ16_23_ISR (func,global) found in encoder_c.obj 
           10] enc_val1 (object,global) found in encoder_c.obj 
          9] TIMER_PIT0_ISR (func,global) found in timer_c.obj 
           10] timer_msec (object,global) found in timer_c.obj 
          9] LCD_PIT1_ISR (func,global) found in lcd_c.obj 
           10] LCD_timer_ms (object,global) found in lcd_c.obj 
          9] PIT2_ISR (func,global) found in isr_init_c.obj 
          9] ADC0_EOC_ISR (func,global) found in isr_init_c.obj 
          9] SDBG_RX0_ISR (func,global) found in isr_init_c.obj 
          9] SDBG_TX0_ISR (func,global) found in isr_init_c.obj 
          9] MUART_RX1_ISR (func,global) found in isr_init_c.obj 
          9] MUART_TX1_ISR (func,global) found in isr_init_c.obj 
          9] US_PIT3_ISR (func,global) found in ultra_sonic_c.obj 
           10] GPIO_Set (func,global) found in gpio_c.obj 
          9] CAM_PIT4_ISR (func,global) found in camera_c.obj 
           10] CAM_MICRO_SEC (object,global) found in camera_c.obj 
           10] CAM_RUN_MODE (object,global) found in camera_c.obj 
           10] CAM_RUN (func,global) found in camera_c.obj 
            11] CAM_SI_FLAG (object,global) found in camera_c.obj 
            11] t0_CAM_SI (object,global) found in camera_c.obj 
            11] DELAY_SI (object,global) found in camera_c.obj 
            11] CAM_Clock (func,global) found in camera_c.obj 
             12] CAM_CLK_COUNTER (object,global) found in camera_c.obj 
             12] CAM_CLK_FLAG (object,global) found in camera_c.obj 
             12] t0_CAM_CLK (object,global) found in camera_c.obj 
             12] DELAY_CLK (object,global) found in camera_c.obj 
             12] ADC_Get (func,global) found in adc_drv_c.obj 
              13] A2D_GetSingleCh_10bit (func,global) found in adc_drv_c.obj 
             12] CAM_TEMP1 (object,global) found in camera_c.obj 
             12] CAM_TEMP2 (object,global) found in camera_c.obj 
             12] t0_CAM_CLK_DOWN (object,global) found in camera_c.obj 
             12] t0_CAM_WAIT (object,global) found in camera_c.obj 
             12] CAM_UPDATE_DATA (func,global) found in camera_c.obj 
              13] CAM_READ1 (object,global) found in camera_c.obj 
              13] CAM_READ2 (object,global) found in camera_c.obj 
             12] CAM_RAN_FLAG (object,global) found in camera_c.obj 
            11] DELAY_WAIT (object,global) found in camera_c.obj 
            11] CAM_RESET_TIMER (func,global) found in camera_c.obj 
          9] ENC_SPEED_PIT5_ISR (func,global) found in encoder_c.obj 
           10] enc_rate1 (object,global) found in encoder_c.obj 
           10] enc_rate2 (object,global) found in encoder_c.obj 
           10] Speed_Proposal (object,global) found in encoder_c.obj 
           10] Speed_Control (func,global) found in encoder_c.obj 
            11] MOTOR_Current_Speed_R (func,global) found in motor_c.obj 
             12] ENC_Rate1_Return (func,global) found in encoder_c.obj 
             12] current_speed_r (object,global) found in motor_c.obj 
            11] MOTOR_Current_Speed_L (func,global) found in motor_c.obj 
             12] ENC_Rate2_Return (func,global) found in encoder_c.obj 
             12] current_speed_l (object,global) found in motor_c.obj 
            11] kpR (object,global) found in encoder_c.obj 
            11] kpL (object,global) found in encoder_c.obj 
            11] ki (object,global) found in encoder_c.obj 
            11] cont_val_P_R (object,global) found in encoder_c.obj 
            11] cont_val_P_L (object,global) found in encoder_c.obj 
            11] cont_val_I_R (object,global) found in encoder_c.obj 
            11] cont_val_I_L (object,global) found in encoder_c.obj 
            11] DC_Power_R (object,global) found in encoder_c.obj 
            11] DC_Power_L (object,global) found in encoder_c.obj 
           10] MOTOR_DC_R (func,global) found in motor_c.obj 
           10] MOTOR_DC_L (func,global) found in motor_c.obj 
          9] US_EMIOS1_F10_11_ISR (func,global) found in ultra_sonic_c.obj 
           10] us_t1 (object,global) found in ultra_sonic_c.obj 
           10] us_t2 (object,global) found in ultra_sonic_c.obj 
           10] us_tmeans (object,global) found in ultra_sonic_c.obj 
         8] en_int_fnc (func,global) found in intc_init_c.obj 
        7] IVPRInitialize (notype,global) found in rappid_func_s.obj 
         8] _@DummyFn1 (func,local) found in rappid_func_s.obj 
          9] IVORxHandlers (notype,global) found in excep_handler_s.obj 
           10] _@DummyFn1 (func,local) found in excep_handler_s.obj 
            11] .text_vle (section,local) found in excep_handler_s.obj 
             12] IVOR0Handler (notype,global) found in excep_handler_s.obj 
             12] IVOR1Handler (notype,global) found in excep_handler_s.obj 
             12] IVOR2Handler (notype,global) found in excep_handler_s.obj 
             12] IVOR3Handler (notype,global) found in excep_handler_s.obj 
             12] IVOR5Handler (notype,global) found in excep_handler_s.obj 
             12] IVOR6Handler (notype,global) found in excep_handler_s.obj 
             12] IVOR8Handler (notype,global) found in excep_handler_s.obj 
             12] IVOR15Handler (notype,global) found in excep_handler_s.obj 
             12] default_except_handler (notype,global) found in excep_handler_s.obj 
             12] .text_vle (section,local) found in excep_handler_s.obj 
            11] IVOR4Handler (notype,global) found in sw_handlers_s.obj 
             12] _@DummyFn1 (func,local) found in sw_handlers_s.obj 
             12] .text_vle (section,local) found in sw_handlers_s.obj 
           10] .exec_vect_Vle (section,local) found in excep_handler_s.obj 
         8] .text_vle (section,local) found in rappid_func_s.obj 
        7] rgm_init_fnc (func,global) found in rgm_init_c.obj 
        7] swt_init_fnc (func,global) found in swt_init_c.obj 
        7] msr_init_fnc (func,global) found in msr_init_c.obj 
        7] sysclk_module_init_fnc (func,global) found in sysclk_init_c.obj 
         8] mode_entry_init_fnc (func,global) found in sysclk_init_c.obj 
         8] sysclk_init_fnc (func,global) found in sysclk_init_c.obj 
         8] cmu_init_fnc (func,global) found in sysclk_init_c.obj 
        7] rtc_init_fnc (func,global) found in rtc_init_c.obj 
        7] stm_init_fnc (func,global) found in stm_init_c.obj 
        7] pit_init_fnc (func,global) found in pit_init_c.obj 
        7] flash_init_fnc (func,global) found in flash_init_c.obj 
        7] mpu_init_fnc (func,global) found in mpu_init_c.obj 
        7] edma_init_fnc (func,global) found in edma_init_c.obj 
        7] flexcan_init_fnc (func,global) found in flexcan_init_c.obj 
         8] flexcan_0_init_fnc (func,global) found in flexcan_init_c.obj 
         8] flexcan_1_init_fnc (func,global) found in flexcan_init_c.obj 
         8] flexcan_2_init_fnc (func,global) found in flexcan_init_c.obj 
         8] flexcan_3_init_fnc (func,global) found in flexcan_init_c.obj 
         8] flexcan_4_init_fnc (func,global) found in flexcan_init_c.obj 
         8] flexcan_5_init_fnc (func,global) found in flexcan_init_c.obj 
        7] cansp_init_fnc (func,global) found in cansp_init_c.obj 
        7] adc_init_fnc (func,global) found in adc_init_c.obj 
         8] adc_0_init_fnc (func,global) found in adc_init_c.obj 
          9] adc_0_channel_setup_fnc (func,global) found in adc_init_c.obj 
          9] adc_0_trigger_setup_fnc (func,global) found in adc_init_c.obj 
         8] adc_1_init_fnc (func,global) found in adc_init_c.obj 
          9] adc_1_channel_setup_fnc (func,global) found in adc_init_c.obj 
          9] adc_1_trigger_setup_fnc (func,global) found in adc_init_c.obj 
         8] adc_ctuevent_init_fnc (func,global) found in adc_init_c.obj 
        7] emios_init_fnc (func,global) found in emios_init_c.obj 
         8] emios_0_init_fnc (func,global) found in emios_init_c.obj 
         8] emios_1_init_fnc (func,global) found in emios_init_c.obj 
        7] dspi_init_fnc (func,global) found in dspi_init_c.obj 
         8] dspi0_init_fnc (func,global) found in dspi_init_c.obj 
         8] dspi1_init_fnc (func,global) found in dspi_init_c.obj 
         8] dspi2_init_fnc (func,global) found in dspi_init_c.obj 
         8] dspi3_init_fnc (func,global) found in dspi_init_c.obj 
         8] dspi4_init_fnc (func,global) found in dspi_init_c.obj 
        7] i2c_0_init_fnc (func,global) found in i2c_init_c.obj 
        7] linflex_init_fnc (func,global) found in linflex_init_c.obj 
         8] linflex0_init_fnc (func,global) found in linflex_init_c.obj 
         8] linflex1_init_fnc (func,global) found in linflex_init_c.obj 
         8] linflex2_init_fnc (func,global) found in linflex_init_c.obj 
         8] linflex3_init_fnc (func,global) found in linflex_init_c.obj 
         8] linflex4_init_fnc (func,global) found in linflex_init_c.obj 
         8] linflex5_init_fnc (func,global) found in linflex_init_c.obj 
        7] mode_entry_post_config_fnc (func,global) found in sysclk_init_c.obj 
        7] siu_init_fnc (func,global) found in siu_init_c.obj 
         8] siu_portA_init_fnc (func,global) found in siu_init_c.obj 
         8] siu_portB_init_fnc (func,global) found in siu_init_c.obj 
         8] siu_portC_init_fnc (func,global) found in siu_init_c.obj 
         8] siu_portD_init_fnc (func,global) found in siu_init_c.obj 
         8] siu_portE_init_fnc (func,global) found in siu_init_c.obj 
         8] siu_portF_init_fnc (func,global) found in siu_init_c.obj 
         8] siu_portG_init_fnc (func,global) found in siu_init_c.obj 
         8] siu_portH_init_fnc (func,global) found in siu_init_c.obj 
         8] siu_general_init_fnc (func,global) found in siu_init_c.obj 
         8] siu_parallel_port_init_fnc (func,global) found in siu_init_c.obj 
         8] siu_unused_pins_init_fnc (func,global) found in siu_init_c.obj 
         8] siu_psmi_init_fnc (func,global) found in siu_init_c.obj 
       6] Led_Set_All (func,global) found in onBoardLedSwitch_c.obj 
       6] TIMER_Init (func,global) found in timer_c.obj 
       6] UartBufInit (func,global) found in UART_drv_c.obj 
        7] UARTBuf (object,global) found in UART_drv_c.obj 
       6] LCD_initialize (func,global) found in lcd_c.obj 
        7] LCD_PtS (func,global) found in lcd_c.obj 
         8] delay_t (object,global) found in lcd_c.obj 
         8] LCD_delay_us (func,global) found in lcd_c.obj 
        7] LCD_com (func,global) found in lcd_c.obj 
         8] LCD_ENA_HL (func,global) found in lcd_c.obj 
        7] LCD_OFF (func,global) found in lcd_c.obj 
        7] LCD_Clear (func,global) found in lcd_c.obj 
        7] LCD_ON (func,global) found in lcd_c.obj 
       6] US_Init (func,global) found in ultra_sonic_c.obj 
        7] us_val (object,global) found in ultra_sonic_c.obj 
       6] CAM_Init (func,global) found in camera_c.obj 
        7] TIME_CONST (object,global) found in camera_c.obj 
        7] CAM_TIME_TOT (object,global) found in camera_c.obj 
       6] MOTOR_Init (func,global) found in motor_c.obj 
      5] EnableExternalInterrupts (func,global) found in rappid_utils_c.obj 
      5] @105 (object,local) found in main_c.obj 
      5] UART_println (func,global) found in UART_drv_c.obj 
       6] UartTxMsg (func,global) found in UART_drv_c.obj 
       6] @150 (object,local) found in UART_drv_c.obj 
      5] DoMainLoop (func,global) found in main_c.obj 
       6] run_mode (object,global) found in main_c.obj 
       6] flag (object,global) found in main_c.obj 
       6] k_test (object,global) found in main_c.obj 
       6] Button_Select_RunMode (func,global) found in main_c.obj 
        7] BUTTON_Read (func,global) found in onBoardLedSwitch_c.obj 
       6] time_gap (object,global) found in main_c.obj 
       6] TIMER_GetRuntime (func,global) found in timer_c.obj 
       6] t_current (object,global) found in main_c.obj 
       6] t_old (object,global) found in main_c.obj 
       6] cnt (object,global) found in main_c.obj 
       6] @75 (object,local) found in main_c.obj 
       6] UART_print (func,global) found in UART_drv_c.obj 
       6] string_temp (object,global) found in main_c.obj 
       6] itoa (func,global) found in UART_drv_c.obj 
        7] @110 (object,local) found in UART_drv_c.obj 
       6] @76 (object,local) found in main_c.obj 
       6] Led_Set (func,global) found in onBoardLedSwitch_c.obj 
       6] Speed_Proposal_inMain (object,global) found in main_c.obj 
       6] Speed_Propsal_Update (func,global) found in encoder_c.obj 
       6] strA (object,global) found in main_c.obj 
       6] LCD_string (func,global) found in lcd_c.obj 
        7] LCD_XY (func,global) found in lcd_c.obj 
        7] LCD_data (func,global) found in lcd_c.obj 
       6] LCD_BUFF1 (object,global) found in main_c.obj 
       6] @77 (object,local) found in main_c.obj 
       6] @78 (object,local) found in main_c.obj 
       6] LCD_BUFF2 (object,global) found in main_c.obj 
       6] laneProcess (func,global) found in camera_c.obj 
        7] @170 (object,local) found in camera_c.obj 
        7] @172 (object,local) found in camera_c.obj 
        7] cam1LaneNum (object,global) found in camera_c.obj 
        7] cam2LaneNum (object,global) found in camera_c.obj 
        7] crossSectionFlag (object,global) found in camera_c.obj 
        7] schoolZoneFlag (object,global) found in camera_c.obj 
        7] laneProccessEndFlag (object,global) found in camera_c.obj 
        7] cam1LanePosition (object,global) found in camera_c.obj 
        7] cam2LanePosition (object,global) found in camera_c.obj 
        7] @277 (object,local) found in camera_c.obj 
        7] @278 (object,local) found in camera_c.obj 
        7] @279 (object,local) found in camera_c.obj 
        7] @280 (object,local) found in camera_c.obj 
        7] CAM_READ1_STORE (object,global) found in camera_c.obj 
        7] @281 (object,local) found in camera_c.obj 
        7] @282 (object,local) found in camera_c.obj 
        7] @283 (object,local) found in camera_c.obj 
        7] @284 (object,local) found in camera_c.obj 
        7] @285 (object,local) found in camera_c.obj 
        7] @286 (object,local) found in camera_c.obj 
        7] string_temp2 (object,global) found in camera_c.obj 
        7] @287 (object,local) found in camera_c.obj 
        7] @288 (object,local) found in camera_c.obj 
        7] @289 (object,local) found in camera_c.obj 
        7] @290 (object,local) found in camera_c.obj 
        7] @291 (object,local) found in camera_c.obj 
        7] @292 (object,local) found in camera_c.obj 
        7] @293 (object,local) found in camera_c.obj 
        7] @294 (object,local) found in camera_c.obj 
        7] @295 (object,local) found in camera_c.obj 
        7] @296 (object,local) found in camera_c.obj 
        7] @297 (object,local) found in camera_c.obj 
        7] @298 (object,local) found in camera_c.obj 
        7] errorFlag (object,global) found in camera_c.obj 
        7] @299 (object,local) found in camera_c.obj 
        7] @300 (object,local) found in camera_c.obj 
        7] @301 (object,local) found in camera_c.obj 
        7] @302 (object,local) found in camera_c.obj 
        7] @303 (object,local) found in camera_c.obj 
        7] @304 (object,local) found in camera_c.obj 
        7] @305 (object,local) found in camera_c.obj 
        7] @306 (object,local) found in camera_c.obj 
        7] CAM_READ2_STORE (object,global) found in camera_c.obj 
        7] laneStatusUpdate (func,global) found in camera_c.obj 
       6] Servo_Control (func,global) found in main_c.obj 
        7] @152 (object,local) found in main_c.obj 
        7] cam1LanePositionReturn (func,global) found in camera_c.obj 
        7] cam2LanePositionReturn (func,global) found in camera_c.obj 
        7] ifCrossSection (func,global) found in camera_c.obj 
        7] ifSchoolZone (func,global) found in camera_c.obj 
       6] MOTOR_Servo (func,global) found in motor_c.obj 
       6] @79 (object,local) found in main_c.obj 
       6] @80 (object,local) found in main_c.obj 
       6] @81 (object,local) found in main_c.obj 
       6] LCD_BUFF3 (object,global) found in main_c.obj 
       6] @82 (object,local) found in main_c.obj 
       6] @83 (object,local) found in main_c.obj 
       6] @84 (object,local) found in main_c.obj 
       6] @85 (object,local) found in main_c.obj 
       6] @86 (object,local) found in main_c.obj 
       6] @87 (object,local) found in main_c.obj 
       6] @88 (object,local) found in main_c.obj 
       6] @89 (object,local) found in main_c.obj 
       6] @90 (object,local) found in main_c.obj 
       6] @91 (object,local) found in main_c.obj 
       6] @92 (object,local) found in main_c.obj 
       6] @93 (object,local) found in main_c.obj 
       6] @94 (object,local) found in main_c.obj 
       6] @95 (object,local) found in main_c.obj 
   2] .text_vle (section,local) found in crt0_s.obj 
  1] bam_rchw (object,global) found in rchw_init_c.obj 
  1] bam_resetvector (object,global) found in rchw_init_c.obj 
    3] .text (section,local) found in ultra_sonic_c.obj 
    3] .text.35 (notype,local) found in ultra_sonic_c.obj 
    3] .text (section,local) found in timer_c.obj 
    3] .text.32 (notype,local) found in timer_c.obj 
    3] .text (section,local) found in sysclk_init_c.obj 
    3] .text.65 (notype,local) found in sysclk_init_c.obj 
    3] .text (section,local) found in sys_init_c.obj 
    3] .text.57 (notype,local) found in sys_init_c.obj 
    3] .text (section,local) found in swt_init_c.obj 
    3] .text.29 (notype,local) found in swt_init_c.obj 
    3] .text (section,local) found in stm_init_c.obj 
    3] .text.9 (notype,local) found in stm_init_c.obj 
    3] .text (section,local) found in siu_init_c.obj 
    3] .text.57 (notype,local) found in siu_init_c.obj 
    3] .text (section,local) found in rtc_init_c.obj 
    3] .text.9 (notype,local) found in rtc_init_c.obj 
    3] .text (section,local) found in romcopy_c.obj 
    3] .text.34 (notype,local) found in romcopy_c.obj 
    3] .text (section,local) found in rgm_init_c.obj 
    3] .text.9 (notype,local) found in rgm_init_c.obj 
    3] .text (section,local) found in rappid_utils_c.obj 
    3] .text.29 (notype,local) found in rappid_utils_c.obj 
    3] .text (section,local) found in pit_init_c.obj 
    3] .text.9 (notype,local) found in pit_init_c.obj 
    3] .text (section,local) found in onBoardLedSwitch_c.obj 
    3] .text.30 (notype,local) found in onBoardLedSwitch_c.obj 
    3] .text (section,local) found in msr_init_c.obj 
    3] .text.8 (notype,local) found in msr_init_c.obj 
    3] .text (section,local) found in mpu_init_c.obj 
    3] .text.9 (notype,local) found in mpu_init_c.obj 
    3] .text (section,local) found in motor_c.obj 
    3] .text.70 (notype,local) found in motor_c.obj 
    3] .text (section,local) found in main_c.obj 
    3] .text.189 (notype,local) found in main_c.obj 
    3] .text (section,local) found in linflex_init_c.obj 
    3] .text.33 (notype,local) found in linflex_init_c.obj 
    3] .text (section,local) found in lcd_c.obj 
    3] .text.96 (notype,local) found in lcd_c.obj 
    3] .text (section,local) found in isr_init_c.obj 
    3] .text.55 (notype,local) found in isr_init_c.obj 
    3] .text (section,local) found in intc_sw_vecttable_c.obj 
    3] .text.57 (notype,local) found in intc_sw_vecttable_c.obj 
    3] .text (section,local) found in intc_init_c.obj 
    3] .text.19 (notype,local) found in intc_init_c.obj 
    3] .text (section,local) found in i2c_init_c.obj 
    3] .text.9 (notype,local) found in i2c_init_c.obj 
    3] .text (section,local) found in gpio_c.obj 
    3] .text.17 (notype,local) found in gpio_c.obj 
    3] .text (section,local) found in flexcan_init_c.obj 
    3] .text.196 (notype,local) found in flexcan_init_c.obj 
    3] .text (section,local) found in flash_init_c.obj 
    3] .text.14 (notype,local) found in flash_init_c.obj 
    3] .text (section,local) found in encoder_c.obj 
    3] .text.88 (notype,local) found in encoder_c.obj 
    3] .text (section,local) found in emios_init_c.obj 
    3] .text.17 (notype,local) found in emios_init_c.obj 
    3] .text (section,local) found in edma_init_c.obj 
    3] .text.9 (notype,local) found in edma_init_c.obj 
    3] .text (section,local) found in dspi_init_c.obj 
    3] .text.29 (notype,local) found in dspi_init_c.obj 
    3] .text (section,local) found in cansp_init_c.obj 
    3] .text.19 (notype,local) found in cansp_init_c.obj 
    3] .text (section,local) found in camera_c.obj 
    3] .text.389 (notype,local) found in camera_c.obj 
    3] .text (section,local) found in adc_init_c.obj 
    3] .text.37 (notype,local) found in adc_init_c.obj 
    3] .text (section,local) found in adc_drv_c.obj 
    3] .text.79 (notype,local) found in adc_drv_c.obj 
    3] .text (section,local) found in UART_drv_c.obj 
    3] .text.162 (notype,local) found in UART_drv_c.obj 


.__bam_bootarea section layout
  Starting        Virtual  File
  address  Size   address  offset
  ---------------------------------
  00000000 000008 00000000 00000280  1 .__bam_bootarea 	rchw_init_c.obj 
  00000000 000004 00000000 00000280  4 bam_rchw 	rchw_init_c.obj 
  00000004 000004 00000004 00000284  4 bam_resetvector 	rchw_init_c.obj 


.init section layout
  Starting        Virtual  File
  address  Size   address  offset
  ---------------------------------


.init_vle section layout
  Starting        Virtual  File
  address  Size   address  offset
  ---------------------------------


.exec_vect section layout
  Starting        Virtual  File
  address  Size   address  offset
  ---------------------------------


.exec_vect_Vle section layout
  Starting        Virtual  File
  address  Size   address  offset
  ---------------------------------
  00000000 0000f4 00001000 00000290  1 .exec_vect_Vle 	excep_handler_s.obj 
  00000000 0000f4 00001000 00000290  4 _@DummyFn1 	excep_handler_s.obj 
  00000000 000000 00001000 00000290    IVORxHandlers (entry of .exec_vect_Vle) 	excep_handler_s.obj 


.vects section layout
  Starting        Virtual  File
  address  Size   address  offset
  ---------------------------------
  00000000 0003a8 00002000 00000388  1 .vects 	intc_sw_vecttable_c.obj 
  00000000 0003a8 00002000 00000388  8 IntcIsrVectorTable 	intc_sw_vecttable_c.obj 


.text section layout
  Starting        Virtual  File
  address  Size   address  offset
  ---------------------------------


.text_vle section layout
  Starting        Virtual  File
  address  Size   address  offset
  ---------------------------------
  00000000 0000c0 00003000 00000730  1 .text_vle 	sw_handlers_s.obj 
  00000000 0000c0 00003000 00000730  4 _@DummyFn1 	sw_handlers_s.obj 
  00000000 000000 00003000 00000730    IVOR4Handler (entry of .text_vle) 	sw_handlers_s.obj 
  000000c0 00000e 000030c0 000007f0  1 .text_vle 	rappid_func_s.obj 
  000000c0 00000e 000030c0 000007f0  4 _@DummyFn1 	rappid_func_s.obj 
  000000c0 000000 000030c0 000007f0    IVPRInitialize (entry of .text_vle) 	rappid_func_s.obj 
  000000ce 000002 000030d0 00000800  4 *fill*
  000000d0 000050 000030d0 00000800  1 .text_vle 	excep_handler_s.obj 
  000000d0 000000 000030d0 00000800    IVOR0Handler (entry of .text_vle) 	excep_handler_s.obj 
  000000da 000000 000030da 0000080a    IVOR1Handler (entry of .text_vle) 	excep_handler_s.obj 
  000000e4 000000 000030e4 00000814    IVOR2Handler (entry of .text_vle) 	excep_handler_s.obj 
  000000ee 000000 000030ee 0000081e    IVOR3Handler (entry of .text_vle) 	excep_handler_s.obj 
  000000f8 000000 000030f8 00000828    IVOR5Handler (entry of .text_vle) 	excep_handler_s.obj 
  00000102 000000 00003102 00000832    IVOR6Handler (entry of .text_vle) 	excep_handler_s.obj 
  0000010c 000000 0000310c 0000083c    IVOR8Handler (entry of .text_vle) 	excep_handler_s.obj 
  00000116 000000 00003116 00000846    IVOR15Handler (entry of .text_vle) 	excep_handler_s.obj 
  00000120 000000 00003120 00000850    default_except_handler (entry of .text_vle) 	excep_handler_s.obj 
  00000120 000054 00003120 00000850  1 .text_vle 	crt0_s.obj 
  00000120 000054 00003120 00000850  4 _@DummyFn1 	crt0_s.obj 
  00000120 000000 00003120 00000850    __start (entry of .text_vle) 	crt0_s.obj 
  00000174 0000b0 00003174 000008a4  1 .text 	ultra_sonic_c.obj 
  00000174 00004a 00003174 000008a4  2 US_PIT3_ISR 	ultra_sonic_c.obj 
  000001be 00005c 000031be 000008ee  2 US_EMIOS1_F10_11_ISR 	ultra_sonic_c.obj 
  0000021a 00000a 0000321a 0000094a  2 US_Init 	ultra_sonic_c.obj 
  UNUSED   000058 ........ ........    US_Get ultra_sonic_c.obj 
  00000224 000000 00003224 00000954  1 .text.35 	ultra_sonic_c.obj 
  00000224 000032 00003224 00000954  1 .text 	timer_c.obj 
  00000224 000018 00003224 00000954  2 TIMER_PIT0_ISR 	timer_c.obj 
  0000023c 000008 0000323c 0000096c  2 TIMER_Init 	timer_c.obj 
  UNUSED   00001e ........ ........    TIMER_DelayMs timer_c.obj 
  00000244 000012 00003244 00000974  2 TIMER_GetRuntime 	timer_c.obj 
  00000256 000000 00003256 00000986  1 .text.32 	timer_c.obj 
  00000256 0004e2 00003256 00000986  1 .text 	sysclk_init_c.obj 
  00000256 00001c 00003256 00000986  2 sysclk_module_init_fnc 	sysclk_init_c.obj 
  00000272 00025a 00003272 000009a2  2 mode_entry_init_fnc 	sysclk_init_c.obj 
  000004cc 00017c 000034cc 00000bfc  2 sysclk_init_fnc 	sysclk_init_c.obj 
  00000648 00002a 00003648 00000d78  2 cmu_init_fnc 	sysclk_init_c.obj 
  00000672 0000c6 00003672 00000da2  2 mode_entry_post_config_fnc 	sysclk_init_c.obj 
  00000738 000000 00003738 00000e68  1 .text.65 	sysclk_init_c.obj 
  00000738 00006a 00003738 00000e68  1 .text 	sys_init_c.obj 
  00000738 00006a 00003738 00000e68  2 sys_init_fnc 	sys_init_c.obj 
  000007a2 000000 000037a2 00000ed2  1 .text.57 	sys_init_c.obj 
  000007a2 0000c8 000037a2 00000ed2  1 .text 	swt_init_c.obj 
  000007a2 0000c8 000037a2 00000ed2  2 swt_init_fnc 	swt_init_c.obj 
  UNUSED   000032 ........ ........    swt_srvc_seq_fnc swt_init_c.obj 
  0000086a 000000 0000386a 00000f9a  1 .text.29 	swt_init_c.obj 
  0000086a 0000a8 0000386a 00000f9a  1 .text 	stm_init_c.obj 
  0000086a 0000a8 0000386a 00000f9a  2 stm_init_fnc 	stm_init_c.obj 
  00000912 000000 00003912 00001042  1 .text.9 	stm_init_c.obj 
  00000912 0009dc 00003912 00001042  1 .text 	siu_init_c.obj 
  00000912 000040 00003912 00001042  2 siu_init_fnc 	siu_init_c.obj 
  00000952 0000c0 00003952 00001082  2 siu_portA_init_fnc 	siu_init_c.obj 
  00000a12 00009c 00003a12 00001142  2 siu_portB_init_fnc 	siu_init_c.obj 
  00000aae 0000c0 00003aae 000011de  2 siu_portC_init_fnc 	siu_init_c.obj 
  00000b6e 00009e 00003b6e 0000129e  2 siu_portD_init_fnc 	siu_init_c.obj 
  00000c0c 0000b2 00003c0c 0000133c  2 siu_portE_init_fnc 	siu_init_c.obj 
  00000cbe 0000c2 00003cbe 000013ee  2 siu_portF_init_fnc 	siu_init_c.obj 
  00000d80 0000ba 00003d80 000014b0  2 siu_portG_init_fnc 	siu_init_c.obj 
  00000e3a 00007c 00003e3a 0000156a  2 siu_portH_init_fnc 	siu_init_c.obj 
  00000eb6 000180 00003eb6 000015e6  2 siu_general_init_fnc 	siu_init_c.obj 
  00001036 000052 00004036 00001766  2 siu_parallel_port_init_fnc 	siu_init_c.obj 
  00001088 000002 00004088 000017b8  2 siu_unused_pins_init_fnc 	siu_init_c.obj 
  0000108a 000264 0000408a 000017ba  2 siu_psmi_init_fnc 	siu_init_c.obj 
  000012ee 000000 000042ee 00001a1e  1 .text.57 	siu_init_c.obj 
  000012ee 000030 000042ee 00001a1e  1 .text 	rtc_init_c.obj 
  000012ee 000030 000042ee 00001a1e  2 rtc_init_fnc 	rtc_init_c.obj 
  0000131e 000000 0000431e 00001a4e  1 .text.9 	rtc_init_c.obj 
  0000131e 0000ae 0000431e 00001a4e  1 .text 	romcopy_c.obj 
  0000131e 0000ae 0000431e 00001a4e  2 romcopy 	romcopy_c.obj 
  000013cc 000000 000043cc 00001afc  1 .text.34 	romcopy_c.obj 
  000013cc 000044 000043cc 00001afc  1 .text 	rgm_init_c.obj 
  000013cc 000044 000043cc 00001afc  2 rgm_init_fnc 	rgm_init_c.obj 
  00001410 000000 00004410 00001b40  1 .text.9 	rgm_init_c.obj 
  00001410 000006 00004410 00001b40  1 .text 	rappid_utils_c.obj 
  00001410 000006 00004410 00001b40  2 EnableExternalInterrupts 	rappid_utils_c.obj 
  UNUSED   000006 ........ ........    DisableExternalInterrupts rappid_utils_c.obj 
  UNUSED   000016 ........ ........    fs_clearmem rappid_utils_c.obj 
  00001416 000000 00004416 00001b46  1 .text.29 	rappid_utils_c.obj 
  00001416 0001ae 00004416 00001b46  1 .text 	pit_init_c.obj 
  00001416 0001ae 00004416 00001b46  2 pit_init_fnc 	pit_init_c.obj 
  000015c4 000000 000045c4 00001cf4  1 .text.9 	pit_init_c.obj 
  000015c4 0000fa 000045c4 00001cf4  1 .text 	onBoardLedSwitch_c.obj 
  000015c4 00003a 000045c4 00001cf4  2 Led_Set 	onBoardLedSwitch_c.obj 
  000015fe 000066 000045fe 00001d2e  2 Led_Set_All 	onBoardLedSwitch_c.obj 
  00001664 00005a 00004664 00001d94  2 BUTTON_Read 	onBoardLedSwitch_c.obj 
  UNUSED   00005a ........ ........    DIP_Read onBoardLedSwitch_c.obj 
  000016be 000000 000046be 00001dee  1 .text.30 	onBoardLedSwitch_c.obj 
  000016be 00001a 000046be 00001dee  1 .text 	msr_init_c.obj 
  000016be 00001a 000046be 00001dee  2 msr_init_fnc 	msr_init_c.obj 
  000016d8 000000 000046d8 00001e08  1 .text.8 	msr_init_c.obj 
  000016d8 000010 000046d8 00001e08  1 .text 	mpu_init_c.obj 
  000016d8 000010 000046d8 00001e08  2 mpu_init_fnc 	mpu_init_c.obj 
  000016e8 000000 000046e8 00001e18  1 .text.9 	mpu_init_c.obj 
  000016e8 0001b0 000046e8 00001e18  1 .text 	motor_c.obj 
  000016e8 00001a 000046e8 00001e18  2 MOTOR_Init 	motor_c.obj 
  00001702 000032 00004702 00001e32  2 MOTOR_Servo 	motor_c.obj 
  UNUSED   000026 ........ ........    MOTOR_Servo_withPWM motor_c.obj 
  00001734 00006a 00004734 00001e64  2 MOTOR_DC_R 	motor_c.obj 
  0000179e 00006a 0000479e 00001ece  2 MOTOR_DC_L 	motor_c.obj 
  UNUSED   000038 ........ ........    MOTOR_BrakeEngine motor_c.obj 
  00001808 000048 00004808 00001f38  2 MOTOR_Current_Speed_R 	motor_c.obj 
  00001850 000048 00004850 00001f80  2 MOTOR_Current_Speed_L 	motor_c.obj 
  00001898 000000 00004898 00001fc8  1 .text.70 	motor_c.obj 
  00001898 0007d8 00004898 00001fc8  1 .text 	main_c.obj 
  00001898 000034 00004898 00001fc8  2 init_peripherals 	main_c.obj 
  000018cc 0005f6 000048cc 00001ffc  2 DoMainLoop 	main_c.obj 
  00001ec2 00002a 00004ec2 000025f2  2 main 	main_c.obj 
  UNUSED   00010e ........ ........    AEB main_c.obj 
  00001eec 000062 00004eec 0000261c  2 Button_Select_RunMode 	main_c.obj 
  00001f4e 000122 00004f4e 0000267e  2 Servo_Control 	main_c.obj 
  UNUSED   00005e ........ ........    cameraSpeedControl main_c.obj 
  00002070 000000 00005070 000027a0  1 .text.189 	main_c.obj 
  00002070 000514 00005070 000027a0  1 .text 	linflex_init_c.obj 
  00002070 000028 00005070 000027a0  2 linflex_init_fnc 	linflex_init_c.obj 
  00002098 000164 00005098 000027c8  2 linflex0_init_fnc 	linflex_init_c.obj 
  000021fc 0000ca 000051fc 0000292c  2 linflex1_init_fnc 	linflex_init_c.obj 
  000022c6 0000b6 000052c6 000029f6  2 linflex2_init_fnc 	linflex_init_c.obj 
  0000237c 0000b6 0000537c 00002aac  2 linflex3_init_fnc 	linflex_init_c.obj 
  00002432 00009c 00005432 00002b62  2 linflex4_init_fnc 	linflex_init_c.obj 
  000024ce 0000b6 000054ce 00002bfe  2 linflex5_init_fnc 	linflex_init_c.obj 
  00002584 000000 00005584 00002cb4  1 .text.33 	linflex_init_c.obj 
  00002584 000210 00005584 00002cb4  1 .text 	lcd_c.obj 
  00002584 000018 00005584 00002cb4  2 LCD_PIT1_ISR 	lcd_c.obj 
  0000259c 000034 0000559c 00002ccc  2 LCD_initialize 	lcd_c.obj 
  000025d0 000078 000055d0 00002d00  2 LCD_PtS 	lcd_c.obj 
  00002648 000024 00005648 00002d78  2 LCD_ENA_HL 	lcd_c.obj 
  0000266c 00001c 0000566c 00002d9c  2 LCD_com 	lcd_c.obj 
  00002688 00002a 00005688 00002db8  2 LCD_data 	lcd_c.obj 
  000026b2 000030 000056b2 00002de2  2 LCD_XY 	lcd_c.obj 
  000026e2 00003c 000056e2 00002e12  2 LCD_string 	lcd_c.obj 
  0000271e 000026 0000571e 00002e4e  2 LCD_Clear 	lcd_c.obj 
  00002744 00001a 00005744 00002e74  2 LCD_ON 	lcd_c.obj 
  0000275e 00001c 0000575e 00002e8e  2 LCD_OFF 	lcd_c.obj 
  0000277a 00001a 0000577a 00002eaa  2 LCD_delay_us 	lcd_c.obj 
  00002794 000000 00005794 00002ec4  1 .text.96 	lcd_c.obj 
  00002794 0000a4 00005794 00002ec4  1 .text 	isr_init_c.obj 
  00002794 00000a 00005794 00002ec4  2 ADC0_EOC_ISR 	isr_init_c.obj 
  0000279e 00000c 0000579e 00002ece  2 PIT2_ISR 	isr_init_c.obj 
  000027aa 00000e 000057aa 00002eda  2 EIRQ8_15_ISR 	isr_init_c.obj 
  000027b8 00001c 000057b8 00002ee8  2 SDBG_RX0_ISR 	isr_init_c.obj 
  000027d4 00001c 000057d4 00002f04  2 SDBG_TX0_ISR 	isr_init_c.obj 
  000027f0 000024 000057f0 00002f20  2 MUART_RX1_ISR 	isr_init_c.obj 
  00002814 000024 00005814 00002f44  2 MUART_TX1_ISR 	isr_init_c.obj 
  00002838 000000 00005838 00002f68  1 .text.55 	isr_init_c.obj 
  00002838 000002 00005838 00002f68  1 .text 	intc_sw_vecttable_c.obj 
  00002838 000002 00005838 00002f68  2 interrupt_handler 	intc_sw_vecttable_c.obj 
  0000283a 000000 0000583a 00002f6a  1 .text.57 	intc_sw_vecttable_c.obj 
  0000283a 000760 0000583a 00002f6a  1 .text 	intc_init_c.obj 
  0000283a 000756 0000583a 00002f6a  2 intc_init_fnc 	intc_init_c.obj 
  00002f90 00000a 00005f90 000036c0  2 en_int_fnc 	intc_init_c.obj 
  00002f9a 000000 00005f9a 000036ca  1 .text.19 	intc_init_c.obj 
  00002f9a 000030 00005f9a 000036ca  1 .text 	i2c_init_c.obj 
  00002f9a 000030 00005f9a 000036ca  2 i2c_0_init_fnc 	i2c_init_c.obj 
  00002fca 000000 00005fca 000036fa  1 .text.9 	i2c_init_c.obj 
  00002fca 000044 00005fca 000036fa  1 .text 	gpio_c.obj 
  00002fca 000026 00005fca 000036fa  2 GPIO_Get 	gpio_c.obj 
  00002ff0 00001e 00005ff0 00003720  2 GPIO_Set 	gpio_c.obj 
  0000300e 000000 0000600e 0000373e  1 .text.17 	gpio_c.obj 
  0000300e 000a38 0000600e 0000373e  1 .text 	flexcan_init_c.obj 
  0000300e 00005a 0000600e 0000373e  2 flexcan_init_fnc 	flexcan_init_c.obj 
  00003068 00017e 00006068 00003798  2 flexcan_0_init_fnc 	flexcan_init_c.obj 
  000031e6 0001ba 000061e6 00003916  2 flexcan_1_init_fnc 	flexcan_init_c.obj 
  000033a0 0001b8 000063a0 00003ad0  2 flexcan_2_init_fnc 	flexcan_init_c.obj 
  00003558 0001b8 00006558 00003c88  2 flexcan_3_init_fnc 	flexcan_init_c.obj 
  00003710 00017e 00006710 00003e40  2 flexcan_4_init_fnc 	flexcan_init_c.obj 
  0000388e 0001b8 0000688e 00003fbe  2 flexcan_5_init_fnc 	flexcan_init_c.obj 
  00003a46 000000 00006a46 00004176  1 .text.196 	flexcan_init_c.obj 
  00003a46 00003c 00006a46 00004176  1 .text 	flash_init_c.obj 
  00003a46 00003c 00006a46 00004176  2 flash_init_fnc 	flash_init_c.obj 
  00003a82 000000 00006a82 000041b2  1 .text.14 	flash_init_c.obj 
  00003a82 000238 00006a82 000041b2  1 .text 	encoder_c.obj 
  00003a82 000086 00006a82 000041b2  2 ENC1_EIRQ16_23_ISR 	encoder_c.obj 
  00003b08 000086 00006b08 00004238  2 ENC2_EIRQ0_7_ISR 	encoder_c.obj 
  UNUSED   00000e ........ ........    ENC_Init encoder_c.obj 
  UNUSED   000006 ........ ........    ENC_Get1 encoder_c.obj 
  UNUSED   000006 ........ ........    ENC_Get2 encoder_c.obj 
  00003b8e 000006 00006b8e 000042be  2 ENC_Rate1_Return 	encoder_c.obj 
  00003b94 000006 00006b94 000042c4  2 ENC_Rate2_Return 	encoder_c.obj 
  00003b9a 000056 00006b9a 000042ca  2 ENC_SPEED_PIT5_ISR 	encoder_c.obj 
  00003bf0 00002e 00006bf0 00004320  2 Speed_Propsal_Update 	encoder_c.obj 
  00003c1e 00009c 00006c1e 0000434e  2 Speed_Control 	encoder_c.obj 
  00003cba 000000 00006cba 000043ea  1 .text.88 	encoder_c.obj 
  00003cba 000820 00006cba 000043ea  1 .text 	emios_init_c.obj 
  00003cba 000018 00006cba 000043ea  2 emios_init_fnc 	emios_init_c.obj 
  00003cd2 0003f8 00006cd2 00004402  2 emios_0_init_fnc 	emios_init_c.obj 
  000040ca 000410 000070ca 000047fa  2 emios_1_init_fnc 	emios_init_c.obj 
  000044da 000000 000074da 00004c0a  1 .text.17 	emios_init_c.obj 
  000044da 000160 000074da 00004c0a  1 .text 	edma_init_c.obj 
  000044da 000160 000074da 00004c0a  2 edma_init_fnc 	edma_init_c.obj 
  0000463a 000000 0000763a 00004d6a  1 .text.9 	edma_init_c.obj 
  0000463a 000324 0000763a 00004d6a  1 .text 	dspi_init_c.obj 
  0000463a 000024 0000763a 00004d6a  2 dspi_init_fnc 	dspi_init_c.obj 
  0000465e 000086 0000765e 00004d8e  2 dspi0_init_fnc 	dspi_init_c.obj 
  000046e4 0000a8 000076e4 00004e14  2 dspi1_init_fnc 	dspi_init_c.obj 
  0000478c 0000a6 0000778c 00004ebc  2 dspi2_init_fnc 	dspi_init_c.obj 
  00004832 0000a6 00007832 00004f62  2 dspi3_init_fnc 	dspi_init_c.obj 
  000048d8 000086 000078d8 00005008  2 dspi4_init_fnc 	dspi_init_c.obj 
  0000495e 000000 0000795e 0000508e  1 .text.29 	dspi_init_c.obj 
  0000495e 000054 0000795e 0000508e  1 .text 	cansp_init_c.obj 
  0000495e 000054 0000795e 0000508e  2 cansp_init_fnc 	cansp_init_c.obj 
  UNUSED   000010 ........ ........    cansp_trigger_fnc cansp_init_c.obj 
  000049b2 000000 000079b2 000050e2  1 .text.19 	cansp_init_c.obj 
  000049b2 000d42 000079b2 000050e2  1 .text 	camera_c.obj 
  000049b2 000032 000079b2 000050e2  2 CAM_PIT4_ISR 	camera_c.obj 
  000049e4 00006c 000079e4 00005114  2 CAM_Init 	camera_c.obj 
  UNUSED   000006 ........ ........    CAM_MICRO_SEC_RETURN camera_c.obj 
  00004a50 000008 00007a50 00005180  2 CAM_RESET_TIMER 	camera_c.obj 
  UNUSED   000012 ........ ........    CAM_SI_ON camera_c.obj 
  00004a58 000090 00007a58 00005188  2 CAM_RUN 	camera_c.obj 
  00004ae8 0000ea 00007ae8 00005218  2 CAM_Clock 	camera_c.obj 
  UNUSED   0000f4 ........ ........    CAM_RUN2 camera_c.obj 
  UNUSED   000018 ........ ........    CAM_DATA1 camera_c.obj 
  UNUSED   000018 ........ ........    CAM_DATA2 camera_c.obj 
  UNUSED   000030 ........ ........    CAM_DELAY camera_c.obj 
  UNUSED   000016 ........ ........    CAM_PulseWidth camera_c.obj 
  00004bd2 00006e 00007bd2 00005302  2 CAM_UPDATE_DATA 	camera_c.obj 
  UNUSED   000006 ........ ........    CAM_RUN_MODE_SETUP camera_c.obj 
  00004c40 000986 00007c40 00005370  2 laneProcess 	camera_c.obj 
  000055c6 0000e6 000085c6 00005cf6  2 laneStatusUpdate 	camera_c.obj 
  000056ac 00001e 000086ac 00005ddc  2 cam1LanePositionReturn 	camera_c.obj 
  000056ca 00001e 000086ca 00005dfa  2 cam2LanePositionReturn 	camera_c.obj 
  UNUSED   000006 ........ ........    ifLaneProcessEnd camera_c.obj 
  000056e8 000006 000086e8 00005e18  2 ifSchoolZone 	camera_c.obj 
  000056ee 000006 000086ee 00005e1e  2 ifCrossSection 	camera_c.obj 
  UNUSED   000006 ........ ........    ifError camera_c.obj 
  UNUSED   000006 ........ ........    cam1LaneNumReturn camera_c.obj 
  UNUSED   000006 ........ ........    cam2LaneNumReturn camera_c.obj 
  000056f4 000000 000086f4 00005e24  1 .text.389 	camera_c.obj 
  000056f4 00068a 000086f4 00005e24  1 .text 	adc_init_c.obj 
  000056f4 00001c 000086f4 00005e24  2 adc_init_fnc 	adc_init_c.obj 
  00005710 0000c0 00008710 00005e40  2 adc_0_init_fnc 	adc_init_c.obj 
  000057d0 0000be 000087d0 00005f00  2 adc_1_init_fnc 	adc_init_c.obj 
  0000588e 0002a2 0000888e 00005fbe  2 adc_ctuevent_init_fnc 	adc_init_c.obj 
  00005b30 000144 00008b30 00006260  2 adc_0_channel_setup_fnc 	adc_init_c.obj 
  00005c74 0000c6 00008c74 000063a4  2 adc_1_channel_setup_fnc 	adc_init_c.obj 
  00005d3a 00001e 00008d3a 0000646a  2 adc_0_trigger_setup_fnc 	adc_init_c.obj 
  00005d58 000026 00008d58 00006488  2 adc_1_trigger_setup_fnc 	adc_init_c.obj 
  00005d7e 000000 00008d7e 000064ae  1 .text.37 	adc_init_c.obj 
  00005d7e 0000c6 00008d7e 000064ae  1 .text 	adc_drv_c.obj 
  00005d7e 00002e 00008d7e 000064ae  2 ADC_Get 	adc_drv_c.obj 
  UNUSED   00005c ........ ........    A2D_GetSingleCh_12bit adc_drv_c.obj 
  00005dac 000098 00008dac 000064dc  2 A2D_GetSingleCh_10bit 	adc_drv_c.obj 
  UNUSED   00002a ........ ........    A2D_GetChResult_12bit adc_drv_c.obj 
  UNUSED   000030 ........ ........    A2D_GetChResult_10bit adc_drv_c.obj 
  UNUSED   00001c ........ ........    A2D_SetupCh_12bit adc_drv_c.obj 
  UNUSED   00005e ........ ........    A2D_SetupCh_10bit adc_drv_c.obj 
  00005e44 000000 00008e44 00006574  1 .text.79 	adc_drv_c.obj 
  00005e44 0001ea 00008e44 00006574  1 .text 	UART_drv_c.obj 
  00005e44 0000b0 00008e44 00006574  2 UartTxMsg 	UART_drv_c.obj 
  UNUSED   000070 ........ ........    UartRxDataByte UART_drv_c.obj 
  UNUSED   000044 ........ ........    UartRxNewDataSize UART_drv_c.obj 
  UNUSED   00002e ........ ........    UartRxBufEmpty UART_drv_c.obj 
  00005ef4 000018 00008ef4 00006624  2 UartBufInit 	UART_drv_c.obj 
  UNUSED   0000a2 ........ ........    UartRxFillBuf UART_drv_c.obj 
  00005f0c 000074 00008f0c 0000663c  2 itoa 	UART_drv_c.obj 
  00005f80 000052 00008f80 000066b0  2 UART_print 	UART_drv_c.obj 
  00005fd2 00005c 00008fd2 00006702  2 UART_println 	UART_drv_c.obj 
  0000602e 000000 0000902e 0000675e  1 .text.162 	UART_drv_c.obj 


.rodata section layout
  Starting        Virtual  File
  address  Size   address  offset
  ---------------------------------
  00000000 000018 00009030 00006760  1 .rodata 	camera_c.obj 
  00000000 00000c 00009030 00006760  4 @170 	camera_c.obj 
  0000000c 00000c 0000903c 0000676c  4 @172 	camera_c.obj 


.ctors section layout
  Starting        Virtual  File
  address  Size   address  offset
  ---------------------------------


.dtors section layout
  Starting        Virtual  File
  address  Size   address  offset
  ---------------------------------


.sdata2 section layout
  Starting        Virtual  File
  address  Size   address  offset
  ---------------------------------
  00000000 000008 00009048 00006778  1 .sdata2 	main_c.obj 
  00000000 000008 00009048 00006778  8 @152 	main_c.obj 


.sbss2 section layout
  Starting        Virtual  File
  address  Size   address  offset
  ---------------------------------


.data section layout
  Starting        Virtual  File
  address  Size   address  offset
  ---------------------------------
  00000000 000262 40000000 00006780  1 .data 	main_c.obj 
  00000000 000100 40000000 00006780  8 string_temp 	main_c.obj 
  00000100 000011 40000100 00006880  4 strA 	main_c.obj 
  UNUSED   000011 ........ ........    strB main_c.obj 
  00000114 00000c 40000114 00006894  4 @75 	main_c.obj 
  00000120 000011 40000120 000068a0  4 @77 	main_c.obj 
  00000134 000011 40000134 000068b4  4 @78 	main_c.obj 
  00000148 000013 40000148 000068c8  4 @79 	main_c.obj 
  0000015c 000011 4000015c 000068dc  4 @80 	main_c.obj 
  00000170 000011 40000170 000068f0  4 @81 	main_c.obj 
  00000184 00000b 40000184 00006904  4 @82 	main_c.obj 
  00000190 00000c 40000190 00006910  4 @83 	main_c.obj 
  000001a0 000010 400001a0 00006920  8 @84 	main_c.obj 
  000001b0 00000d 400001b0 00006930  4 @85 	main_c.obj 
  000001c0 000012 400001c0 00006940  4 @86 	main_c.obj 
  000001d4 000012 400001d4 00006954  4 @87 	main_c.obj 
  000001e8 000019 400001e8 00006968  4 @88 	main_c.obj 
  00000204 000012 40000204 00006984  4 @89 	main_c.obj 
  00000218 00000c 40000218 00006998  4 @90 	main_c.obj 
  00000224 00000a 40000224 000069a4  4 @91 	main_c.obj 
  00000230 00000a 40000230 000069b0  4 @92 	main_c.obj 
  0000023c 00000a 4000023c 000069bc  4 @93 	main_c.obj 
  00000248 00000a 40000248 000069c8  4 @94 	main_c.obj 
  00000254 00000e 40000254 000069d4  4 @105 	main_c.obj 
  00000262 000006 40000268 000069e8  8 *fill*
  00000268 000302 40000268 000069e8  1 .data 	camera_c.obj 
  00000268 000100 40000268 000069e8  8 string_temp2 	camera_c.obj 
  00000368 00000a 40000368 00006ae8  4 @277 	camera_c.obj 
  00000374 000009 40000374 00006af4  4 @282 	camera_c.obj 
  00000380 00000c 40000380 00006b00  4 @284 	camera_c.obj 
  0000038c 00000c 4000038c 00006b0c  4 @285 	camera_c.obj 
  00000398 00000b 40000398 00006b18  4 @286 	camera_c.obj 
  000003a4 000013 400003a4 00006b24  4 @288 	camera_c.obj 
  000003b8 000012 400003b8 00006b38  4 @289 	camera_c.obj 
  000003cc 000012 400003cc 00006b4c  4 @290 	camera_c.obj 
  000003e0 000016 400003e0 00006b60  4 @291 	camera_c.obj 
  000003f8 000013 400003f8 00006b78  4 @292 	camera_c.obj 
  0000040c 000013 4000040c 00006b8c  4 @293 	camera_c.obj 
  00000420 000023 40000420 00006ba0  4 @294 	camera_c.obj 
  00000444 00000b 40000444 00006bc4  4 @295 	camera_c.obj 
  00000450 000009 40000450 00006bd0  4 @296 	camera_c.obj 
  0000045c 000009 4000045c 00006bdc  4 @297 	camera_c.obj 
  00000468 000024 40000468 00006be8  4 @298 	camera_c.obj 
  0000048c 00001b 4000048c 00006c0c  4 @299 	camera_c.obj 
  000004a8 000016 400004a8 00006c28  4 @300 	camera_c.obj 
  000004c0 00002d 400004c0 00006c40  4 @301 	camera_c.obj 
  000004f0 000013 400004f0 00006c70  4 @302 	camera_c.obj 
  00000504 000011 40000504 00006c84  4 @303 	camera_c.obj 
  00000518 00002d 40000518 00006c98  4 @304 	camera_c.obj 
  00000548 000015 40000548 00006cc8  4 @305 	camera_c.obj 
  00000560 00000a 40000560 00006ce0  4 @306 	camera_c.obj 


.j_pdata section layout
  Starting        Virtual  File
  address  Size   address  offset
  ---------------------------------


.sdata section layout
  Starting        Virtual  File
  address  Size   address  offset
  ---------------------------------
  00000000 000010 40000570 00006cf0  1 .sdata 	ultra_sonic_c.obj 
  UNUSED   000004 ........ ........    us_echo ultra_sonic_c.obj 
  00000000 000004 40000570 00006cf0  4 us_tmeans 	ultra_sonic_c.obj 
  00000004 000004 40000574 00006cf4  4 us_t1 	ultra_sonic_c.obj 
  00000008 000004 40000578 00006cf8  4 us_t2 	ultra_sonic_c.obj 
  0000000c 000004 4000057c 00006cfc  4 us_val 	ultra_sonic_c.obj 
  UNUSED   000004 ........ ........    us_val_old ultra_sonic_c.obj 
  00000010 000008 40000580 00006d00  1 .sdata 	motor_c.obj 
  00000010 000004 40000580 00006d00  4 current_speed_r 	motor_c.obj 
  00000014 000004 40000584 00006d04  4 current_speed_l 	motor_c.obj 
  00000018 00000e 40000588 00006d08  1 .sdata 	main_c.obj 
  00000018 000004 40000588 00006d08  4 time_gap 	main_c.obj 
  UNUSED   000004 ........ ........    USval main_c.obj 
  UNUSED   000004 ........ ........    IRval main_c.obj 
  0000001c 000002 4000058c 00006d0c  2 Speed_Proposal_inMain 	main_c.obj 
  0000001e 000001 4000058e 00006d0e  1 flag 	main_c.obj 
  00000020 000004 40000590 00006d10  4 @76 	main_c.obj 
  00000024 000002 40000594 00006d14  4 @95 	main_c.obj 
  00000026 000002 40000598 00006d18  8 *fill*
  00000028 000004 40000598 00006d18  1 .sdata 	lcd_c.obj 
  00000028 000004 40000598 00006d18  4 delay_t 	lcd_c.obj 
  0000002c 000004 400005a0 00006d20  8 *fill*
  00000030 00001e 400005a0 00006d20  1 .sdata 	encoder_c.obj 
  00000030 000004 400005a0 00006d20  4 enc_val1 	encoder_c.obj 
  00000034 000004 400005a4 00006d24  4 enc_val2 	encoder_c.obj 
  00000038 000004 400005a8 00006d28  4 enc_rate1 	encoder_c.obj 
  0000003c 000004 400005ac 00006d2c  4 enc_rate2 	encoder_c.obj 
  00000040 000004 400005b0 00006d30  4 DC_Power_R 	encoder_c.obj 
  00000044 000004 400005b4 00006d34  4 DC_Power_L 	encoder_c.obj 
  00000048 000002 400005b8 00006d38  2 kpR 	encoder_c.obj 
  0000004a 000002 400005ba 00006d3a  2 kpL 	encoder_c.obj 
  0000004c 000002 400005bc 00006d3c  2 ki 	encoder_c.obj 
  0000004e 000002 400005c0 00006d40  8 *fill*
  00000050 00002e 400005c0 00006d40  1 .sdata 	camera_c.obj 
  00000050 000002 400005c0 00006d40  2 TIME_CONST 	camera_c.obj 
  00000052 000002 400005c2 00006d42  2 DELAY_SI 	camera_c.obj 
  00000054 000002 400005c4 00006d44  2 DELAY_CLK 	camera_c.obj 
  00000056 000002 400005c6 00006d46  2 DELAY_WAIT 	camera_c.obj 
  UNUSED   000001 ........ ........    CAM_TIMER_CH camera_c.obj 
  00000058 000001 400005c8 00006d48  1 CAM_SI_FLAG 	camera_c.obj 
  00000059 000001 400005c9 00006d49  1 CAM_CLK_FLAG 	camera_c.obj 
  0000005a 000002 400005ca 00006d4a  2 CAM_RUN_MODE 	camera_c.obj 
  0000005c 000006 400005cc 00006d4c  4 @278 	camera_c.obj 
  00000064 000002 400005d4 00006d54  4 @279 	camera_c.obj 
  00000068 000006 400005d8 00006d58  4 @280 	camera_c.obj 
  00000070 000003 400005e0 00006d60  4 @281 	camera_c.obj 
  00000074 000001 400005e4 00006d64  4 @283 	camera_c.obj 
  00000078 000006 400005e8 00006d68  4 @287 	camera_c.obj 
  0000007e 000002 400005f0 00006d70  8 *fill*
  00000080 000007 400005f0 00006d70  1 .sdata 	UART_drv_c.obj 
  00000080 000002 400005f0 00006d70  4 @110 	UART_drv_c.obj 
  00000084 000003 400005f4 00006d74  4 @150 	UART_drv_c.obj 


.sbss section layout
  Starting        Virtual  File
  address  Size   address  offset
  ---------------------------------
  00000000 000004 400005f8 00006d78  1 .sbss 	timer_c.obj 
  00000000 000004 400005f8 00006d78  4 timer_msec 	timer_c.obj 
  00000004 000004 40000600 00006d80  8 *fill*
  00000008 000029 40000600 00006d80  1 .sbss 	main_c.obj 
  UNUSED   000004 ........ ........    i main_c.obj 
  00000008 000004 40000600 00006d80  4 t_current 	main_c.obj 
  0000000c 000004 40000604 00006d84  4 t_old 	main_c.obj 
  00000010 000004 40000608 00006d88  4 cnt 	main_c.obj 
  00000014 000002 4000060c 00006d8c  2 k_test 	main_c.obj 
  00000018 000008 40000610 00006d90  8 LCD_BUFF1 	main_c.obj 
  00000020 000008 40000618 00006d98  8 LCD_BUFF2 	main_c.obj 
  00000028 000008 40000620 00006da0  8 LCD_BUFF3 	main_c.obj 
  UNUSED   000008 ........ ........    LCD_BUFF4 main_c.obj 
  UNUSED   000001 ........ ........    flag_US main_c.obj 
  UNUSED   000001 ........ ........    flag_IR main_c.obj 
  UNUSED   000001 ........ ........    flag_Slope main_c.obj 
  UNUSED   000001 ........ ........    flag_Wall main_c.obj 
  00000030 000001 40000628 00006da8  1 run_mode 	main_c.obj 
  00000031 000007 40000630 00006db0  8 *fill*
  00000038 000004 40000630 00006db0  1 .sbss 	lcd_c.obj 
  00000038 000004 40000630 00006db0  4 LCD_timer_ms 	lcd_c.obj 
  0000003c 000004 40000638 00006db8  8 *fill*
  00000040 000014 40000638 00006db8  1 .sbss 	encoder_c.obj 
  00000040 000002 40000638 00006db8  2 Speed_Proposal 	encoder_c.obj 
  00000044 000004 4000063c 00006dbc  4 cont_val_I_R 	encoder_c.obj 
  00000048 000004 40000640 00006dc0  4 cont_val_I_L 	encoder_c.obj 
  0000004c 000004 40000644 00006dc4  4 cont_val_P_R 	encoder_c.obj 
  00000050 000004 40000648 00006dc8  4 cont_val_P_L 	encoder_c.obj 
  00000054 000004 40000650 00006dd0  8 *fill*
  00000058 000030 40000650 00006dd0  1 .sbss 	camera_c.obj 
  00000058 000002 40000650 00006dd0  2 CAM_TIME_TOT 	camera_c.obj 
  0000005c 000004 40000654 00006dd4  4 CAM_MICRO_SEC 	camera_c.obj 
  UNUSED   000004 ........ ........    CAM_MICRO_SEC_OLD camera_c.obj 
  00000060 000002 40000658 00006dd8  2 CAM_CLK_COUNTER 	camera_c.obj 
  00000062 000001 4000065a 00006dda  1 CAM_RAN_FLAG 	camera_c.obj 
  UNUSED   000002 ........ ........    i_cam camera_c.obj 
  00000064 000006 4000065c 00006ddc  4 cam1LanePosition 	camera_c.obj 
  0000006c 000006 40000664 00006de4  4 cam2LanePosition 	camera_c.obj 
  00000072 000001 4000066a 00006dea  1 cam1LaneNum 	camera_c.obj 
  00000073 000001 4000066b 00006deb  1 cam2LaneNum 	camera_c.obj 
  00000074 000001 4000066c 00006dec  1 crossSectionFlag 	camera_c.obj 
  00000075 000001 4000066d 00006ded  1 schoolZoneFlag 	camera_c.obj 
  00000076 000001 4000066e 00006dee  1 errorFlag 	camera_c.obj 
  00000077 000001 4000066f 00006def  1 laneProccessEndFlag 	camera_c.obj 
  00000078 000004 40000670 00006df0  4 t0_CAM_WAIT 	camera_c.obj 
  0000007c 000004 40000674 00006df4  4 t0_CAM_CLK_DOWN 	camera_c.obj 
  00000080 000004 40000678 00006df8  4 t0_CAM_CLK 	camera_c.obj 
  00000084 000004 4000067c 00006dfc  4 t0_CAM_SI 	camera_c.obj 


.bss section layout
  Starting        Virtual  File
  address  Size   address  offset
  ---------------------------------
  00000000 000608 40000680 00006d78  1 .bss 	camera_c.obj 
  00000000 000102 40000680 00006d78  4 CAM_TEMP1 	camera_c.obj 
  00000104 000102 40000784 00006e7c  4 CAM_TEMP2 	camera_c.obj 
  00000208 000100 40000888 00006f80  8 CAM_READ1 	camera_c.obj 
  00000308 000100 40000988 00007080  8 CAM_READ2 	camera_c.obj 
  00000408 000100 40000a88 00007180  8 CAM_READ1_STORE 	camera_c.obj 
  00000508 000100 40000b88 00007280  8 CAM_READ2_STORE 	camera_c.obj 
  00000608 000104 40000c88 00007380  1 .bss 	UART_drv_c.obj 
  00000608 000104 40000c88 00007380  4 UARTBuf 	UART_drv_c.obj 


.tibss section layout
  Starting        Virtual  File
  address  Size   address  offset
  ---------------------------------


.tidata section layout
  Starting        Virtual  File
  address  Size   address  offset
  ---------------------------------


Memory map:
                       Starting Size     File     ROM      RAM Buffer  S-Record
                       address           Offset   Address  Address     Line
       .__bam_bootarea 00000000 00000008 00000280 00000000 00000000          2
                 .init 00000020 00000000 00000288 00003000 00003000          0
             .init_vle 00000020 00000000 00000288 00000020 00000020          0
        .exec_vect_Vle 00001000 000000f4 00000290 00001000 00001000          3
                .vects 00002000 000003a8 00000388 00002000 00002000         16
             .text_vle 00003000 00006030 00000730 00003000 00003000         63
               .rodata 00009030 00000018 00006760 00009030 00009030       1295
                .ctors 00009048 00000000 00006778 00009048 00009048          0
                .dtors 00009048 00000000 00006778 00009048 00009048          0
               .sdata2 00009048 00000008 00006778 00009048 00009048       1297
                .sbss2 00009050 00000000 00006780 00009050 00009050          0
                 .data 40000000 0000056c 00006780 00009050 00009050       1298
                .sdata 40000570 00000088 00006cf0 000095c0 000095c0       1368
                 .sbss 400005f8 00000088 00006d78 00009648 00009648          0
                  .bss 40000680 0000070c 00006d78 00009648 00009648          0
      .PPC.EMB.apuinfo 000122c8 00000000 00019040 0001b910 0001b910          0
         .debug_abbrev          00000153 00006d78
           .debug_info          00004e4a 00006ecb
        .debug_aranges          00000080 0000bd15
           .debug_line          00008c17 0000bd95
            .debug_loc          00000bc6 000149ac
       .debug_pubnames          000010b9 00015572


Linker generated symbols:
                   __argv 00003000
                    __env 00003000
               __DATA_ROM 00009050
               __DATA_RAM 40000000
               __DATA_END 400005f8
              __BSS_START 400005f8
                __BSS_END 40000d8c
                __SP_INIT 40014000
                 __SP_END 40013000
               __HEAP_END 40013000
            ___HEAP_START 003cfff0
              ___HEAP_END 40013000
               ___SP_INIT 40014000
                ___SP_END 40013000
              ___DATA_ROM 00009050
              ___DATA_RAM 40000000
              ___DATA_END 400005f8
             ___BSS_START 400005f8
               ___BSS_END 40000d8c
        _f___bam_bootarea 00000000
    _f___bam_bootarea_rom 00000000
        _e___bam_bootarea 00000008
                  _f_init 00000020
              _f_init_rom 00003000
                  _e_init 00000020
              _f_init_vle 00000020
          _f_init_vle_rom 00000020
              _e_init_vle 00000020
             _f_exec_vect 00001000
         _f_exec_vect_rom 00001000
             _e_exec_vect 00001000
         _f_exec_vect_Vle 00001000
     _f_exec_vect_Vle_rom 00001000
         _e_exec_vect_Vle 000010f4
                 _f_vects 00002000
             _f_vects_rom 00002000
                 _e_vects 000023a8
                  _f_text 00003000
              _f_text_rom 00003000
                  _e_text 00003000
              _f_text_vle 00003000
          _f_text_vle_rom 00003000
              _e_text_vle 00009030
                _f_rodata 00009030
            _f_rodata_rom 00009030
                _e_rodata 00009048
                 _f_ctors 00009048
             _f_ctors_rom 00009048
                 _e_ctors 00009048
                 _f_dtors 00009048
             _f_dtors_rom 00009048
                 _e_dtors 00009048
                _f_sdata2 00009048
            _f_sdata2_rom 00009048
                _e_sdata2 00009050
                 _f_sbss2 00009050
                 _e_sbss2 00009050
                  _f_data 40000000
              _f_data_rom 00009050
                  _e_data 4000056c
               _f_j_pdata 4000056c
           _f_j_pdata_rom 000095bc
               _e_j_pdata 4000056c
                 _f_sdata 40000570
             _f_sdata_rom 000095c0
                 _e_sdata 400005f8
                  _f_sbss 400005f8
                  _e_sbss 40000680
                   _f_bss 40000680
                   _e_bss 40000d8c
                 _f_tibss 40000d8c
             _f_tibss_rom 00009648
                 _e_tibss 40000d8c
                _f_tidata 40000d8c
            _f_tidata_rom 00009648
                _e_tidata 40000d8c
              _stack_addr 003dfff0
               _stack_end 003d7ff0
               _heap_addr 003cfff0
                _heap_end 003d7ff0
             _nbfunctions 00000089
           SIZEOF_HEADERS 00000280
               _SDA_BASE_ 40008570
              _SDA2_BASE_ 00011048
           _ABS_SDA_BASE_ 40008570
          _ABS_SDA2_BASE_ 00011048
                 _SP_INIT 003dfff0
             __HEAP_START 003cfff0
              __mem_limit 003d7ff0
           __stack_safety 00000010
