Link map of __start
  1] __start (notype,global) found in crt0_s.obj 
   2] _@DummyFn1 (func,local) found in crt0_s.obj 
    3] __SP_INIT found as linker generated symbol
    3] _SDA_BASE_ found as linker generated symbol
    3] _SDA2_BASE_ found as linker generated symbol
    3] romcopy (func,global) found in romcopy_c.obj 
     4] __DATA_RAM found as linker generated symbol
     4] __DATA_ROM found as linker generated symbol
     4] __DATA_END found as linker generated symbol
     4] __BSS_START found as linker generated symbol
     4] __BSS_END found as linker generated symbol
     4] main (func,global) found in main_c.obj 
      5] init_peripherals (func,global) found in main_c.obj 
       6] sys_init_fnc (func,global) found in sys_init_c.obj 
        7] intc_init_fnc (func,global) found in intc_init_c.obj 
         8] IntcIsrVectorTable (object,global) found in intc_sw_vecttable_c.obj 
          9] interrupt_handler (func,global) found in intc_sw_vecttable_c.obj 
          9] ENC2_EIRQ0_7_ISR (func,global) found in encoder_c.obj 
           10] enc_val2 (object,global) found in encoder_c.obj 
           10] GPIO_Get (func,global) found in gpio_c.obj 
          9] EIRQ8_15_ISR (func,global) found in isr_init_c.obj 
          9] ENC1_EIRQ16_23_ISR (func,global) found in encoder_c.obj 
           10] enc_val1 (object,global) found in encoder_c.obj 
          9] TIMER_PIT0_ISR (func,global) found in timer_c.obj 
           10] timer_msec (object,global) found in timer_c.obj 
          9] LCD_PIT1_ISR (func,global) found in lcd_c.obj 
           10] LCD_timer_ms (object,global) found in lcd_c.obj 
          9] PIT2_ISR (func,global) found in isr_init_c.obj 
          9] ADC0_EOC_ISR (func,global) found in isr_init_c.obj 
          9] SDBG_RX0_ISR (func,global) found in isr_init_c.obj 
          9] SDBG_TX0_ISR (func,global) found in isr_init_c.obj 
          9] MUART_RX1_ISR (func,global) found in isr_init_c.obj 
          9] MUART_TX1_ISR (func,global) found in isr_init_c.obj 
          9] US_PIT3_ISR (func,global) found in ultra_sonic_c.obj 
           10] GPIO_Set (func,global) found in gpio_c.obj 
          9] CAM_PIT4_ISR (func,global) found in camera_c.obj 
           10] CAM_MICRO_SEC (object,global) found in camera_c.obj 
           10] CAM_RUN_MODE (object,global) found in camera_c.obj 
          9] ENC_SPEED_PIT5_ISR (func,global) found in encoder_c.obj 
           10] enc_rate1 (object,global) found in encoder_c.obj 
           10] enc_rate2 (object,global) found in encoder_c.obj 
           10] Speed_Proposal (object,global) found in encoder_c.obj 
           10] Speed_Control (func,global) found in encoder_c.obj 
            11] MOTOR_Current_Speed_R (func,global) found in motor_c.obj 
             12] ENC_Rate1_Return (func,global) found in encoder_c.obj 
             12] current_speed_r (object,global) found in motor_c.obj 
            11] MOTOR_Current_Speed_L (func,global) found in motor_c.obj 
             12] ENC_Rate2_Return (func,global) found in encoder_c.obj 
             12] current_speed_l (object,global) found in motor_c.obj 
            11] kpR (object,global) found in encoder_c.obj 
            11] kpL (object,global) found in encoder_c.obj 
            11] ki (object,global) found in encoder_c.obj 
            11] cont_val_P_R (object,global) found in encoder_c.obj 
            11] cont_val_P_L (object,global) found in encoder_c.obj 
            11] cont_val_I_R (object,global) found in encoder_c.obj 
            11] cont_val_I_L (object,global) found in encoder_c.obj 
            11] DC_Power_R (object,global) found in encoder_c.obj 
            11] DC_Power_L (object,global) found in encoder_c.obj 
           10] MOTOR_DC_R (func,global) found in motor_c.obj 
           10] MOTOR_DC_L (func,global) found in motor_c.obj 
          9] US_EMIOS1_F10_11_ISR (func,global) found in ultra_sonic_c.obj 
           10] us_t1 (object,global) found in ultra_sonic_c.obj 
           10] us_t2 (object,global) found in ultra_sonic_c.obj 
           10] us_tmeans (object,global) found in ultra_sonic_c.obj 
         8] en_int_fnc (func,global) found in intc_init_c.obj 
        7] IVPRInitialize (notype,global) found in rappid_func_s.obj 
         8] _@DummyFn1 (func,local) found in rappid_func_s.obj 
          9] IVORxHandlers (notype,global) found in excep_handler_s.obj 
           10] _@DummyFn1 (func,local) found in excep_handler_s.obj 
            11] .text_vle (section,local) found in excep_handler_s.obj 
             12] IVOR0Handler (notype,global) found in excep_handler_s.obj 
             12] IVOR1Handler (notype,global) found in excep_handler_s.obj 
             12] IVOR2Handler (notype,global) found in excep_handler_s.obj 
             12] IVOR3Handler (notype,global) found in excep_handler_s.obj 
             12] IVOR5Handler (notype,global) found in excep_handler_s.obj 
             12] IVOR6Handler (notype,global) found in excep_handler_s.obj 
             12] IVOR8Handler (notype,global) found in excep_handler_s.obj 
             12] IVOR15Handler (notype,global) found in excep_handler_s.obj 
             12] default_except_handler (notype,global) found in excep_handler_s.obj 
             12] .text_vle (section,local) found in excep_handler_s.obj 
            11] IVOR4Handler (notype,global) found in sw_handlers_s.obj 
             12] _@DummyFn1 (func,local) found in sw_handlers_s.obj 
             12] .text_vle (section,local) found in sw_handlers_s.obj 
           10] .exec_vect_Vle (section,local) found in excep_handler_s.obj 
         8] .text_vle (section,local) found in rappid_func_s.obj 
        7] rgm_init_fnc (func,global) found in rgm_init_c.obj 
        7] swt_init_fnc (func,global) found in swt_init_c.obj 
        7] msr_init_fnc (func,global) found in msr_init_c.obj 
        7] sysclk_module_init_fnc (func,global) found in sysclk_init_c.obj 
         8] mode_entry_init_fnc (func,global) found in sysclk_init_c.obj 
         8] sysclk_init_fnc (func,global) found in sysclk_init_c.obj 
         8] cmu_init_fnc (func,global) found in sysclk_init_c.obj 
        7] rtc_init_fnc (func,global) found in rtc_init_c.obj 
        7] stm_init_fnc (func,global) found in stm_init_c.obj 
        7] pit_init_fnc (func,global) found in pit_init_c.obj 
        7] flash_init_fnc (func,global) found in flash_init_c.obj 
        7] mpu_init_fnc (func,global) found in mpu_init_c.obj 
        7] edma_init_fnc (func,global) found in edma_init_c.obj 
        7] flexcan_init_fnc (func,global) found in flexcan_init_c.obj 
         8] flexcan_0_init_fnc (func,global) found in flexcan_init_c.obj 
         8] flexcan_1_init_fnc (func,global) found in flexcan_init_c.obj 
         8] flexcan_2_init_fnc (func,global) found in flexcan_init_c.obj 
         8] flexcan_3_init_fnc (func,global) found in flexcan_init_c.obj 
         8] flexcan_4_init_fnc (func,global) found in flexcan_init_c.obj 
         8] flexcan_5_init_fnc (func,global) found in flexcan_init_c.obj 
        7] cansp_init_fnc (func,global) found in cansp_init_c.obj 
        7] adc_init_fnc (func,global) found in adc_init_c.obj 
         8] adc_0_init_fnc (func,global) found in adc_init_c.obj 
          9] adc_0_channel_setup_fnc (func,global) found in adc_init_c.obj 
          9] adc_0_trigger_setup_fnc (func,global) found in adc_init_c.obj 
         8] adc_1_init_fnc (func,global) found in adc_init_c.obj 
          9] adc_1_channel_setup_fnc (func,global) found in adc_init_c.obj 
          9] adc_1_trigger_setup_fnc (func,global) found in adc_init_c.obj 
         8] adc_ctuevent_init_fnc (func,global) found in adc_init_c.obj 
        7] emios_init_fnc (func,global) found in emios_init_c.obj 
         8] emios_0_init_fnc (func,global) found in emios_init_c.obj 
         8] emios_1_init_fnc (func,global) found in emios_init_c.obj 
        7] dspi_init_fnc (func,global) found in dspi_init_c.obj 
         8] dspi0_init_fnc (func,global) found in dspi_init_c.obj 
         8] dspi1_init_fnc (func,global) found in dspi_init_c.obj 
         8] dspi2_init_fnc (func,global) found in dspi_init_c.obj 
         8] dspi3_init_fnc (func,global) found in dspi_init_c.obj 
         8] dspi4_init_fnc (func,global) found in dspi_init_c.obj 
        7] i2c_0_init_fnc (func,global) found in i2c_init_c.obj 
        7] linflex_init_fnc (func,global) found in linflex_init_c.obj 
         8] linflex0_init_fnc (func,global) found in linflex_init_c.obj 
         8] linflex1_init_fnc (func,global) found in linflex_init_c.obj 
         8] linflex2_init_fnc (func,global) found in linflex_init_c.obj 
         8] linflex3_init_fnc (func,global) found in linflex_init_c.obj 
         8] linflex4_init_fnc (func,global) found in linflex_init_c.obj 
         8] linflex5_init_fnc (func,global) found in linflex_init_c.obj 
        7] mode_entry_post_config_fnc (func,global) found in sysclk_init_c.obj 
        7] siu_init_fnc (func,global) found in siu_init_c.obj 
         8] siu_portA_init_fnc (func,global) found in siu_init_c.obj 
         8] siu_portB_init_fnc (func,global) found in siu_init_c.obj 
         8] siu_portC_init_fnc (func,global) found in siu_init_c.obj 
         8] siu_portD_init_fnc (func,global) found in siu_init_c.obj 
         8] siu_portE_init_fnc (func,global) found in siu_init_c.obj 
         8] siu_portF_init_fnc (func,global) found in siu_init_c.obj 
         8] siu_portG_init_fnc (func,global) found in siu_init_c.obj 
         8] siu_portH_init_fnc (func,global) found in siu_init_c.obj 
         8] siu_general_init_fnc (func,global) found in siu_init_c.obj 
         8] siu_parallel_port_init_fnc (func,global) found in siu_init_c.obj 
         8] siu_unused_pins_init_fnc (func,global) found in siu_init_c.obj 
         8] siu_psmi_init_fnc (func,global) found in siu_init_c.obj 
       6] Led_Set_All (func,global) found in onBoardLedSwitch_c.obj 
       6] TIMER_Init (func,global) found in timer_c.obj 
       6] UartBufInit (func,global) found in UART_drv_c.obj 
        7] UARTBuf (object,global) found in UART_drv_c.obj 
       6] LCD_initialize (func,global) found in lcd_c.obj 
        7] LCD_PtS (func,global) found in lcd_c.obj 
         8] delay_t (object,global) found in lcd_c.obj 
         8] LCD_delay_us (func,global) found in lcd_c.obj 
        7] LCD_com (func,global) found in lcd_c.obj 
         8] LCD_ENA_HL (func,global) found in lcd_c.obj 
        7] LCD_OFF (func,global) found in lcd_c.obj 
        7] LCD_Clear (func,global) found in lcd_c.obj 
        7] LCD_ON (func,global) found in lcd_c.obj 
       6] US_Init (func,global) found in ultra_sonic_c.obj 
        7] us_val (object,global) found in ultra_sonic_c.obj 
       6] CAM_Init (func,global) found in camera_c.obj 
        7] TIME_CONST (object,global) found in camera_c.obj 
        7] DELAY_SI (object,global) found in camera_c.obj 
        7] DELAY_CLK (object,global) found in camera_c.obj 
        7] DELAY_WAIT (object,global) found in camera_c.obj 
        7] CAM_TIME_TOT (object,global) found in camera_c.obj 
        7] CAM_RESET_TIMER (func,global) found in camera_c.obj 
       6] MOTOR_Init (func,global) found in motor_c.obj 
      5] EnableExternalInterrupts (func,global) found in rappid_utils_c.obj 
      5] @110 (object,local) found in main_c.obj 
      5] UART_println (func,global) found in UART_drv_c.obj 
       6] UartTxMsg (func,global) found in UART_drv_c.obj 
       6] @150 (object,local) found in UART_drv_c.obj 
      5] DoMainLoop (func,global) found in main_c.obj 
       6] run_mode (object,global) found in main_c.obj 
       6] flag (object,global) found in main_c.obj 
       6] k_test (object,global) found in main_c.obj 
       6] Button_Select_RunMode (func,global) found in main_c.obj 
        7] BUTTON_Read (func,global) found in onBoardLedSwitch_c.obj 
       6] time_gap (object,global) found in main_c.obj 
       6] TIMER_GetRuntime (func,global) found in timer_c.obj 
       6] t_current (object,global) found in main_c.obj 
       6] t_old (object,global) found in main_c.obj 
       6] cnt (object,global) found in main_c.obj 
       6] @78 (object,local) found in main_c.obj 
       6] UART_print (func,global) found in UART_drv_c.obj 
       6] string_temp (object,global) found in main_c.obj 
       6] itoa (func,global) found in UART_drv_c.obj 
        7] @110 (object,local) found in UART_drv_c.obj 
       6] @79 (object,local) found in main_c.obj 
       6] Led_Set (func,global) found in onBoardLedSwitch_c.obj 
       6] Speed_Proposal_inMain (object,global) found in main_c.obj 
       6] Speed_Propsal_Update (func,global) found in encoder_c.obj 
       6] strA (object,global) found in main_c.obj 
       6] LCD_string (func,global) found in lcd_c.obj 
        7] LCD_XY (func,global) found in lcd_c.obj 
        7] LCD_data (func,global) found in lcd_c.obj 
       6] LCD_BUFF1 (object,global) found in main_c.obj 
       6] @80 (object,local) found in main_c.obj 
       6] @81 (object,local) found in main_c.obj 
       6] LCD_BUFF2 (object,global) found in main_c.obj 
       6] laneProcess (func,global) found in camera_c.obj 
        7] @170 (object,local) found in camera_c.obj 
        7] @172 (object,local) found in camera_c.obj 
        7] @174 (object,local) found in camera_c.obj 
        7] cam1LaneNum (object,global) found in camera_c.obj 
        7] cam2LaneNum (object,global) found in camera_c.obj 
        7] crossSectionFlag (object,global) found in camera_c.obj 
        7] schoolZoneFlag (object,global) found in camera_c.obj 
        7] laneProccessEndFlag (object,global) found in camera_c.obj 
        7] cam1LanePosition (object,global) found in camera_c.obj 
        7] cam2LanePosition (object,global) found in camera_c.obj 
        7] CAM_RAN_FLAG (object,global) found in camera_c.obj 
        7] @283 (object,local) found in camera_c.obj 
        7] CAM_READ1 (object,global) found in camera_c.obj 
        7] CAM_READ1_STORE (object,global) found in camera_c.obj 
        7] @284 (object,local) found in camera_c.obj 
        7] @285 (object,local) found in camera_c.obj 
        7] @286 (object,local) found in camera_c.obj 
        7] @287 (object,local) found in camera_c.obj 
        7] @288 (object,local) found in camera_c.obj 
        7] string_temp2 (object,global) found in camera_c.obj 
        7] @289 (object,local) found in camera_c.obj 
        7] @290 (object,local) found in camera_c.obj 
        7] @291 (object,local) found in camera_c.obj 
        7] @292 (object,local) found in camera_c.obj 
        7] @293 (object,local) found in camera_c.obj 
        7] @294 (object,local) found in camera_c.obj 
        7] @295 (object,local) found in camera_c.obj 
        7] @296 (object,local) found in camera_c.obj 
        7] @297 (object,local) found in camera_c.obj 
        7] @298 (object,local) found in camera_c.obj 
        7] @299 (object,local) found in camera_c.obj 
        7] @300 (object,local) found in camera_c.obj 
        7] errorFlag (object,global) found in camera_c.obj 
        7] @301 (object,local) found in camera_c.obj 
        7] @302 (object,local) found in camera_c.obj 
        7] @303 (object,local) found in camera_c.obj 
        7] @304 (object,local) found in camera_c.obj 
        7] @305 (object,local) found in camera_c.obj 
        7] @306 (object,local) found in camera_c.obj 
        7] @307 (object,local) found in camera_c.obj 
        7] @308 (object,local) found in camera_c.obj 
        7] @309 (object,local) found in camera_c.obj 
        7] @310 (object,local) found in camera_c.obj 
        7] CAM_READ2 (object,global) found in camera_c.obj 
        7] CAM_READ2_STORE (object,global) found in camera_c.obj 
        7] @311 (object,local) found in camera_c.obj 
        7] @312 (object,local) found in camera_c.obj 
        7] @313 (object,local) found in camera_c.obj 
        7] @314 (object,local) found in camera_c.obj 
        7] @315 (object,local) found in camera_c.obj 
        7] @316 (object,local) found in camera_c.obj 
        7] @317 (object,local) found in camera_c.obj 
        7] @318 (object,local) found in camera_c.obj 
        7] @319 (object,local) found in camera_c.obj 
        7] @320 (object,local) found in camera_c.obj 
        7] @321 (object,local) found in camera_c.obj 
        7] laneStatusUpdate (func,global) found in camera_c.obj 
       6] Servo_Control (func,global) found in main_c.obj 
        7] @157 (object,local) found in main_c.obj 
        7] cam1LanePositionReturn (func,global) found in camera_c.obj 
        7] cam2LanePositionReturn (func,global) found in camera_c.obj 
        7] ifCrossSection (func,global) found in camera_c.obj 
        7] ifSchoolZone (func,global) found in camera_c.obj 
       6] MOTOR_Servo (func,global) found in motor_c.obj 
       6] @82 (object,local) found in main_c.obj 
       6] @83 (object,local) found in main_c.obj 
       6] @84 (object,local) found in main_c.obj 
       6] LCD_BUFF3 (object,global) found in main_c.obj 
       6] @85 (object,local) found in main_c.obj 
       6] @86 (object,local) found in main_c.obj 
       6] @87 (object,local) found in main_c.obj 
       6] @88 (object,local) found in main_c.obj 
       6] ADC_Get (func,global) found in adc_drv_c.obj 
        7] A2D_GetSingleCh_10bit (func,global) found in adc_drv_c.obj 
       6] @89 (object,local) found in main_c.obj 
       6] @90 (object,local) found in main_c.obj 
       6] @91 (object,local) found in main_c.obj 
       6] @92 (object,local) found in main_c.obj 
       6] @93 (object,local) found in main_c.obj 
       6] @94 (object,local) found in main_c.obj 
       6] @95 (object,local) found in main_c.obj 
       6] @96 (object,local) found in main_c.obj 
       6] @97 (object,local) found in main_c.obj 
       6] @98 (object,local) found in main_c.obj 
       6] @99 (object,local) found in main_c.obj 
       6] @100 (object,local) found in main_c.obj 
   2] .text_vle (section,local) found in crt0_s.obj 
  1] bam_rchw (object,global) found in rchw_init_c.obj 
  1] bam_resetvector (object,global) found in rchw_init_c.obj 
    3] .text (section,local) found in ultra_sonic_c.obj 
    3] .text.35 (notype,local) found in ultra_sonic_c.obj 
    3] .text (section,local) found in timer_c.obj 
    3] .text.32 (notype,local) found in timer_c.obj 
    3] .text (section,local) found in sysclk_init_c.obj 
    3] .text.65 (notype,local) found in sysclk_init_c.obj 
    3] .text (section,local) found in sys_init_c.obj 
    3] .text.57 (notype,local) found in sys_init_c.obj 
    3] .text (section,local) found in swt_init_c.obj 
    3] .text.29 (notype,local) found in swt_init_c.obj 
    3] .text (section,local) found in stm_init_c.obj 
    3] .text.9 (notype,local) found in stm_init_c.obj 
    3] .text (section,local) found in siu_init_c.obj 
    3] .text.57 (notype,local) found in siu_init_c.obj 
    3] .text (section,local) found in rtc_init_c.obj 
    3] .text.9 (notype,local) found in rtc_init_c.obj 
    3] .text (section,local) found in romcopy_c.obj 
    3] .text.34 (notype,local) found in romcopy_c.obj 
    3] .text (section,local) found in rgm_init_c.obj 
    3] .text.9 (notype,local) found in rgm_init_c.obj 
    3] .text (section,local) found in rappid_utils_c.obj 
    3] .text.29 (notype,local) found in rappid_utils_c.obj 
    3] .text (section,local) found in pit_init_c.obj 
    3] .text.9 (notype,local) found in pit_init_c.obj 
    3] .text (section,local) found in onBoardLedSwitch_c.obj 
    3] .text.30 (notype,local) found in onBoardLedSwitch_c.obj 
    3] .text (section,local) found in msr_init_c.obj 
    3] .text.8 (notype,local) found in msr_init_c.obj 
    3] .text (section,local) found in mpu_init_c.obj 
    3] .text.9 (notype,local) found in mpu_init_c.obj 
    3] .text (section,local) found in motor_c.obj 
    3] .text.70 (notype,local) found in motor_c.obj 
    3] .text (section,local) found in main_c.obj 
    3] .text.194 (notype,local) found in main_c.obj 
    3] .text (section,local) found in linflex_init_c.obj 
    3] .text.33 (notype,local) found in linflex_init_c.obj 
    3] .text (section,local) found in lcd_c.obj 
    3] .text.96 (notype,local) found in lcd_c.obj 
    3] .text (section,local) found in isr_init_c.obj 
    3] .text.55 (notype,local) found in isr_init_c.obj 
    3] .text (section,local) found in intc_sw_vecttable_c.obj 
    3] .text.57 (notype,local) found in intc_sw_vecttable_c.obj 
    3] .text (section,local) found in intc_init_c.obj 
    3] .text.19 (notype,local) found in intc_init_c.obj 
    3] .text (section,local) found in i2c_init_c.obj 
    3] .text.9 (notype,local) found in i2c_init_c.obj 
    3] .text (section,local) found in gpio_c.obj 
    3] .text.17 (notype,local) found in gpio_c.obj 
    3] .text (section,local) found in flexcan_init_c.obj 
    3] .text.196 (notype,local) found in flexcan_init_c.obj 
    3] .text (section,local) found in flash_init_c.obj 
    3] .text.14 (notype,local) found in flash_init_c.obj 
    3] .text (section,local) found in encoder_c.obj 
    3] .text.88 (notype,local) found in encoder_c.obj 
    3] .text (section,local) found in emios_init_c.obj 
    3] .text.17 (notype,local) found in emios_init_c.obj 
    3] .text (section,local) found in edma_init_c.obj 
    3] .text.9 (notype,local) found in edma_init_c.obj 
    3] .text (section,local) found in dspi_init_c.obj 
    3] .text.29 (notype,local) found in dspi_init_c.obj 
    3] .text (section,local) found in cansp_init_c.obj 
    3] .text.19 (notype,local) found in cansp_init_c.obj 
    3] .text (section,local) found in camera_c.obj 
    3] .text.405 (notype,local) found in camera_c.obj 
    3] .text (section,local) found in adc_init_c.obj 
    3] .text.37 (notype,local) found in adc_init_c.obj 
    3] .text (section,local) found in adc_drv_c.obj 
    3] .text.79 (notype,local) found in adc_drv_c.obj 
    3] .text (section,local) found in UART_drv_c.obj 
    3] .text.162 (notype,local) found in UART_drv_c.obj 


.__bam_bootarea section layout
  Starting        Virtual  File
  address  Size   address  offset
  ---------------------------------
  00000000 000008 00000000 00000280  1 .__bam_bootarea 	rchw_init_c.obj 
  00000000 000004 00000000 00000280  4 bam_rchw 	rchw_init_c.obj 
  00000004 000004 00000004 00000284  4 bam_resetvector 	rchw_init_c.obj 


.init section layout
  Starting        Virtual  File
  address  Size   address  offset
  ---------------------------------


.init_vle section layout
  Starting        Virtual  File
  address  Size   address  offset
  ---------------------------------


.exec_vect section layout
  Starting        Virtual  File
  address  Size   address  offset
  ---------------------------------


.exec_vect_Vle section layout
  Starting        Virtual  File
  address  Size   address  offset
  ---------------------------------
  00000000 0000f4 00001000 00000290  1 .exec_vect_Vle 	excep_handler_s.obj 
  00000000 0000f4 00001000 00000290  4 _@DummyFn1 	excep_handler_s.obj 
  00000000 000000 00001000 00000290    IVORxHandlers (entry of .exec_vect_Vle) 	excep_handler_s.obj 


.vects section layout
  Starting        Virtual  File
  address  Size   address  offset
  ---------------------------------
  00000000 0003a8 00002000 00000388  1 .vects 	intc_sw_vecttable_c.obj 
  00000000 0003a8 00002000 00000388  8 IntcIsrVectorTable 	intc_sw_vecttable_c.obj 


.text section layout
  Starting        Virtual  File
  address  Size   address  offset
  ---------------------------------


.text_vle section layout
  Starting        Virtual  File
  address  Size   address  offset
  ---------------------------------
  00000000 0000c0 00003000 00000730  1 .text_vle 	sw_handlers_s.obj 
  00000000 0000c0 00003000 00000730  4 _@DummyFn1 	sw_handlers_s.obj 
  00000000 000000 00003000 00000730    IVOR4Handler (entry of .text_vle) 	sw_handlers_s.obj 
  000000c0 00000e 000030c0 000007f0  1 .text_vle 	rappid_func_s.obj 
  000000c0 00000e 000030c0 000007f0  4 _@DummyFn1 	rappid_func_s.obj 
  000000c0 000000 000030c0 000007f0    IVPRInitialize (entry of .text_vle) 	rappid_func_s.obj 
  000000ce 000002 000030d0 00000800  4 *fill*
  000000d0 000050 000030d0 00000800  1 .text_vle 	excep_handler_s.obj 
  000000d0 000000 000030d0 00000800    IVOR0Handler (entry of .text_vle) 	excep_handler_s.obj 
  000000da 000000 000030da 0000080a    IVOR1Handler (entry of .text_vle) 	excep_handler_s.obj 
  000000e4 000000 000030e4 00000814    IVOR2Handler (entry of .text_vle) 	excep_handler_s.obj 
  000000ee 000000 000030ee 0000081e    IVOR3Handler (entry of .text_vle) 	excep_handler_s.obj 
  000000f8 000000 000030f8 00000828    IVOR5Handler (entry of .text_vle) 	excep_handler_s.obj 
  00000102 000000 00003102 00000832    IVOR6Handler (entry of .text_vle) 	excep_handler_s.obj 
  0000010c 000000 0000310c 0000083c    IVOR8Handler (entry of .text_vle) 	excep_handler_s.obj 
  00000116 000000 00003116 00000846    IVOR15Handler (entry of .text_vle) 	excep_handler_s.obj 
  00000120 000000 00003120 00000850    default_except_handler (entry of .text_vle) 	excep_handler_s.obj 
  00000120 000054 00003120 00000850  1 .text_vle 	crt0_s.obj 
  00000120 000054 00003120 00000850  4 _@DummyFn1 	crt0_s.obj 
  00000120 000000 00003120 00000850    __start (entry of .text_vle) 	crt0_s.obj 
  00000174 0000b0 00003174 000008a4  1 .text 	ultra_sonic_c.obj 
  00000174 00004a 00003174 000008a4  2 US_PIT3_ISR 	ultra_sonic_c.obj 
  000001be 00005c 000031be 000008ee  2 US_EMIOS1_F10_11_ISR 	ultra_sonic_c.obj 
  0000021a 00000a 0000321a 0000094a  2 US_Init 	ultra_sonic_c.obj 
  UNUSED   000058 ........ ........    US_Get ultra_sonic_c.obj 
  00000224 000000 00003224 00000954  1 .text.35 	ultra_sonic_c.obj 
  00000224 000032 00003224 00000954  1 .text 	timer_c.obj 
  00000224 000018 00003224 00000954  2 TIMER_PIT0_ISR 	timer_c.obj 
  0000023c 000008 0000323c 0000096c  2 TIMER_Init 	timer_c.obj 
  UNUSED   00001e ........ ........    TIMER_DelayMs timer_c.obj 
  00000244 000012 00003244 00000974  2 TIMER_GetRuntime 	timer_c.obj 
  00000256 000000 00003256 00000986  1 .text.32 	timer_c.obj 
  00000256 0004e2 00003256 00000986  1 .text 	sysclk_init_c.obj 
  00000256 00001c 00003256 00000986  2 sysclk_module_init_fnc 	sysclk_init_c.obj 
  00000272 00025a 00003272 000009a2  2 mode_entry_init_fnc 	sysclk_init_c.obj 
  000004cc 00017c 000034cc 00000bfc  2 sysclk_init_fnc 	sysclk_init_c.obj 
  00000648 00002a 00003648 00000d78  2 cmu_init_fnc 	sysclk_init_c.obj 
  00000672 0000c6 00003672 00000da2  2 mode_entry_post_config_fnc 	sysclk_init_c.obj 
  00000738 000000 00003738 00000e68  1 .text.65 	sysclk_init_c.obj 
  00000738 00006a 00003738 00000e68  1 .text 	sys_init_c.obj 
  00000738 00006a 00003738 00000e68  2 sys_init_fnc 	sys_init_c.obj 
  000007a2 000000 000037a2 00000ed2  1 .text.57 	sys_init_c.obj 
  000007a2 0000c8 000037a2 00000ed2  1 .text 	swt_init_c.obj 
  000007a2 0000c8 000037a2 00000ed2  2 swt_init_fnc 	swt_init_c.obj 
  UNUSED   000032 ........ ........    swt_srvc_seq_fnc swt_init_c.obj 
  0000086a 000000 0000386a 00000f9a  1 .text.29 	swt_init_c.obj 
  0000086a 0000a8 0000386a 00000f9a  1 .text 	stm_init_c.obj 
  0000086a 0000a8 0000386a 00000f9a  2 stm_init_fnc 	stm_init_c.obj 
  00000912 000000 00003912 00001042  1 .text.9 	stm_init_c.obj 
  00000912 0009dc 00003912 00001042  1 .text 	siu_init_c.obj 
  00000912 000040 00003912 00001042  2 siu_init_fnc 	siu_init_c.obj 
  00000952 0000c0 00003952 00001082  2 siu_portA_init_fnc 	siu_init_c.obj 
  00000a12 00009c 00003a12 00001142  2 siu_portB_init_fnc 	siu_init_c.obj 
  00000aae 0000c0 00003aae 000011de  2 siu_portC_init_fnc 	siu_init_c.obj 
  00000b6e 00009e 00003b6e 0000129e  2 siu_portD_init_fnc 	siu_init_c.obj 
  00000c0c 0000b2 00003c0c 0000133c  2 siu_portE_init_fnc 	siu_init_c.obj 
  00000cbe 0000c2 00003cbe 000013ee  2 siu_portF_init_fnc 	siu_init_c.obj 
  00000d80 0000ba 00003d80 000014b0  2 siu_portG_init_fnc 	siu_init_c.obj 
  00000e3a 00007c 00003e3a 0000156a  2 siu_portH_init_fnc 	siu_init_c.obj 
  00000eb6 000180 00003eb6 000015e6  2 siu_general_init_fnc 	siu_init_c.obj 
  00001036 000052 00004036 00001766  2 siu_parallel_port_init_fnc 	siu_init_c.obj 
  00001088 000002 00004088 000017b8  2 siu_unused_pins_init_fnc 	siu_init_c.obj 
  0000108a 000264 0000408a 000017ba  2 siu_psmi_init_fnc 	siu_init_c.obj 
  000012ee 000000 000042ee 00001a1e  1 .text.57 	siu_init_c.obj 
  000012ee 000030 000042ee 00001a1e  1 .text 	rtc_init_c.obj 
  000012ee 000030 000042ee 00001a1e  2 rtc_init_fnc 	rtc_init_c.obj 
  0000131e 000000 0000431e 00001a4e  1 .text.9 	rtc_init_c.obj 
  0000131e 0000ae 0000431e 00001a4e  1 .text 	romcopy_c.obj 
  0000131e 0000ae 0000431e 00001a4e  2 romcopy 	romcopy_c.obj 
  000013cc 000000 000043cc 00001afc  1 .text.34 	romcopy_c.obj 
  000013cc 000044 000043cc 00001afc  1 .text 	rgm_init_c.obj 
  000013cc 000044 000043cc 00001afc  2 rgm_init_fnc 	rgm_init_c.obj 
  00001410 000000 00004410 00001b40  1 .text.9 	rgm_init_c.obj 
  00001410 000006 00004410 00001b40  1 .text 	rappid_utils_c.obj 
  00001410 000006 00004410 00001b40  2 EnableExternalInterrupts 	rappid_utils_c.obj 
  UNUSED   000006 ........ ........    DisableExternalInterrupts rappid_utils_c.obj 
  UNUSED   000016 ........ ........    fs_clearmem rappid_utils_c.obj 
  00001416 000000 00004416 00001b46  1 .text.29 	rappid_utils_c.obj 
  00001416 0001ae 00004416 00001b46  1 .text 	pit_init_c.obj 
  00001416 0001ae 00004416 00001b46  2 pit_init_fnc 	pit_init_c.obj 
  000015c4 000000 000045c4 00001cf4  1 .text.9 	pit_init_c.obj 
  000015c4 0000fa 000045c4 00001cf4  1 .text 	onBoardLedSwitch_c.obj 
  000015c4 00003a 000045c4 00001cf4  2 Led_Set 	onBoardLedSwitch_c.obj 
  000015fe 000066 000045fe 00001d2e  2 Led_Set_All 	onBoardLedSwitch_c.obj 
  00001664 00005a 00004664 00001d94  2 BUTTON_Read 	onBoardLedSwitch_c.obj 
  UNUSED   00005a ........ ........    DIP_Read onBoardLedSwitch_c.obj 
  000016be 000000 000046be 00001dee  1 .text.30 	onBoardLedSwitch_c.obj 
  000016be 00001a 000046be 00001dee  1 .text 	msr_init_c.obj 
  000016be 00001a 000046be 00001dee  2 msr_init_fnc 	msr_init_c.obj 
  000016d8 000000 000046d8 00001e08  1 .text.8 	msr_init_c.obj 
  000016d8 000010 000046d8 00001e08  1 .text 	mpu_init_c.obj 
  000016d8 000010 000046d8 00001e08  2 mpu_init_fnc 	mpu_init_c.obj 
  000016e8 000000 000046e8 00001e18  1 .text.9 	mpu_init_c.obj 
  000016e8 0001b0 000046e8 00001e18  1 .text 	motor_c.obj 
  000016e8 00001a 000046e8 00001e18  2 MOTOR_Init 	motor_c.obj 
  00001702 000032 00004702 00001e32  2 MOTOR_Servo 	motor_c.obj 
  UNUSED   000026 ........ ........    MOTOR_Servo_withPWM motor_c.obj 
  00001734 00006a 00004734 00001e64  2 MOTOR_DC_R 	motor_c.obj 
  0000179e 00006a 0000479e 00001ece  2 MOTOR_DC_L 	motor_c.obj 
  UNUSED   000038 ........ ........    MOTOR_BrakeEngine motor_c.obj 
  00001808 000048 00004808 00001f38  2 MOTOR_Current_Speed_R 	motor_c.obj 
  00001850 000048 00004850 00001f80  2 MOTOR_Current_Speed_L 	motor_c.obj 
  00001898 000000 00004898 00001fc8  1 .text.70 	motor_c.obj 
  00001898 000802 00004898 00001fc8  1 .text 	main_c.obj 
  00001898 000034 00004898 00001fc8  2 init_peripherals 	main_c.obj 
  000018cc 000620 000048cc 00001ffc  2 DoMainLoop 	main_c.obj 
  00001eec 00002a 00004eec 0000261c  2 main 	main_c.obj 
  UNUSED   00010e ........ ........    AEB main_c.obj 
  00001f16 000062 00004f16 00002646  2 Button_Select_RunMode 	main_c.obj 
  00001f78 000122 00004f78 000026a8  2 Servo_Control 	main_c.obj 
  UNUSED   00005e ........ ........    cameraSpeedControl main_c.obj 
  0000209a 000000 0000509a 000027ca  1 .text.194 	main_c.obj 
  0000209a 000514 0000509a 000027ca  1 .text 	linflex_init_c.obj 
  0000209a 000028 0000509a 000027ca  2 linflex_init_fnc 	linflex_init_c.obj 
  000020c2 000164 000050c2 000027f2  2 linflex0_init_fnc 	linflex_init_c.obj 
  00002226 0000ca 00005226 00002956  2 linflex1_init_fnc 	linflex_init_c.obj 
  000022f0 0000b6 000052f0 00002a20  2 linflex2_init_fnc 	linflex_init_c.obj 
  000023a6 0000b6 000053a6 00002ad6  2 linflex3_init_fnc 	linflex_init_c.obj 
  0000245c 00009c 0000545c 00002b8c  2 linflex4_init_fnc 	linflex_init_c.obj 
  000024f8 0000b6 000054f8 00002c28  2 linflex5_init_fnc 	linflex_init_c.obj 
  000025ae 000000 000055ae 00002cde  1 .text.33 	linflex_init_c.obj 
  000025ae 000210 000055ae 00002cde  1 .text 	lcd_c.obj 
  000025ae 000018 000055ae 00002cde  2 LCD_PIT1_ISR 	lcd_c.obj 
  000025c6 000034 000055c6 00002cf6  2 LCD_initialize 	lcd_c.obj 
  000025fa 000078 000055fa 00002d2a  2 LCD_PtS 	lcd_c.obj 
  00002672 000024 00005672 00002da2  2 LCD_ENA_HL 	lcd_c.obj 
  00002696 00001c 00005696 00002dc6  2 LCD_com 	lcd_c.obj 
  000026b2 00002a 000056b2 00002de2  2 LCD_data 	lcd_c.obj 
  000026dc 000030 000056dc 00002e0c  2 LCD_XY 	lcd_c.obj 
  0000270c 00003c 0000570c 00002e3c  2 LCD_string 	lcd_c.obj 
  00002748 000026 00005748 00002e78  2 LCD_Clear 	lcd_c.obj 
  0000276e 00001a 0000576e 00002e9e  2 LCD_ON 	lcd_c.obj 
  00002788 00001c 00005788 00002eb8  2 LCD_OFF 	lcd_c.obj 
  000027a4 00001a 000057a4 00002ed4  2 LCD_delay_us 	lcd_c.obj 
  000027be 000000 000057be 00002eee  1 .text.96 	lcd_c.obj 
  000027be 0000a4 000057be 00002eee  1 .text 	isr_init_c.obj 
  000027be 00000a 000057be 00002eee  2 ADC0_EOC_ISR 	isr_init_c.obj 
  000027c8 00000c 000057c8 00002ef8  2 PIT2_ISR 	isr_init_c.obj 
  000027d4 00000e 000057d4 00002f04  2 EIRQ8_15_ISR 	isr_init_c.obj 
  000027e2 00001c 000057e2 00002f12  2 SDBG_RX0_ISR 	isr_init_c.obj 
  000027fe 00001c 000057fe 00002f2e  2 SDBG_TX0_ISR 	isr_init_c.obj 
  0000281a 000024 0000581a 00002f4a  2 MUART_RX1_ISR 	isr_init_c.obj 
  0000283e 000024 0000583e 00002f6e  2 MUART_TX1_ISR 	isr_init_c.obj 
  00002862 000000 00005862 00002f92  1 .text.55 	isr_init_c.obj 
  00002862 000002 00005862 00002f92  1 .text 	intc_sw_vecttable_c.obj 
  00002862 000002 00005862 00002f92  2 interrupt_handler 	intc_sw_vecttable_c.obj 
  00002864 000000 00005864 00002f94  1 .text.57 	intc_sw_vecttable_c.obj 
  00002864 000760 00005864 00002f94  1 .text 	intc_init_c.obj 
  00002864 000756 00005864 00002f94  2 intc_init_fnc 	intc_init_c.obj 
  00002fba 00000a 00005fba 000036ea  2 en_int_fnc 	intc_init_c.obj 
  00002fc4 000000 00005fc4 000036f4  1 .text.19 	intc_init_c.obj 
  00002fc4 000030 00005fc4 000036f4  1 .text 	i2c_init_c.obj 
  00002fc4 000030 00005fc4 000036f4  2 i2c_0_init_fnc 	i2c_init_c.obj 
  00002ff4 000000 00005ff4 00003724  1 .text.9 	i2c_init_c.obj 
  00002ff4 000044 00005ff4 00003724  1 .text 	gpio_c.obj 
  00002ff4 000026 00005ff4 00003724  2 GPIO_Get 	gpio_c.obj 
  0000301a 00001e 0000601a 0000374a  2 GPIO_Set 	gpio_c.obj 
  00003038 000000 00006038 00003768  1 .text.17 	gpio_c.obj 
  00003038 000a38 00006038 00003768  1 .text 	flexcan_init_c.obj 
  00003038 00005a 00006038 00003768  2 flexcan_init_fnc 	flexcan_init_c.obj 
  00003092 00017e 00006092 000037c2  2 flexcan_0_init_fnc 	flexcan_init_c.obj 
  00003210 0001ba 00006210 00003940  2 flexcan_1_init_fnc 	flexcan_init_c.obj 
  000033ca 0001b8 000063ca 00003afa  2 flexcan_2_init_fnc 	flexcan_init_c.obj 
  00003582 0001b8 00006582 00003cb2  2 flexcan_3_init_fnc 	flexcan_init_c.obj 
  0000373a 00017e 0000673a 00003e6a  2 flexcan_4_init_fnc 	flexcan_init_c.obj 
  000038b8 0001b8 000068b8 00003fe8  2 flexcan_5_init_fnc 	flexcan_init_c.obj 
  00003a70 000000 00006a70 000041a0  1 .text.196 	flexcan_init_c.obj 
  00003a70 00003c 00006a70 000041a0  1 .text 	flash_init_c.obj 
  00003a70 00003c 00006a70 000041a0  2 flash_init_fnc 	flash_init_c.obj 
  00003aac 000000 00006aac 000041dc  1 .text.14 	flash_init_c.obj 
  00003aac 000238 00006aac 000041dc  1 .text 	encoder_c.obj 
  00003aac 000086 00006aac 000041dc  2 ENC1_EIRQ16_23_ISR 	encoder_c.obj 
  00003b32 000086 00006b32 00004262  2 ENC2_EIRQ0_7_ISR 	encoder_c.obj 
  UNUSED   00000e ........ ........    ENC_Init encoder_c.obj 
  UNUSED   000006 ........ ........    ENC_Get1 encoder_c.obj 
  UNUSED   000006 ........ ........    ENC_Get2 encoder_c.obj 
  00003bb8 000006 00006bb8 000042e8  2 ENC_Rate1_Return 	encoder_c.obj 
  00003bbe 000006 00006bbe 000042ee  2 ENC_Rate2_Return 	encoder_c.obj 
  00003bc4 000056 00006bc4 000042f4  2 ENC_SPEED_PIT5_ISR 	encoder_c.obj 
  00003c1a 00002e 00006c1a 0000434a  2 Speed_Propsal_Update 	encoder_c.obj 
  00003c48 00009c 00006c48 00004378  2 Speed_Control 	encoder_c.obj 
  00003ce4 000000 00006ce4 00004414  1 .text.88 	encoder_c.obj 
  00003ce4 000820 00006ce4 00004414  1 .text 	emios_init_c.obj 
  00003ce4 000018 00006ce4 00004414  2 emios_init_fnc 	emios_init_c.obj 
  00003cfc 0003f8 00006cfc 0000442c  2 emios_0_init_fnc 	emios_init_c.obj 
  000040f4 000410 000070f4 00004824  2 emios_1_init_fnc 	emios_init_c.obj 
  00004504 000000 00007504 00004c34  1 .text.17 	emios_init_c.obj 
  00004504 000160 00007504 00004c34  1 .text 	edma_init_c.obj 
  00004504 000160 00007504 00004c34  2 edma_init_fnc 	edma_init_c.obj 
  00004664 000000 00007664 00004d94  1 .text.9 	edma_init_c.obj 
  00004664 000324 00007664 00004d94  1 .text 	dspi_init_c.obj 
  00004664 000024 00007664 00004d94  2 dspi_init_fnc 	dspi_init_c.obj 
  00004688 000086 00007688 00004db8  2 dspi0_init_fnc 	dspi_init_c.obj 
  0000470e 0000a8 0000770e 00004e3e  2 dspi1_init_fnc 	dspi_init_c.obj 
  000047b6 0000a6 000077b6 00004ee6  2 dspi2_init_fnc 	dspi_init_c.obj 
  0000485c 0000a6 0000785c 00004f8c  2 dspi3_init_fnc 	dspi_init_c.obj 
  00004902 000086 00007902 00005032  2 dspi4_init_fnc 	dspi_init_c.obj 
  00004988 000000 00007988 000050b8  1 .text.29 	dspi_init_c.obj 
  00004988 000054 00007988 000050b8  1 .text 	cansp_init_c.obj 
  00004988 000054 00007988 000050b8  2 cansp_init_fnc 	cansp_init_c.obj 
  UNUSED   000010 ........ ........    cansp_trigger_fnc cansp_init_c.obj 
  000049dc 000000 000079dc 0000510c  1 .text.19 	cansp_init_c.obj 
  000049dc 000dfa 000079dc 0000510c  1 .text 	camera_c.obj 
  000049dc 00002c 000079dc 0000510c  2 CAM_PIT4_ISR 	camera_c.obj 
  00004a08 00006c 00007a08 00005138  2 CAM_Init 	camera_c.obj 
  UNUSED   000006 ........ ........    CAM_MICRO_SEC_RETURN camera_c.obj 
  00004a74 000008 00007a74 000051a4  2 CAM_RESET_TIMER 	camera_c.obj 
  UNUSED   000012 ........ ........    CAM_SI_ON camera_c.obj 
  UNUSED   000090 ........ ........    CAM_RUN camera_c.obj 
  UNUSED   0000ea ........ ........    CAM_Clock camera_c.obj 
  UNUSED   0000f4 ........ ........    CAM_RUN2 camera_c.obj 
  UNUSED   000018 ........ ........    CAM_DATA1 camera_c.obj 
  UNUSED   000018 ........ ........    CAM_DATA2 camera_c.obj 
  UNUSED   000030 ........ ........    CAM_DELAY camera_c.obj 
  UNUSED   000016 ........ ........    CAM_PulseWidth camera_c.obj 
  UNUSED   00006e ........ ........    CAM_UPDATE_DATA camera_c.obj 
  UNUSED   000006 ........ ........    CAM_RUN_MODE_SETUP camera_c.obj 
  00004a7c 000c2c 00007a7c 000051ac  2 laneProcess 	camera_c.obj 
  000056a8 0000e6 000086a8 00005dd8  2 laneStatusUpdate 	camera_c.obj 
  0000578e 00001e 0000878e 00005ebe  2 cam1LanePositionReturn 	camera_c.obj 
  000057ac 00001e 000087ac 00005edc  2 cam2LanePositionReturn 	camera_c.obj 
  UNUSED   000006 ........ ........    ifLaneProcessEnd camera_c.obj 
  000057ca 000006 000087ca 00005efa  2 ifSchoolZone 	camera_c.obj 
  000057d0 000006 000087d0 00005f00  2 ifCrossSection 	camera_c.obj 
  UNUSED   000006 ........ ........    ifError camera_c.obj 
  UNUSED   000006 ........ ........    cam1LaneNumReturn camera_c.obj 
  UNUSED   000006 ........ ........    cam2LaneNumReturn camera_c.obj 
  000057d6 000000 000087d6 00005f06  1 .text.405 	camera_c.obj 
  000057d6 00068a 000087d6 00005f06  1 .text 	adc_init_c.obj 
  000057d6 00001c 000087d6 00005f06  2 adc_init_fnc 	adc_init_c.obj 
  000057f2 0000c0 000087f2 00005f22  2 adc_0_init_fnc 	adc_init_c.obj 
  000058b2 0000be 000088b2 00005fe2  2 adc_1_init_fnc 	adc_init_c.obj 
  00005970 0002a2 00008970 000060a0  2 adc_ctuevent_init_fnc 	adc_init_c.obj 
  00005c12 000144 00008c12 00006342  2 adc_0_channel_setup_fnc 	adc_init_c.obj 
  00005d56 0000c6 00008d56 00006486  2 adc_1_channel_setup_fnc 	adc_init_c.obj 
  00005e1c 00001e 00008e1c 0000654c  2 adc_0_trigger_setup_fnc 	adc_init_c.obj 
  00005e3a 000026 00008e3a 0000656a  2 adc_1_trigger_setup_fnc 	adc_init_c.obj 
  00005e60 000000 00008e60 00006590  1 .text.37 	adc_init_c.obj 
  00005e60 0000c6 00008e60 00006590  1 .text 	adc_drv_c.obj 
  00005e60 00002e 00008e60 00006590  2 ADC_Get 	adc_drv_c.obj 
  UNUSED   00005c ........ ........    A2D_GetSingleCh_12bit adc_drv_c.obj 
  00005e8e 000098 00008e8e 000065be  2 A2D_GetSingleCh_10bit 	adc_drv_c.obj 
  UNUSED   00002a ........ ........    A2D_GetChResult_12bit adc_drv_c.obj 
  UNUSED   000030 ........ ........    A2D_GetChResult_10bit adc_drv_c.obj 
  UNUSED   00001c ........ ........    A2D_SetupCh_12bit adc_drv_c.obj 
  UNUSED   00005e ........ ........    A2D_SetupCh_10bit adc_drv_c.obj 
  00005f26 000000 00008f26 00006656  1 .text.79 	adc_drv_c.obj 
  00005f26 0001ea 00008f26 00006656  1 .text 	UART_drv_c.obj 
  00005f26 0000b0 00008f26 00006656  2 UartTxMsg 	UART_drv_c.obj 
  UNUSED   000070 ........ ........    UartRxDataByte UART_drv_c.obj 
  UNUSED   000044 ........ ........    UartRxNewDataSize UART_drv_c.obj 
  UNUSED   00002e ........ ........    UartRxBufEmpty UART_drv_c.obj 
  00005fd6 000018 00008fd6 00006706  2 UartBufInit 	UART_drv_c.obj 
  UNUSED   0000a2 ........ ........    UartRxFillBuf UART_drv_c.obj 
  00005fee 000074 00008fee 0000671e  2 itoa 	UART_drv_c.obj 
  00006062 000052 00009062 00006792  2 UART_print 	UART_drv_c.obj 
  000060b4 00005c 000090b4 000067e4  2 UART_println 	UART_drv_c.obj 
  00006110 000000 00009110 00006840  1 .text.162 	UART_drv_c.obj 


.rodata section layout
  Starting        Virtual  File
  address  Size   address  offset
  ---------------------------------
  00000000 000024 00009110 00006840  1 .rodata 	camera_c.obj 
  00000000 00000c 00009110 00006840  4 @170 	camera_c.obj 
  0000000c 00000c 0000911c 0000684c  4 @172 	camera_c.obj 
  00000018 00000c 00009128 00006858  4 @174 	camera_c.obj 


.ctors section layout
  Starting        Virtual  File
  address  Size   address  offset
  ---------------------------------


.dtors section layout
  Starting        Virtual  File
  address  Size   address  offset
  ---------------------------------


.sdata2 section layout
  Starting        Virtual  File
  address  Size   address  offset
  ---------------------------------
  00000000 000008 00009138 00006868  1 .sdata2 	main_c.obj 
  00000000 000008 00009138 00006868  8 @157 	main_c.obj 


.sbss2 section layout
  Starting        Virtual  File
  address  Size   address  offset
  ---------------------------------


.data section layout
  Starting        Virtual  File
  address  Size   address  offset
  ---------------------------------
  00000000 00029a 40000000 00006870  1 .data 	main_c.obj 
  00000000 000100 40000000 00006870  8 string_temp 	main_c.obj 
  00000100 000011 40000100 00006970  4 strA 	main_c.obj 
  UNUSED   000011 ........ ........    strB main_c.obj 
  00000114 00000c 40000114 00006984  4 @78 	main_c.obj 
  00000120 000011 40000120 00006990  4 @80 	main_c.obj 
  00000134 000011 40000134 000069a4  4 @81 	main_c.obj 
  00000148 000013 40000148 000069b8  4 @82 	main_c.obj 
  0000015c 000011 4000015c 000069cc  4 @83 	main_c.obj 
  00000170 000011 40000170 000069e0  4 @84 	main_c.obj 
  00000184 00000b 40000184 000069f4  4 @85 	main_c.obj 
  00000190 00000c 40000190 00006a00  4 @86 	main_c.obj 
  0000019c 000037 4000019c 00006a0c  4 @88 	main_c.obj 
  000001d8 000010 400001d8 00006a48  8 @89 	main_c.obj 
  000001e8 00000d 400001e8 00006a58  4 @90 	main_c.obj 
  000001f8 000012 400001f8 00006a68  4 @91 	main_c.obj 
  0000020c 000012 4000020c 00006a7c  4 @92 	main_c.obj 
  00000220 000019 40000220 00006a90  4 @93 	main_c.obj 
  0000023c 000012 4000023c 00006aac  4 @94 	main_c.obj 
  00000250 00000c 40000250 00006ac0  4 @95 	main_c.obj 
  0000025c 00000a 4000025c 00006acc  4 @96 	main_c.obj 
  00000268 00000a 40000268 00006ad8  4 @97 	main_c.obj 
  00000274 00000a 40000274 00006ae4  4 @98 	main_c.obj 
  00000280 00000a 40000280 00006af0  4 @99 	main_c.obj 
  0000028c 00000e 4000028c 00006afc  4 @110 	main_c.obj 
  0000029a 000006 400002a0 00006b10  8 *fill*
  000002a0 000622 400002a0 00006b10  1 .data 	camera_c.obj 
  000002a0 000100 400002a0 00006b10  8 CAM_READ1 	camera_c.obj 
  000003a0 000100 400003a0 00006c10  8 CAM_READ2 	camera_c.obj 
  000004a0 000100 400004a0 00006d10  8 string_temp2 	camera_c.obj 
  000005a0 00000a 400005a0 00006e10  4 @283 	camera_c.obj 
  000005ac 000011 400005ac 00006e1c  4 @290 	camera_c.obj 
  000005c0 000010 400005c0 00006e30  8 @291 	camera_c.obj 
  000005d0 000014 400005d0 00006e40  4 @292 	camera_c.obj 
  000005e4 000015 400005e4 00006e54  4 @293 	camera_c.obj 
  000005fc 000011 400005fc 00006e6c  4 @294 	camera_c.obj 
  00000610 000015 40000610 00006e80  4 @295 	camera_c.obj 
  00000628 000021 40000628 00006e98  4 @296 	camera_c.obj 
  0000064c 00000b 4000064c 00006ebc  4 @297 	camera_c.obj 
  00000658 000009 40000658 00006ec8  4 @298 	camera_c.obj 
  00000664 000009 40000664 00006ed4  4 @299 	camera_c.obj 
  00000670 000021 40000670 00006ee0  4 @300 	camera_c.obj 
  00000698 000018 40000698 00006f08  8 @301 	camera_c.obj 
  000006b0 00000f 400006b0 00006f20  4 @302 	camera_c.obj 
  000006c0 000016 400006c0 00006f30  4 @303 	camera_c.obj 
  000006d8 00002f 400006d8 00006f48  4 @304 	camera_c.obj 
  00000708 000011 40000708 00006f78  4 @305 	camera_c.obj 
  0000071c 00000f 4000071c 00006f8c  4 @306 	camera_c.obj 
  0000072c 00002b 4000072c 00006f9c  4 @307 	camera_c.obj 
  00000758 000012 40000758 00006fc8  4 @308 	camera_c.obj 
  0000076c 000014 4000076c 00006fdc  4 @309 	camera_c.obj 
  00000780 00000a 40000780 00006ff0  4 @310 	camera_c.obj 
  0000078c 000013 4000078c 00006ffc  4 @311 	camera_c.obj 
  000007a0 000024 400007a0 00007010  4 @312 	camera_c.obj 
  000007c4 00001b 400007c4 00007034  4 @313 	camera_c.obj 
  000007e0 000011 400007e0 00007050  4 @314 	camera_c.obj 
  000007f8 000018 400007f8 00007068  8 @315 	camera_c.obj 
  00000810 00002d 40000810 00007080  4 @316 	camera_c.obj 
  00000840 000013 40000840 000070b0  4 @317 	camera_c.obj 
  00000854 000011 40000854 000070c4  4 @318 	camera_c.obj 
  00000868 00002d 40000868 000070d8  4 @319 	camera_c.obj 
  00000898 000015 40000898 00007108  4 @320 	camera_c.obj 
  000008b0 000012 400008b0 00007120  4 @321 	camera_c.obj 


.j_pdata section layout
  Starting        Virtual  File
  address  Size   address  offset
  ---------------------------------


.sdata section layout
  Starting        Virtual  File
  address  Size   address  offset
  ---------------------------------
  00000000 000010 400008c8 00007138  1 .sdata 	ultra_sonic_c.obj 
  UNUSED   000004 ........ ........    us_echo ultra_sonic_c.obj 
  00000000 000004 400008c8 00007138  4 us_tmeans 	ultra_sonic_c.obj 
  00000004 000004 400008cc 0000713c  4 us_t1 	ultra_sonic_c.obj 
  00000008 000004 400008d0 00007140  4 us_t2 	ultra_sonic_c.obj 
  0000000c 000004 400008d4 00007144  4 us_val 	ultra_sonic_c.obj 
  UNUSED   000004 ........ ........    us_val_old ultra_sonic_c.obj 
  00000010 000008 400008d8 00007148  1 .sdata 	motor_c.obj 
  00000010 000004 400008d8 00007148  4 current_speed_r 	motor_c.obj 
  00000014 000004 400008dc 0000714c  4 current_speed_l 	motor_c.obj 
  00000018 000012 400008e0 00007150  1 .sdata 	main_c.obj 
  00000018 000004 400008e0 00007150  4 time_gap 	main_c.obj 
  UNUSED   000004 ........ ........    USval main_c.obj 
  UNUSED   000004 ........ ........    IRval main_c.obj 
  0000001c 000002 400008e4 00007154  2 Speed_Proposal_inMain 	main_c.obj 
  0000001e 000001 400008e6 00007156  1 flag 	main_c.obj 
  00000020 000004 400008e8 00007158  4 @79 	main_c.obj 
  00000024 000001 400008ec 0000715c  4 @87 	main_c.obj 
  00000028 000002 400008f0 00007160  4 @100 	main_c.obj 
  0000002a 000006 400008f8 00007168  8 *fill*
  00000030 000004 400008f8 00007168  1 .sdata 	lcd_c.obj 
  00000030 000004 400008f8 00007168  4 delay_t 	lcd_c.obj 
  00000034 000004 40000900 00007170  8 *fill*
  00000038 00001e 40000900 00007170  1 .sdata 	encoder_c.obj 
  00000038 000004 40000900 00007170  4 enc_val1 	encoder_c.obj 
  0000003c 000004 40000904 00007174  4 enc_val2 	encoder_c.obj 
  00000040 000004 40000908 00007178  4 enc_rate1 	encoder_c.obj 
  00000044 000004 4000090c 0000717c  4 enc_rate2 	encoder_c.obj 
  00000048 000004 40000910 00007180  4 DC_Power_R 	encoder_c.obj 
  0000004c 000004 40000914 00007184  4 DC_Power_L 	encoder_c.obj 
  00000050 000002 40000918 00007188  2 kpR 	encoder_c.obj 
  00000052 000002 4000091a 0000718a  2 kpL 	encoder_c.obj 
  00000054 000002 4000091c 0000718c  2 ki 	encoder_c.obj 
  00000056 000002 40000920 00007190  8 *fill*
  00000058 00002e 40000920 00007190  1 .sdata 	camera_c.obj 
  00000058 000002 40000920 00007190  2 TIME_CONST 	camera_c.obj 
  0000005a 000002 40000922 00007192  2 DELAY_SI 	camera_c.obj 
  0000005c 000002 40000924 00007194  2 DELAY_CLK 	camera_c.obj 
  0000005e 000002 40000926 00007196  2 DELAY_WAIT 	camera_c.obj 
  UNUSED   000001 ........ ........    CAM_TIMER_CH camera_c.obj 
  UNUSED   000001 ........ ........    CAM_SI_FLAG camera_c.obj 
  UNUSED   000001 ........ ........    CAM_CLK_FLAG camera_c.obj 
  00000060 000002 40000928 00007198  2 CAM_RUN_MODE 	camera_c.obj 
  00000064 000003 4000092c 0000719c  4 @284 	camera_c.obj 
  00000068 000003 40000930 000071a0  4 @285 	camera_c.obj 
  0000006c 000001 40000934 000071a4  4 @286 	camera_c.obj 
  00000070 000006 40000938 000071a8  4 @287 	camera_c.obj 
  00000078 000006 40000940 000071b0  4 @288 	camera_c.obj 
  00000080 000006 40000948 000071b8  4 @289 	camera_c.obj 
  00000086 000002 40000950 000071c0  8 *fill*
  00000088 000007 40000950 000071c0  1 .sdata 	UART_drv_c.obj 
  00000088 000002 40000950 000071c0  4 @110 	UART_drv_c.obj 
  0000008c 000003 40000954 000071c4  4 @150 	UART_drv_c.obj 


.sbss section layout
  Starting        Virtual  File
  address  Size   address  offset
  ---------------------------------
  00000000 000004 40000958 000071c8  1 .sbss 	timer_c.obj 
  00000000 000004 40000958 000071c8  4 timer_msec 	timer_c.obj 
  00000004 000004 40000960 000071d0  8 *fill*
  00000008 000029 40000960 000071d0  1 .sbss 	main_c.obj 
  UNUSED   000004 ........ ........    i main_c.obj 
  00000008 000004 40000960 000071d0  4 t_current 	main_c.obj 
  0000000c 000004 40000964 000071d4  4 t_old 	main_c.obj 
  00000010 000004 40000968 000071d8  4 cnt 	main_c.obj 
  00000014 000002 4000096c 000071dc  2 k_test 	main_c.obj 
  00000018 000008 40000970 000071e0  8 LCD_BUFF1 	main_c.obj 
  00000020 000008 40000978 000071e8  8 LCD_BUFF2 	main_c.obj 
  00000028 000008 40000980 000071f0  8 LCD_BUFF3 	main_c.obj 
  UNUSED   000008 ........ ........    LCD_BUFF4 main_c.obj 
  UNUSED   000001 ........ ........    flag_US main_c.obj 
  UNUSED   000001 ........ ........    flag_IR main_c.obj 
  UNUSED   000001 ........ ........    flag_Slope main_c.obj 
  UNUSED   000001 ........ ........    flag_Wall main_c.obj 
  00000030 000001 40000988 000071f8  1 run_mode 	main_c.obj 
  00000031 000007 40000990 00007200  8 *fill*
  00000038 000004 40000990 00007200  1 .sbss 	lcd_c.obj 
  00000038 000004 40000990 00007200  4 LCD_timer_ms 	lcd_c.obj 
  0000003c 000004 40000998 00007208  8 *fill*
  00000040 000014 40000998 00007208  1 .sbss 	encoder_c.obj 
  00000040 000002 40000998 00007208  2 Speed_Proposal 	encoder_c.obj 
  00000044 000004 4000099c 0000720c  4 cont_val_I_R 	encoder_c.obj 
  00000048 000004 400009a0 00007210  4 cont_val_I_L 	encoder_c.obj 
  0000004c 000004 400009a4 00007214  4 cont_val_P_R 	encoder_c.obj 
  00000050 000004 400009a8 00007218  4 cont_val_P_L 	encoder_c.obj 
  00000054 000004 400009b0 00007220  8 *fill*
  00000058 000020 400009b0 00007220  1 .sbss 	camera_c.obj 
  00000058 000002 400009b0 00007220  2 CAM_TIME_TOT 	camera_c.obj 
  0000005c 000004 400009b4 00007224  4 CAM_MICRO_SEC 	camera_c.obj 
  UNUSED   000004 ........ ........    CAM_MICRO_SEC_OLD camera_c.obj 
  UNUSED   000002 ........ ........    CAM_CLK_COUNTER camera_c.obj 
  00000060 000001 400009b8 00007228  1 CAM_RAN_FLAG 	camera_c.obj 
  UNUSED   000002 ........ ........    i_cam camera_c.obj 
  00000064 000006 400009bc 0000722c  4 cam1LanePosition 	camera_c.obj 
  0000006c 000006 400009c4 00007234  4 cam2LanePosition 	camera_c.obj 
  00000072 000001 400009ca 0000723a  1 cam1LaneNum 	camera_c.obj 
  00000073 000001 400009cb 0000723b  1 cam2LaneNum 	camera_c.obj 
  00000074 000001 400009cc 0000723c  1 crossSectionFlag 	camera_c.obj 
  00000075 000001 400009cd 0000723d  1 schoolZoneFlag 	camera_c.obj 
  00000076 000001 400009ce 0000723e  1 errorFlag 	camera_c.obj 
  00000077 000001 400009cf 0000723f  1 laneProccessEndFlag 	camera_c.obj 
  UNUSED   000004 ........ ........    t0_CAM_WAIT camera_c.obj 
  UNUSED   000004 ........ ........    t0_CAM_CLK_DOWN camera_c.obj 
  UNUSED   000004 ........ ........    t0_CAM_CLK camera_c.obj 
  UNUSED   000004 ........ ........    t0_CAM_SI camera_c.obj 


.bss section layout
  Starting        Virtual  File
  address  Size   address  offset
  ---------------------------------
  00000000 000200 400009d0 000071c8  1 .bss 	camera_c.obj 
  UNUSED   000102 ........ ........    CAM_TEMP1 camera_c.obj 
  UNUSED   000102 ........ ........    CAM_TEMP2 camera_c.obj 
  00000000 000100 400009d0 000071c8  8 CAM_READ1_STORE 	camera_c.obj 
  00000100 000100 40000ad0 000072c8  8 CAM_READ2_STORE 	camera_c.obj 
  00000200 000104 40000bd0 000073c8  1 .bss 	UART_drv_c.obj 
  00000200 000104 40000bd0 000073c8  4 UARTBuf 	UART_drv_c.obj 


.tibss section layout
  Starting        Virtual  File
  address  Size   address  offset
  ---------------------------------


.tidata section layout
  Starting        Virtual  File
  address  Size   address  offset
  ---------------------------------


Memory map:
                       Starting Size     File     ROM      RAM Buffer  S-Record
                       address           Offset   Address  Address     Line
       .__bam_bootarea 00000000 00000008 00000280 00000000 00000000          2
                 .init 00000020 00000000 00000288 00003000 00003000          0
             .init_vle 00000020 00000000 00000288 00000020 00000020          0
        .exec_vect_Vle 00001000 000000f4 00000290 00001000 00001000          3
                .vects 00002000 000003a8 00000388 00002000 00002000         16
             .text_vle 00003000 00006110 00000730 00003000 00003000         63
               .rodata 00009110 00000024 00006840 00009110 00009110       1306
                .ctors 00009134 00000000 00006864 00009134 00009134          0
                .dtors 00009134 00000000 00006864 00009134 00009134          0
               .sdata2 00009138 00000008 00006868 00009138 00009138       1308
                .sbss2 00009140 00000000 00006870 00009140 00009140          0
                 .data 40000000 000008c4 00006870 00009140 00009140       1309
                .sdata 400008c8 00000090 00007138 00009a08 00009a08       1422
                 .sbss 40000958 00000078 000071c8 00009a98 00009a98          0
                  .bss 400009d0 00000304 000071c8 00009a98 00009a98          0
      .PPC.EMB.apuinfo 00012028 00000000 000191f0 0001bac0 0001bac0          0
         .debug_abbrev          00000153 000071c8
           .debug_info          00004cb5 0000731b
        .debug_aranges          00000080 0000bfd0
           .debug_line          00008c55 0000c050
            .debug_loc          00000b8d 00014ca5
       .debug_pubnames          00000ff9 00015832


Linker generated symbols:
                   __argv 00003000
                    __env 00003000
               __DATA_ROM 00009140
               __DATA_RAM 40000000
               __DATA_END 40000958
              __BSS_START 40000958
                __BSS_END 40000cd4
                __SP_INIT 40014000
                 __SP_END 40013000
               __HEAP_END 40013000
            ___HEAP_START 003cfff0
              ___HEAP_END 40013000
               ___SP_INIT 40014000
                ___SP_END 40013000
              ___DATA_ROM 00009140
              ___DATA_RAM 40000000
              ___DATA_END 40000958
             ___BSS_START 40000958
               ___BSS_END 40000cd4
        _f___bam_bootarea 00000000
    _f___bam_bootarea_rom 00000000
        _e___bam_bootarea 00000008
                  _f_init 00000020
              _f_init_rom 00003000
                  _e_init 00000020
              _f_init_vle 00000020
          _f_init_vle_rom 00000020
              _e_init_vle 00000020
             _f_exec_vect 00001000
         _f_exec_vect_rom 00001000
             _e_exec_vect 00001000
         _f_exec_vect_Vle 00001000
     _f_exec_vect_Vle_rom 00001000
         _e_exec_vect_Vle 000010f4
                 _f_vects 00002000
             _f_vects_rom 00002000
                 _e_vects 000023a8
                  _f_text 00003000
              _f_text_rom 00003000
                  _e_text 00003000
              _f_text_vle 00003000
          _f_text_vle_rom 00003000
              _e_text_vle 00009110
                _f_rodata 00009110
            _f_rodata_rom 00009110
                _e_rodata 00009134
                 _f_ctors 00009134
             _f_ctors_rom 00009134
                 _e_ctors 00009134
                 _f_dtors 00009134
             _f_dtors_rom 00009134
                 _e_dtors 00009134
                _f_sdata2 00009138
            _f_sdata2_rom 00009138
                _e_sdata2 00009140
                 _f_sbss2 00009140
                 _e_sbss2 00009140
                  _f_data 40000000
              _f_data_rom 00009140
                  _e_data 400008c4
               _f_j_pdata 400008c4
           _f_j_pdata_rom 00009a04
               _e_j_pdata 400008c4
                 _f_sdata 400008c8
             _f_sdata_rom 00009a08
                 _e_sdata 40000958
                  _f_sbss 40000958
                  _e_sbss 400009d0
                   _f_bss 400009d0
                   _e_bss 40000cd4
                 _f_tibss 40000cd4
             _f_tibss_rom 00009a98
                 _e_tibss 40000cd4
                _f_tidata 40000cd4
            _f_tidata_rom 00009a98
                _e_tidata 40000cd4
              _stack_addr 003dfff0
               _stack_end 003d7ff0
               _heap_addr 003cfff0
                _heap_end 003d7ff0
             _nbfunctions 00000086
           SIZEOF_HEADERS 00000280
               _SDA_BASE_ 400088c8
              _SDA2_BASE_ 00011138
           _ABS_SDA_BASE_ 400088c8
          _ABS_SDA2_BASE_ 00011138
                 _SP_INIT 003dfff0
             __HEAP_START 003cfff0
              __mem_limit 003d7ff0
           __stack_safety 00000010
